Archive member included because of file (symbol)

c:/program files (x86)/atmel/atmel studio 6.0/extensions/atmel/avrgcc/3.4.0.65/avrtoolchain/bin/../lib/gcc/avr/4.6.2/avrxmega7\libgcc.a(_udivmodsi4.o)
                              src/Menu.o (__udivmodsi4)
c:/program files (x86)/atmel/atmel studio 6.0/extensions/atmel/avrgcc/3.4.0.65/avrtoolchain/bin/../lib/gcc/avr/4.6.2/avrxmega7\libgcc.a(_exit.o)
                              c:/program files (x86)/atmel/atmel studio 6.0/extensions/atmel/avrgcc/3.4.0.65/avrtoolchain/bin/../lib/gcc/avr/4.6.2/../../../../avr/lib/avrxmega7/crtx128a1.o (exit)
c:/program files (x86)/atmel/atmel studio 6.0/extensions/atmel/avrgcc/3.4.0.65/avrtoolchain/bin/../lib/gcc/avr/4.6.2/avrxmega7\libgcc.a(_copy_data.o)
                              src/asf/common/boards/user_board/init.o (__do_copy_data)
c:/program files (x86)/atmel/atmel studio 6.0/extensions/atmel/avrgcc/3.4.0.65/avrtoolchain/bin/../lib/gcc/avr/4.6.2/avrxmega7\libgcc.a(_clear_bss.o)
                              src/asf/common/boards/user_board/init.o (__do_clear_bss)
c:/program files (x86)/atmel/atmel studio 6.0/extensions/atmel/avrgcc/3.4.0.65/avrtoolchain/bin/../lib/gcc/avr/4.6.2/avrxmega7\libgcc.a(_addsub_sf.o)
                              src/main.o (__addsf3)
c:/program files (x86)/atmel/atmel studio 6.0/extensions/atmel/avrgcc/3.4.0.65/avrtoolchain/bin/../lib/gcc/avr/4.6.2/avrxmega7\libgcc.a(_mul_sf.o)
                              src/main.o (__mulsf3)
c:/program files (x86)/atmel/atmel studio 6.0/extensions/atmel/avrgcc/3.4.0.65/avrtoolchain/bin/../lib/gcc/avr/4.6.2/avrxmega7\libgcc.a(_div_sf.o)
                              src/main.o (__divsf3)
c:/program files (x86)/atmel/atmel studio 6.0/extensions/atmel/avrgcc/3.4.0.65/avrtoolchain/bin/../lib/gcc/avr/4.6.2/avrxmega7\libgcc.a(_gt_sf.o)
                              src/main.o (__gtsf2)
c:/program files (x86)/atmel/atmel studio 6.0/extensions/atmel/avrgcc/3.4.0.65/avrtoolchain/bin/../lib/gcc/avr/4.6.2/avrxmega7\libgcc.a(_lt_sf.o)
                              src/main.o (__ltsf2)
c:/program files (x86)/atmel/atmel studio 6.0/extensions/atmel/avrgcc/3.4.0.65/avrtoolchain/bin/../lib/gcc/avr/4.6.2/avrxmega7\libgcc.a(_si_to_sf.o)
                              src/main.o (__floatsisf)
c:/program files (x86)/atmel/atmel studio 6.0/extensions/atmel/avrgcc/3.4.0.65/avrtoolchain/bin/../lib/gcc/avr/4.6.2/avrxmega7\libgcc.a(_sf_to_si.o)
                              src/main.o (__fixsfsi)
c:/program files (x86)/atmel/atmel studio 6.0/extensions/atmel/avrgcc/3.4.0.65/avrtoolchain/bin/../lib/gcc/avr/4.6.2/avrxmega7\libgcc.a(_thenan_sf.o)
                              c:/program files (x86)/atmel/atmel studio 6.0/extensions/atmel/avrgcc/3.4.0.65/avrtoolchain/bin/../lib/gcc/avr/4.6.2/avrxmega7\libgcc.a(_addsub_sf.o) (__thenan_sf)
c:/program files (x86)/atmel/atmel studio 6.0/extensions/atmel/avrgcc/3.4.0.65/avrtoolchain/bin/../lib/gcc/avr/4.6.2/avrxmega7\libgcc.a(_usi_to_sf.o)
                              src/main.o (__floatunsisf)
c:/program files (x86)/atmel/atmel studio 6.0/extensions/atmel/avrgcc/3.4.0.65/avrtoolchain/bin/../lib/gcc/avr/4.6.2/avrxmega7\libgcc.a(_prologue.o)
                              c:/program files (x86)/atmel/atmel studio 6.0/extensions/atmel/avrgcc/3.4.0.65/avrtoolchain/bin/../lib/gcc/avr/4.6.2/avrxmega7\libgcc.a(_addsub_sf.o) (__prologue_saves__)
c:/program files (x86)/atmel/atmel studio 6.0/extensions/atmel/avrgcc/3.4.0.65/avrtoolchain/bin/../lib/gcc/avr/4.6.2/avrxmega7\libgcc.a(_epilogue.o)
                              c:/program files (x86)/atmel/atmel studio 6.0/extensions/atmel/avrgcc/3.4.0.65/avrtoolchain/bin/../lib/gcc/avr/4.6.2/avrxmega7\libgcc.a(_addsub_sf.o) (__epilogue_restores__)
c:/program files (x86)/atmel/atmel studio 6.0/extensions/atmel/avrgcc/3.4.0.65/avrtoolchain/bin/../lib/gcc/avr/4.6.2/avrxmega7\libgcc.a(_clzsi2.o)
                              c:/program files (x86)/atmel/atmel studio 6.0/extensions/atmel/avrgcc/3.4.0.65/avrtoolchain/bin/../lib/gcc/avr/4.6.2/avrxmega7\libgcc.a(_si_to_sf.o) (__clzsi2)
c:/program files (x86)/atmel/atmel studio 6.0/extensions/atmel/avrgcc/3.4.0.65/avrtoolchain/bin/../lib/gcc/avr/4.6.2/avrxmega7\libgcc.a(_pack_sf.o)
                              c:/program files (x86)/atmel/atmel studio 6.0/extensions/atmel/avrgcc/3.4.0.65/avrtoolchain/bin/../lib/gcc/avr/4.6.2/avrxmega7\libgcc.a(_addsub_sf.o) (__pack_f)
c:/program files (x86)/atmel/atmel studio 6.0/extensions/atmel/avrgcc/3.4.0.65/avrtoolchain/bin/../lib/gcc/avr/4.6.2/avrxmega7\libgcc.a(_unpack_sf.o)
                              c:/program files (x86)/atmel/atmel studio 6.0/extensions/atmel/avrgcc/3.4.0.65/avrtoolchain/bin/../lib/gcc/avr/4.6.2/avrxmega7\libgcc.a(_addsub_sf.o) (__unpack_f)
c:/program files (x86)/atmel/atmel studio 6.0/extensions/atmel/avrgcc/3.4.0.65/avrtoolchain/bin/../lib/gcc/avr/4.6.2/avrxmega7\libgcc.a(_fpcmp_parts_sf.o)
[...]
Memory Configuration

Name             Origin             Length             Attributes
text             0x00000000         0x00100000         xr
data             0x00802000         0x0000ffa0         rw !x
eeprom           0x00810000         0x00010000         rw !x
fuse             0x00820000         0x00000400         rw !x
lock             0x00830000         0x00000400         rw !x
signature        0x00840000         0x00000400         rw !x
*default*        0x00000000         0xffffffff

Linker script and memory map

LOAD c:/program files (x86)/atmel/atmel studio 6.0/extensions/atmel/avrgcc/3.4.0.65/avrtoolchain/bin/../lib/gcc/avr/4.6.2/../../../../avr/lib/avrxmega7/crtx128a1.o
LOAD src/asf/common/boards/user_board/init.o
LOAD src/lcd.o
LOAD src/Menu.o
LOAD src/asf/common/services/clock/xmega/sysclk.o
LOAD src/asf/common/services/sleepmgr/xmega/sleepmgr.o
LOAD src/asf/xmega/drivers/adc/adc.o
LOAD src/asf/xmega/drivers/cpu/ccp.o
LOAD src/asf/xmega/drivers/ioport/ioport.o
LOAD src/asf/xmega/drivers/nvm/nvm.o
LOAD src/asf/xmega/drivers/nvm/nvm_asm.o
LOAD src/asf/xmega/drivers/spi/spi.o
LOAD src/asf/xmega/drivers/tc/tc.o
LOAD src/asf/xmega/drivers/usart/usart.o
LOAD src/asf/xmega/drivers/wdt/wdt.o
LOAD src/initialize.o
LOAD src/main.o
LOAD src/nrf24l01_L.o
START GROUP
END GROUP
LOAD c:/program files (x86)/atmel/atmel studio 6.0/extensions/atmel/avrgcc/3.4.0.65/avrtoolchain/bin/../lib/gcc/avr/4.6.2/avrxmega7\libgcc.a
LOAD c:/program files (x86)/atmel/atmel studio 6.0/extensions/atmel/avrgcc/3.4.0.65/avrtoolchain/bin/../lib/gcc/avr/4.6.2/../../../../avr/lib/avrxmega7\libc.a
LOAD c:/program files (x86)/atmel/atmel studio 6.0/extensions/atmel/avrgcc/3.4.0.65/avrtoolchain/bin/../lib/gcc/avr/4.6.2/avrxmega7\libgcc.a

.hash
 *(.hash)

.dynsym
 *(.dynsym)

.dynstr
 *(.dynstr)

.gnu.version
 *(.gnu.version)

.gnu.version_d
 *(.gnu.version_d)

.gnu.version_r
 *(.gnu.version_r)

.rel.init
 *(.rel.init)

.rela.init
 *(.rela.init)

.rel.text
 *(.rel.text)
 *(.rel.text.*)
 *(.rel.gnu.linkonce.t*)

.rela.text
 *(.rela.text)
 *(.rela.text.*)
 *(.rela.gnu.linkonce.t*)

.rel.fini
 *(.rel.fini)

.rela.fini
 *(.rela.fini)

.rel.rodata
 *(.rel.rodata)
 *(.rel.rodata.*)
 *(.rel.gnu.linkonce.r*)

.rela.rodata
 *(.rela.rodata)
 *(.rela.rodata.*)
 *(.rela.gnu.linkonce.r*)

.rel.data
 *(.rel.data)
 *(.rel.data.*)
 *(.rel.gnu.linkonce.d*)

.rela.data
 *(.rela.data)
 *(.rela.data.*)
 *(.rela.gnu.linkonce.d*)

.rel.ctors
 *(.rel.ctors)

.rela.ctors
 *(.rela.ctors)

.rel.dtors
 *(.rel.dtors)

.rela.dtors
 *(.rela.dtors)

.rel.got
 *(.rel.got)

.rela.got
 *(.rela.got)

.rel.bss
 *(.rel.bss)

.rela.bss
 *(.rela.bss)

.rel.plt
 *(.rel.plt)

.rela.plt
 *(.rela.plt)

.text           0x00000000     0x6a2e
 *(.vectors)
 .vectors       0x00000000      0x1f4 c:/program files (x86)/atmel/atmel studio 6.0/extensions/atmel/avrgcc/3.4.0.65/avrtoolchain/bin/../lib/gcc/avr/4.6.2/../../../../avr/lib/avrxmega7/crtx128a1.o
                0x00000000                __vector_default
                0x00000000                __vectors
 *(.vectors)
 *(.progmem.gcc*)
 *(.progmem*)
                0x000001f4                . = ALIGN (0x2)
                0x000001f4                __trampolines_start = .
 *(.trampolines)
 .trampolines   0x000001f4        0x0 linker stubs
 *(.trampolines*)
                0x000001f4                __trampolines_end = .
 *(.jumptables)
 *(.jumptables*)
 *(.lowtext)
 *(.lowtext*)
                0x000001f4                __ctors_start = .
 *(.ctors)
                0x000001f4                __ctors_end = .
                0x000001f4                __dtors_start = .
 *(.dtors)
                0x000001f4                __dtors_end = .
 SORT(*)(.ctors)
 SORT(*)(.dtors)
 *(.init0)
 .init0         0x000001f4        0x0 c:/program files (x86)/atmel/atmel studio 6.0/extensions/atmel/avrgcc/3.4.0.65/avrtoolchain/bin/../lib/gcc/avr/4.6.2/../../../../avr/lib/avrxmega7/crtx128a1.o
                0x000001f4                __init
 *(.init0)
 *(.init1)
 *(.init1)
 *(.init2)
 .init2         0x000001f4       0x18 c:/program files (x86)/atmel/atmel studio 6.0/extensions/atmel/avrgcc/3.4.0.65/avrtoolchain/bin/../lib/gcc/avr/4.6.2/../../../../avr/lib/avrxmega7/crtx128a1.o
 *(.init2)
 *(.init3)
 *(.init3)
 *(.init4)
 .init4         0x0000020c       0x1a c:/program files (x86)/atmel/atmel studio 6.0/extensions/atmel/avrgcc/3.4.0.65/avrtoolchain/bin/../lib/gcc/avr/4.6.2/avrxmega7\libgcc.a(_copy_data.o)
                0x0000020c                __do_copy_data
 .init4         0x00000226       0x10 c:/program files (x86)/atmel/atmel studio 6.0/extensions/atmel/avrgcc/3.4.0.65/avrtoolchain/bin/../lib/gcc/avr/4.6.2/avrxmega7\libgcc.a(_clear_bss.o)
                0x00000226                __do_clear_bss
 *(.init4)
 *(.init5)
 *(.init5)
 *(.init6)
 *(.init6)
 *(.init7)
 *(.init7)
 *(.init8)
 *(.init8)
 *(.init9)
 .init9         0x00000236        0x8 c:/program files (x86)/atmel/atmel studio 6.0/extensions/atmel/avrgcc/3.4.0.65/avrtoolchain/bin/../lib/gcc/avr/4.6.2/../../../../avr/lib/avrxmega7/crtx128a1.o
 *(.init9)
 *(.text)
 .text          0x0000023e        0x2 c:/program files (x86)/atmel/atmel studio 6.0/extensions/atmel/avrgcc/3.4.0.65/avrtoolchain/bin/../lib/gcc/avr/4.6.2/../../../../avr/lib/avrxmega7/crtx128a1.o
                0x0000023e                __vector_38
                0x0000023e                __vector_63
                0x0000023e                __vector_28
                0x0000023e                __vector_67
                0x0000023e                __vector_1
                0x0000023e                __vector_32
                0x0000023e                __vector_75
                0x0000023e                __vector_71
                0x0000023e                __vector_91
                0x0000023e                __vector_34
                0x0000023e                __vector_62
                0x0000023e                __vector_102
                0x0000023e                __vector_24
                0x0000023e                __vector_12
                0x0000023e                __vector_69
                0x0000023e                __vector_90
                0x0000023e                __vector_46
                0x0000023e                __bad_interrupt
                0x0000023e                __vector_122
                0x0000023e                __vector_72
                0x0000023e                __vector_6
                0x0000023e                __vector_31
                0x0000023e                __vector_92
                0x0000023e                __vector_35
                0x0000023e                __vector_74
                0x0000023e                __vector_39
                0x0000023e                __vector_107
                0x0000023e                __vector_3
                0x0000023e                __vector_105
                0x0000023e                __vector_98
                0x0000023e                __vector_68
                0x0000023e                __vector_30
                0x0000023e                __vector_73
                0x0000023e                __vector_45
                0x0000023e                __vector_25
                0x0000023e                __vector_93
                0x0000023e                __vector_61
                0x0000023e                __vector_11
                0x0000023e                __vector_99
                0x0000023e                __vector_13
                0x0000023e                __vector_7
                0x0000023e                __vector_123
                0x0000023e                __vector_41
                0x0000023e                __vector_101
                0x0000023e                __vector_64
                0x0000023e                __vector_88
                0x0000023e                __vector_27
                0x0000023e                __vector_5
                0x0000023e                __vector_33
                0x0000023e                __vector_76
                0x0000023e                __vector_37
                0x0000023e                __vector_103
                0x0000023e                __vector_89
                0x0000023e                __vector_4
                0x0000023e                __vector_44
                0x0000023e                __vector_106
                0x0000023e                __vector_118
                0x0000023e                __vector_9
                0x0000023e                __vector_66
                0x0000023e                __vector_36
                0x0000023e                __vector_58
                0x0000023e                __vector_70
                0x0000023e                __vector_29
                0x0000023e                __vector_60
                0x0000023e                __vector_121
                0x0000023e                __vector_40
                0x0000023e                __vector_8
                0x0000023e                __vector_26
                0x0000023e                __vector_124
                0x0000023e                __vector_57
                0x0000023e                __vector_10
                0x0000023e                __vector_59
                0x0000023e                __vector_42
                0x0000023e                __vector_87
                0x0000023e                __vector_65
                0x0000023e                __vector_120
 .text          0x00000240      0x36a c:/program files (x86)/atmel/atmel studio 6.0/extensions/atmel/avrgcc/3.4.0.65/avrtoolchain/bin/../lib/gcc/avr/4.6.2/avrxmega7\libgcc.a(_addsub_sf.o)
                0x000004e2                __addsf3
                0x00000542                __subsf3
 .text          0x000005aa      0x1fc c:/program files (x86)/atmel/atmel studio 6.0/extensions/atmel/avrgcc/3.4.0.65/avrtoolchain/bin/../lib/gcc/avr/4.6.2/avrxmega7\libgcc.a(_mul_sf.o)
                0x000005aa                __mulsf3
 .text          0x000007a6      0x150 c:/program files (x86)/atmel/atmel studio 6.0/extensions/atmel/avrgcc/3.4.0.65/avrtoolchain/bin/../lib/gcc/avr/4.6.2/avrxmega7\libgcc.a(_div_sf.o)
                0x000007a6                __divsf3
 .text          0x000008f6       0x5c c:/program files (x86)/atmel/atmel studio 6.0/extensions/atmel/avrgcc/3.4.0.65/avrtoolchain/bin/../lib/gcc/avr/4.6.2/avrxmega7\libgcc.a(_gt_sf.o)
                0x000008f6                __gtsf2
 .text          0x00000952       0x5c c:/program files (x86)/atmel/atmel studio 6.0/extensions/atmel/avrgcc/3.4.0.65/avrtoolchain/bin/../lib/gcc/avr/4.6.2/avrxmega7\libgcc.a(_lt_sf.o)
                0x00000952                __ltsf2
 .text          0x000009ae       0xde c:/program files (x86)/atmel/atmel studio 6.0/extensions/atmel/avrgcc/3.4.0.65/avrtoolchain/bin/../lib/gcc/avr/4.6.2/avrxmega7\libgcc.a(_si_to_sf.o)
                0x000009ae                __floatsisf
 .text          0x00000a8c       0xa0 c:/program files (x86)/atmel/atmel studio 6.0/extensions/atmel/avrgcc/3.4.0.65/avrtoolchain/bin/../lib/gcc/avr/4.6.2/avrxmega7\libgcc.a(_sf_to_si.o)
                0x00000a8c                __fixsfsi
 .text          0x00000b2c       0xf6 c:/program files (x86)/atmel/atmel studio 6.0/extensions/atmel/avrgcc/3.4.0.65/avrtoolchain/bin/../lib/gcc/avr/4.6.2/avrxmega7\libgcc.a(_usi_to_sf.o)
                0x00000b2c                __floatunsisf
 .text          0x00000c22       0xa6 c:/program files (x86)/atmel/atmel studio 6.0/extensions/atmel/avrgcc/3.4.0.65/avrtoolchain/bin/../lib/gcc/avr/4.6.2/avrxmega7\libgcc.a(_clzsi2.o)
                0x00000c22                __clzsi2
 .text          0x00000cc8      0x1ae c:/program files (x86)/atmel/atmel studio 6.0/extensions/atmel/avrgcc/3.4.0.65/avrtoolchain/bin/../lib/gcc/avr/4.6.2/avrxmega7\libgcc.a(_pack_sf.o)
                0x00000cc8                __pack_f
 .text          0x00000e76       0xd2 c:/program files (x86)/atmel/atmel studio 6.0/extensions/atmel/avrgcc/3.4.0.65/avrtoolchain/bin/../lib/gcc/avr/4.6.2/avrxmega7\libgcc.a(_unpack_sf.o)
                0x00000e76                __unpack_f
 .text          0x00000f48       0xba c:/program files (x86)/atmel/atmel studio 6.0/extensions/atmel/avrgcc/3.4.0.65/avrtoolchain/bin/../lib/gcc/avr/4.6.2/avrxmega7\libgcc.a(_fpcmp_parts_sf.o)
                0x00000f48                __fpcmp_parts_f
                0x00001002                . = ALIGN (0x2)
 *(.text.*)
 .text.LCDDataLines
                0x00001002       0x96 src/lcd.o
                0x00001002                LCDDataLines
 .text.LCDDirOut
                0x00001098       0x22 src/lcd.o
                0x00001098                LCDDirOut
 .text.LCDDirIn
                0x000010ba       0x22 src/lcd.o
                0x000010ba                LCDDirIn
 .text.LCDSendData
                0x000010dc       0x62 src/lcd.o
                0x000010dc                LCDSendData
 .text.LCDSendCommand
                0x0000113e       0x76 src/lcd.o
                0x0000113e                LCDSendCommand
 .text.LCDInit  0x000011b4       0xfe src/lcd.o
                0x000011b4                LCDInit
 .text.LCDStringRam
                0x000012b2       0x1c src/lcd.o
                0x000012b2                LCDStringRam
 .text.LCDGotoXY
                0x000012ce       0x1a src/lcd.o
                0x000012ce                LCDGotoXY
 .text.menu_check_sw
                0x000012e8       0x1c src/Menu.o
                0x000012e8                menu_check_sw
 .text.Menu_Display
                0x00001304       0x4a src/Menu.o
                0x00001304                Menu_Display
 .text.menu_table
                0x0000134e       0x16 src/Menu.o
                0x0000134e                menu_table
 .text.menu_check_status
                0x00001364      0x250 src/Menu.o
                0x00001364                menu_check_status
 .text.Menu_Reset
                0x000015b4       0x4c src/Menu.o
                0x000015b4                Menu_Reset
 .text.sysclk_enable_module
                0x00001600       0x16 src/asf/common/services/clock/xmega/sysclk.o
                0x00001600                sysclk_enable_module
 .text.sysclk_disable_module
                0x00001616       0x14 src/asf/common/services/clock/xmega/sysclk.o
                0x00001616                sysclk_disable_module
 .text.adc_enable_clock
                0x0000162a       0x42 src/asf/xmega/drivers/adc/adc.o
 .text.adc_disable_clock
                0x0000166c       0x3e src/asf/xmega/drivers/adc/adc.o
 .text.adc_enable
                0x000016aa       0x2e src/asf/xmega/drivers/adc/adc.o
                0x000016aa                adc_enable
 .text.adc_write_configuration
                0x000016d8       0xc4 src/asf/xmega/drivers/adc/adc.o
                0x000016d8                adc_write_configuration
 .text.adcch_write_configuration
                0x0000179c       0x6e src/asf/xmega/drivers/adc/adc.o
                0x0000179c                adcch_write_configuration
 .text.adcch_read_configuration
                0x0000180a       0x6e src/asf/xmega/drivers/adc/adc.o
                0x0000180a                adcch_read_configuration
 .text.ccp_write_io
                0x00001878        0xc src/asf/xmega/drivers/cpu/ccp.o
                0x00001878                ccp_write_io
 .text.nvm_read_byte
                0x00001884       0x14 src/asf/xmega/drivers/nvm/nvm_asm.o
                0x00001884                nvm_read_byte
 .text.spi_xmega_set_baud_div
                0x00001898       0x94 src/asf/xmega/drivers/spi/spi.o
                0x00001898                spi_xmega_set_baud_div
 .text.__vector_14
                0x0000192c       0x6a src/asf/xmega/drivers/tc/tc.o
                0x0000192c                __vector_14
 .text.__vector_15
                0x00001996       0x6a src/asf/xmega/drivers/tc/tc.o
                0x00001996                __vector_15
 .text.__vector_16
                0x00001a00       0x6a src/asf/xmega/drivers/tc/tc.o
                0x00001a00                __vector_16
 .text.__vector_17
                0x00001a6a       0x6a src/asf/xmega/drivers/tc/tc.o
                0x00001a6a                __vector_17
 .text.__vector_18
                0x00001ad4       0x6a src/asf/xmega/drivers/tc/tc.o
                0x00001ad4                __vector_18
 .text.__vector_19
                0x00001b3e       0x6a src/asf/xmega/drivers/tc/tc.o
                0x00001b3e                __vector_19
 .text.__vector_20
                0x00001ba8       0x6a src/asf/xmega/drivers/tc/tc.o
                0x00001ba8                __vector_20
 .text.__vector_21
                0x00001c12       0x6a src/asf/xmega/drivers/tc/tc.o
                0x00001c12                __vector_21
 .text.__vector_22
                0x00001c7c       0x6a src/asf/xmega/drivers/tc/tc.o
                0x00001c7c                __vector_22
 .text.__vector_23
                0x00001ce6       0x6a src/asf/xmega/drivers/tc/tc.o
                0x00001ce6                __vector_23
 .text.__vector_78
                0x00001d50       0x6a src/asf/xmega/drivers/tc/tc.o
                0x00001d50                __vector_78
 .text.__vector_79
                0x00001dba       0x6a src/asf/xmega/drivers/tc/tc.o
                0x00001dba                __vector_79
 .text.__vector_80
                0x00001e24       0x6a src/asf/xmega/drivers/tc/tc.o
                0x00001e24                __vector_80
 .text.__vector_81
                0x00001e8e       0x6a src/asf/xmega/drivers/tc/tc.o
                0x00001e8e                __vector_81
 .text.__vector_82
                0x00001ef8       0x6a src/asf/xmega/drivers/tc/tc.o
                0x00001ef8                __vector_82
 .text.__vector_83
                0x00001f62       0x6a src/asf/xmega/drivers/tc/tc.o
                0x00001f62                __vector_83
 .text.__vector_84
                0x00001fcc       0x6a src/asf/xmega/drivers/tc/tc.o
                0x00001fcc                __vector_84
 .text.__vector_85
                0x00002036       0x6a src/asf/xmega/drivers/tc/tc.o
                0x00002036                __vector_85
 .text.__vector_86
                0x000020a0       0x6a src/asf/xmega/drivers/tc/tc.o
                0x000020a0                __vector_86
 .text.__vector_47
                0x0000210a       0x6a src/asf/xmega/drivers/tc/tc.o
                0x0000210a                __vector_47
 .text.__vector_48
                0x00002174       0x6a src/asf/xmega/drivers/tc/tc.o
                0x00002174                __vector_48
 .text.__vector_49
                0x000021de       0x6a src/asf/xmega/drivers/tc/tc.o
                0x000021de                __vector_49
 .text.__vector_50
                0x00002248       0x6a src/asf/xmega/drivers/tc/tc.o
                0x00002248                __vector_50
 .text.__vector_51
                0x000022b2       0x6a src/asf/xmega/drivers/tc/tc.o
                0x000022b2                __vector_51
 .text.__vector_52
                0x0000231c       0x6a src/asf/xmega/drivers/tc/tc.o
                0x0000231c                __vector_52
 .text.__vector_53
                0x00002386       0x6a src/asf/xmega/drivers/tc/tc.o
                0x00002386                __vector_53
 .text.__vector_54
                0x000023f0       0x6a src/asf/xmega/drivers/tc/tc.o
                0x000023f0                __vector_54
 .text.__vector_55
                0x0000245a       0x6a src/asf/xmega/drivers/tc/tc.o
                0x0000245a                __vector_55
 .text.__vector_56
                0x000024c4       0x6a src/asf/xmega/drivers/tc/tc.o
                0x000024c4                __vector_56
 .text.__vector_108
                0x0000252e       0x6a src/asf/xmega/drivers/tc/tc.o
                0x0000252e                __vector_108
 .text.__vector_109
                0x00002598       0x6a src/asf/xmega/drivers/tc/tc.o
                0x00002598                __vector_109
 .text.__vector_110
                0x00002602       0x6a src/asf/xmega/drivers/tc/tc.o
                0x00002602                __vector_110
 .text.__vector_111
                0x0000266c       0x6a src/asf/xmega/drivers/tc/tc.o
                0x0000266c                __vector_111
 .text.__vector_112
                0x000026d6       0x6a src/asf/xmega/drivers/tc/tc.o
                0x000026d6                __vector_112
 .text.__vector_113
                0x00002740       0x6a src/asf/xmega/drivers/tc/tc.o
                0x00002740                __vector_113
 .text.__vector_114
                0x000027aa       0x6a src/asf/xmega/drivers/tc/tc.o
                0x000027aa                __vector_114
 .text.__vector_115
                0x00002814       0x6a src/asf/xmega/drivers/tc/tc.o
                0x00002814                __vector_115
 .text.__vector_116
                0x0000287e       0x6a src/asf/xmega/drivers/tc/tc.o
                0x0000287e                __vector_116
 .text.__vector_117
                0x000028e8       0x6a src/asf/xmega/drivers/tc/tc.o
                0x000028e8                __vector_117
 .text.tc_enable
                0x00002952      0x110 src/asf/xmega/drivers/tc/tc.o
                0x00002952                tc_enable
 .text.usart_putchar
                0x00002a62       0x10 src/asf/xmega/drivers/usart/usart.o
                0x00002a62                usart_putchar
 .text.usart_set_baudrate
                0x00002a72      0x240 src/asf/xmega/drivers/usart/usart.o
                0x00002a72                usart_set_baudrate
 .text.wdt_reset_mcu
                0x00002cb2       0x2c src/asf/xmega/drivers/wdt/wdt.o
                0x00002cb2                wdt_reset_mcu
 .text.En_RC32M
                0x00002cde       0x2a src/initialize.o
                0x00002cde                En_RC32M
 .text.PORT_init
                0x00002d08       0x8e src/initialize.o
                0x00002d08                PORT_init
 .text.TimerC0_init
                0x00002d96       0x34 src/initialize.o
                0x00002d96                TimerC0_init
 .text.TimerD0_init
                0x00002dca       0x32 src/initialize.o
                0x00002dca                TimerD0_init
 .text.SPI_Init
                0x00002dfc       0x32 src/initialize.o
                0x00002dfc                SPI_Init
 .text.USARTF0_init
                0x00002e2e       0x4a src/initialize.o
                0x00002e2e                USARTF0_init
 .text.USARTF1_init
                0x00002e78       0x3c src/initialize.o
                0x00002e78                USARTF1_init
 .text.ADCA_init
                0x00002eb4       0x92 src/initialize.o
                0x00002eb4                ADCA_init
 .text.main     0x00002f46     0x20bc src/main.o
                0x00002f46                main
 .text.__vector_43
                0x00005002      0xc1e src/main.o
                0x00005002                __vector_43
 .text.__vector_77
                0x00005c20      0x306 src/main.o
                0x00005c20                __vector_77
 .text.__vector_104
                0x00005f26       0x1c src/main.o
                0x00005f26                __vector_104
 .text.__vector_94
                0x00005f42       0x52 src/main.o
                0x00005f42                __vector_94
 .text.__vector_96
                0x00005f94       0x52 src/main.o
                0x00005f94                __vector_96
 .text.__vector_2
                0x00005fe6       0x52 src/main.o
                0x00005fe6                __vector_2
 .text.__vector_95
                0x00006038       0x52 src/main.o
                0x00006038                __vector_95
 .text.__vector_97
                0x0000608a       0x38 src/main.o
                0x0000608a                __vector_97
 .text.__vector_100
                0x000060c2       0x1c src/main.o
                0x000060c2                __vector_100
 .text.__vector_119
                0x000060de       0xe8 src/main.o
                0x000060de                __vector_119
 .text.SPI_L    0x000061c6       0x14 src/nrf24l01_L.o
                0x000061c6                SPI_L
 .text.NRF24L01_L_Flush_RX
                0x000061da       0x1c src/nrf24l01_L.o
                0x000061da                NRF24L01_L_Flush_RX
 .text.NRF24L01_L_Flush_TX
                0x000061f6       0x1c src/nrf24l01_L.o
                0x000061f6                NRF24L01_L_Flush_TX
 .text.NRF24L01_L_WriteRegBuf
                0x00006212       0x58 src/nrf24l01_L.o
                0x00006212                NRF24L01_L_WriteRegBuf
 .text.NRF24L01_L_Set_TX_Address
                0x0000626a        0xa src/nrf24l01_L.o
                0x0000626a                NRF24L01_L_Set_TX_Address
 .text.NRF24L01_L_ReadRegBuf
                0x00006274       0x5a src/nrf24l01_L.o
                0x00006274                NRF24L01_L_ReadRegBuf
 .text.NRF24L01_L_Read_RX_Buf
                0x000062ce        0xa src/nrf24l01_L.o
                0x000062ce                NRF24L01_L_Read_RX_Buf
 .text.NRF24L01_L_WriteReg
                0x000062d8       0x2c src/nrf24l01_L.o
                0x000062d8                NRF24L01_L_WriteReg
 .text.NRF24L01_L_Clear_Interrupts
                0x00006304        0x6 src/nrf24l01_L.o
                0x00006304                NRF24L01_L_Clear_Interrupts
 .text.NRF24L01_L_Set_Address_Width
                0x0000630a        0x6 src/nrf24l01_L.o
                0x0000630a                NRF24L01_L_Set_Address_Width
 .text.NRF24L01_L_Set_ShockBurst
                0x00006310       0x14 src/nrf24l01_L.o
                0x00006310                NRF24L01_L_Set_ShockBurst
 .text.NRF24L01_L_Set_CH
                0x00006324        0x8 src/nrf24l01_L.o
                0x00006324                NRF24L01_L_Set_CH
 .text.NRF24L01_L_ReadReg
                0x0000632c       0x1e src/nrf24l01_L.o
                0x0000632c                NRF24L01_L_ReadReg
 .text.NRF24L01_L_Set_RX_Pipe
                0x0000634a       0x52 src/nrf24l01_L.o
                0x0000634a                NRF24L01_L_Set_RX_Pipe
 .text.NRF24L01_L_Init
                0x0000639c       0x70 src/nrf24l01_L.o
                0x0000639c                NRF24L01_L_Init
 .text.libgcc   0x0000640c       0x44 c:/program files (x86)/atmel/atmel studio 6.0/extensions/atmel/avrgcc/3.4.0.65/avrtoolchain/bin/../lib/gcc/avr/4.6.2/avrxmega7\libgcc.a(_udivmodsi4.o)
                0x0000640c                __udivmodsi4
 .text.libgcc   0x00006450       0x32 c:/program files (x86)/atmel/atmel studio 6.0/extensions/atmel/avrgcc/3.4.0.65/avrtoolchain/bin/../lib/gcc/avr/4.6.2/avrxmega7\libgcc.a(_prologue.o)
                0x00006450                __prologue_saves__
 .text.libgcc   0x00006482       0x30 c:/program files (x86)/atmel/atmel studio 6.0/extensions/atmel/avrgcc/3.4.0.65/avrtoolchain/bin/../lib/gcc/avr/4.6.2/avrxmega7\libgcc.a(_epilogue.o)
                0x00006482                __epilogue_restores__
 .text.avr-libc
                0x000064b2       0x50 c:/program files (x86)/atmel/atmel studio 6.0/extensions/atmel/avrgcc/3.4.0.65/avrtoolchain/bin/../lib/gcc/avr/4.6.2/../../../../avr/lib/avrxmega7\libc.a(sprintf.o)
                0x000064b2                sprintf
 .text.avr-libc
                0x00006502      0x3e8 c:/program files (x86)/atmel/atmel studio 6.0/extensions/atmel/avrgcc/3.4.0.65/avrtoolchain/bin/../lib/gcc/avr/4.6.2/../../../../avr/lib/avrxmega7\libc.a(vfprintf_std.o)
                0x00006502                vfprintf
 .text.avr-libc
                0x000068ea       0x16 c:/program files (x86)/atmel/atmel studio 6.0/extensions/atmel/avrgcc/3.4.0.65/avrtoolchain/bin/../lib/gcc/avr/4.6.2/../../../../avr/lib/avrxmega7\libc.a(strnlen_P.o)
                0x000068ea                strnlen_P
 .text.avr-libc
                0x00006900       0x16 c:/program files (x86)/atmel/atmel studio 6.0/extensions/atmel/avrgcc/3.4.0.65/avrtoolchain/bin/../lib/gcc/avr/4.6.2/../../../../avr/lib/avrxmega7\libc.a(strnlen.o)
                0x00006900                strnlen
 .text.avr-libc
                0x00006916       0x58 c:/program files (x86)/atmel/atmel studio 6.0/extensions/atmel/avrgcc/3.4.0.65/avrtoolchain/bin/../lib/gcc/avr/4.6.2/../../../../avr/lib/avrxmega7\libc.a(fputc.o)
                0x00006916                fputc
 .text.avr-libc
                0x0000696e       0xbc c:/program files (x86)/atmel/atmel studio 6.0/extensions/atmel/avrgcc/3.4.0.65/avrtoolchain/bin/../lib/gcc/avr/4.6.2/../../../../avr/lib/avrxmega7\libc.a(ultoa_invert.o)
                0x0000696e                __ultoa_invert
                0x00006a2a                . = ALIGN (0x2)
 *(.fini9)
 .fini9         0x00006a2a        0x0 c:/program files (x86)/atmel/atmel studio 6.0/extensions/atmel/avrgcc/3.4.0.65/avrtoolchain/bin/../lib/gcc/avr/4.6.2/avrxmega7\libgcc.a(_exit.o)
                0x00006a2a                _exit
                0x00006a2a                exit
 *(.fini9)
 *(.fini8)
 *(.fini8)
 *(.fini7)
 *(.fini7)
 *(.fini6)
 *(.fini6)
 *(.fini5)
 *(.fini5)
 *(.fini4)
 *(.fini4)
 *(.fini3)
 *(.fini3)
 *(.fini2)
 *(.fini2)
 *(.fini1)
 *(.fini1)
 *(.fini0)
 .fini0         0x00006a2a        0x4 c:/program files (x86)/atmel/atmel studio 6.0/extensions/atmel/avrgcc/3.4.0.65/avrtoolchain/bin/../lib/gcc/avr/4.6.2/avrxmega7\libgcc.a(_exit.o)
 *(.fini0)
                0x00006a2e                _etext = .

.data           0x00802000      0x14c load address 0x00006a2e
                0x00802000                PROVIDE (__data_start, .)
 *(.data)
 .data          0x00802000        0xc src/main.o
 .data          0x0080200c        0x8 c:/program files (x86)/atmel/atmel studio 6.0/extensions/atmel/avrgcc/3.4.0.65/avrtoolchain/bin/../lib/gcc/avr/4.6.2/avrxmega7\libgcc.a(_thenan_sf.o)
                0x0080200c                __thenan_sf
 .data          0x00802014      0x100 c:/program files (x86)/atmel/atmel studio 6.0/extensions/atmel/avrgcc/3.4.0.65/avrtoolchain/bin/../lib/gcc/avr/4.6.2/avrxmega7\libgcc.a(_clz.o)
                0x00802014                __clz_tab
 *(.data*)
 .data.menu_index
                0x00802114        0x3 src/Menu.o
                0x00802114                menu_index
 .data.Seg      0x00802117       0x24 src/main.o
                0x00802117                Seg
 .data.Buzzer_Time
                0x0080213b        0x4 src/main.o
                0x0080213b                Buzzer_Time
 .data.LED_White_Time
                0x0080213f        0x4 src/main.o
                0x0080213f                LED_White_Time
 .data.LED_Green_Time
                0x00802143        0x4 src/main.o
                0x00802143                LED_Green_Time
 .data.LED_Red_Time
                0x00802147        0x4 src/main.o
                0x00802147                LED_Red_Time
 *(.rodata)
 *(.rodata*)
 *(.gnu.linkonce.d*)
                0x0080214c                . = ALIGN (0x2)
 *fill*         0x0080214b        0x1 00
                0x0080214c                _edata = .
                0x0080214c                PROVIDE (__data_end, .)

.bss            0x0080214c      0x3e9
                0x0080214c                PROVIDE (__bss_start, .)
 *(.bss)
 *(.bss*)
 .bss.menu_time
                0x0080214c        0x2 src/Menu.o
                0x0080214c                menu_time
 .bss.Menu_Cancel_flg
                0x0080214e        0x1 src/Menu.o
                0x0080214e                Menu_Cancel_flg
 .bss.Menu_Set_flg
                0x0080214f        0x1 src/Menu.o
                0x0080214f                Menu_Set_flg
 .bss.adca_enable_count
                0x00802150        0x1 src/asf/xmega/drivers/adc/adc.o
 .bss.adcb_enable_count
                0x00802151        0x1 src/asf/xmega/drivers/adc/adc.o
 .bss.tc_tcc0_ovf_callback
                0x00802152        0x2 src/asf/xmega/drivers/tc/tc.o
 .bss.tc_tcc0_err_callback
                0x00802154        0x2 src/asf/xmega/drivers/tc/tc.o
 .bss.tc_tcc0_cca_callback
                0x00802156        0x2 src/asf/xmega/drivers/tc/tc.o
 .bss.tc_tcc0_ccb_callback
                0x00802158        0x2 src/asf/xmega/drivers/tc/tc.o
 .bss.tc_tcc0_ccc_callback
                0x0080215a        0x2 src/asf/xmega/drivers/tc/tc.o
 .bss.tc_tcc0_ccd_callback
                0x0080215c        0x2 src/asf/xmega/drivers/tc/tc.o
 .bss.tc_tcc1_ovf_callback
                0x0080215e        0x2 src/asf/xmega/drivers/tc/tc.o
 .bss.tc_tcc1_err_callback
                0x00802160        0x2 src/asf/xmega/drivers/tc/tc.o
 .bss.tc_tcc1_cca_callback
                0x00802162        0x2 src/asf/xmega/drivers/tc/tc.o
 .bss.tc_tcc1_ccb_callback
                0x00802164        0x2 src/asf/xmega/drivers/tc/tc.o
 .bss.tc_tcd0_err_callback
                0x00802166        0x2 src/asf/xmega/drivers/tc/tc.o
 .bss.tc_tcd0_cca_callback
                0x00802168        0x2 src/asf/xmega/drivers/tc/tc.o
 .bss.tc_tcd0_ccb_callback
                0x0080216a        0x2 src/asf/xmega/drivers/tc/tc.o
 .bss.tc_tcd0_ccc_callback
                0x0080216c        0x2 src/asf/xmega/drivers/tc/tc.o
 .bss.tc_tcd0_ccd_callback
                0x0080216e        0x2 src/asf/xmega/drivers/tc/tc.o
 .bss.tc_tcd1_ovf_callback
                0x00802170        0x2 src/asf/xmega/drivers/tc/tc.o
 .bss.tc_tcd1_err_callback
                0x00802172        0x2 src/asf/xmega/drivers/tc/tc.o
 .bss.tc_tcd1_cca_callback
                0x00802174        0x2 src/asf/xmega/drivers/tc/tc.o
 .bss.tc_tcd1_ccb_callback
                0x00802176        0x2 src/asf/xmega/drivers/tc/tc.o
 .bss.tc_tce0_ovf_callback
                0x00802178        0x2 src/asf/xmega/drivers/tc/tc.o
 .bss.tc_tce0_err_callback
                0x0080217a        0x2 src/asf/xmega/drivers/tc/tc.o
 .bss.tc_tce0_cca_callback
                0x0080217c        0x2 src/asf/xmega/drivers/tc/tc.o
 .bss.tc_tce0_ccb_callback
                0x0080217e        0x2 src/asf/xmega/drivers/tc/tc.o
 .bss.tc_tce0_ccc_callback
                0x00802180        0x2 src/asf/xmega/drivers/tc/tc.o
 .bss.tc_tce0_ccd_callback
                0x00802182        0x2 src/asf/xmega/drivers/tc/tc.o
 .bss.tc_tce1_ovf_callback
                0x00802184        0x2 src/asf/xmega/drivers/tc/tc.o
 .bss.tc_tce1_err_callback
                0x00802186        0x2 src/asf/xmega/drivers/tc/tc.o
 .bss.tc_tce1_cca_callback
                0x00802188        0x2 src/asf/xmega/drivers/tc/tc.o
 .bss.tc_tce1_ccb_callback
                0x0080218a        0x2 src/asf/xmega/drivers/tc/tc.o
 .bss.tc_tcf0_ovf_callback
                0x0080218c        0x2 src/asf/xmega/drivers/tc/tc.o
 .bss.tc_tcf0_err_callback
                0x0080218e        0x2 src/asf/xmega/drivers/tc/tc.o
 .bss.tc_tcf0_cca_callback
                0x00802190        0x2 src/asf/xmega/drivers/tc/tc.o
 .bss.tc_tcf0_ccb_callback
                0x00802192        0x2 src/asf/xmega/drivers/tc/tc.o
 .bss.tc_tcf0_ccc_callback
                0x00802194        0x2 src/asf/xmega/drivers/tc/tc.o
 .bss.tc_tcf0_ccd_callback
                0x00802196        0x2 src/asf/xmega/drivers/tc/tc.o
 .bss.tc_tcf1_ovf_callback
                0x00802198        0x2 src/asf/xmega/drivers/tc/tc.o
 .bss.tc_tcf1_err_callback
                0x0080219a        0x2 src/asf/xmega/drivers/tc/tc.o
 .bss.tc_tcf1_cca_callback
                0x0080219c        0x2 src/asf/xmega/drivers/tc/tc.o
 .bss.tc_tcf1_ccb_callback
                0x0080219e        0x2 src/asf/xmega/drivers/tc/tc.o
 .bss.ask_cnt   0x008021a0        0x2 src/main.o
                0x008021a0                ask_cnt
 .bss.ctrlflg   0x008021a2        0x1 src/main.o
                0x008021a2                ctrlflg
 .bss.time_ms   0x008021a3        0x4 src/main.o
                0x008021a3                time_ms
 .bss.adc       0x008021a7        0x2 src/main.o
                0x008021a7                adc
 .bss.speed     0x008021a9        0x2 src/main.o
                0x008021a9                speed
 .bss.cnt       0x008021ab        0x2 src/main.o
                0x008021ab                cnt
 *(COMMON)
 COMMON         0x008021ad        0x1 src/Menu.o
                0x008021ad                disp
 COMMON         0x008021ae        0x6 src/asf/common/services/sleepmgr/xmega/sleepmgr.o
                0x008021ae                sleepmgr_locks
 COMMON         0x008021b4      0x381 src/main.o
                0x008021b4                buff_d_temp
                0x008021b6                Robot_D
                0x008022ca                buff_p
                0x008022cc                kd
                0x008022d0                kck_time
                0x008022d4                PCK_H
                0x008022d7                reply2
                0x008022d8                Robot_S_D_tmp2
                0x008022dd                tx3b
                0x008022de                Robot_Send_PCK
                0x008022e9                LED_Red_Speed
                0x008022eb                Circular_Buffer
                0x0080231a                tx1b
                0x0080231b                buff
                0x0080231d                tx2b
                0x0080231e                tx4b
                0x0080231f                rx
                0x0080232e                rx1
                0x00802331                Buzzer_Speed
                0x00802333                buff_u
                0x00802335                Robot_D_tmp
                0x00802449                Buf_Rx_L
                0x00802469                PCK_Speed
                0x0080246b                buff_d
                0x0080246d                timectrl
                0x0080246e                rx2
                0x00802471                buff_reply
                0x00802473                buff2
                0x00802474                Robot_S_D
                0x00802479                M0
                0x0080248a                tx1a
                0x0080248b                Buf_Tx_L
                0x008024ab                buff_p_temp
                0x008024ad                M3
                0x008024be                Address
                0x008024c3                buff_reply_tmp
                0x008024c5                ki
                0x008024c9                buff_i
                0x008024cb                tx2a
                0x008024cc                tx4a
                0x008024cd                rx4
                0x008024d0                PCK_S_H
                0x008024d3                reply2_tmp
                0x008024d4                buff_i_temp
                0x008024d6                LED_Green_Speed
                0x008024d8                buff_u_temp
                0x008024da                str
                0x00802502                flg_off
                0x00802504                LED_White_Speed
                0x00802506                tx3a
                0x00802507                M1
                0x00802518                Robot_S_D_tmp
                0x0080251d                M2
                0x0080252e                rx3
                0x00802531                kp
                0x00802535                PROVIDE (__bss_end, .)
                0x00006a2e                __data_load_start = LOADADDR (.data)
                0x00006b7a                __data_load_end = (__data_load_start + SIZEOF (.data))

.noinit         0x00802535        0x0
                0x00802535                PROVIDE (__noinit_start, .)
 *(.noinit*)
                0x00802535                PROVIDE (__noinit_end, .)
                0x00802535                _end = .
                0x00802535                PROVIDE (__heap_start, .)

.eeprom         0x00810000        0x0
 *(.eeprom*)
                0x00810000                __eeprom_end = .

.fuse
 *(.fuse)
 *(.lfuse)
 *(.hfuse)
 *(.efuse)

.lock
 *(.lock*)

.signature
 *(.signature*)

.stab           0x00000000      0xccc
 *(.stab)
 .stab          0x00000000      0x714 c:/program files (x86)/atmel/atmel studio 6.0/extensions/atmel/avrgcc/3.4.0.65/avrtoolchain/bin/../lib/gcc/avr/4.6.2/../../../../avr/lib/avrxmega7/crtx128a1.o
 .stab          0x00000714       0x9c c:/program files (x86)/atmel/atmel studio 6.0/extensions/atmel/avrgcc/3.4.0.65/avrtoolchain/bin/../lib/gcc/avr/4.6.2/../../../../avr/lib/avrxmega7\libc.a(strnlen_P.o)
                                 0xa8 (size before relaxing)
 .stab          0x000007b0       0x9c c:/program files (x86)/atmel/atmel studio 6.0/extensions/atmel/avrgcc/3.4.0.65/avrtoolchain/bin/../lib/gcc/avr/4.6.2/../../../../avr/lib/avrxmega7\libc.a(strnlen.o)
                                 0xa8 (size before relaxing)
 .stab          0x0000084c      0x480 c:/program files (x86)/atmel/atmel studio 6.0/extensions/atmel/avrgcc/3.4.0.65/avrtoolchain/bin/../lib/gcc/avr/4.6.2/../../../../avr/lib/avrxmega7\libc.a(ultoa_invert.o)
                                0x48c (size before relaxing)

.stabstr        0x00000000      0x218
 *(.stabstr)
 .stabstr       0x00000000      0x218 c:/program files (x86)/atmel/atmel studio 6.0/extensions/atmel/avrgcc/3.4.0.65/avrtoolchain/bin/../lib/gcc/avr/4.6.2/../../../../avr/lib/avrxmega7/crtx128a1.o

.stab.excl
 *(.stab.excl)

.stab.exclstr
 *(.stab.exclstr)

.stab.index
 *(.stab.index)

.stab.indexstr
 *(.stab.indexstr)

.comment
 *(.comment)

.debug
 *(.debug)

.line
 *(.line)

.debug_srcinfo
 *(.debug_srcinfo)

.debug_sfnames
 *(.debug_sfnames)

.debug_aranges  0x00000000      0x940
 *(.debug_aranges)
 .debug_aranges
                0x00000000       0xc8 src/lcd.o
 .debug_aranges
                0x000000c8       0xe0 src/Menu.o
 .debug_aranges
                0x000001a8       0x30 src/asf/common/services/clock/xmega/sysclk.o
 .debug_aranges
                0x000001d8       0x60 src/asf/xmega/drivers/adc/adc.o
 .debug_aranges
                0x00000238       0x20 src/asf/xmega/drivers/cpu/ccp.o
 .debug_aranges
                0x00000258       0x28 src/asf/xmega/drivers/nvm/nvm_asm.o
 .debug_aranges
                0x00000280       0x20 src/asf/xmega/drivers/spi/spi.o
 .debug_aranges
                0x000002a0      0x190 src/asf/xmega/drivers/tc/tc.o
 .debug_aranges
                0x00000430       0x58 src/asf/xmega/drivers/usart/usart.o
 .debug_aranges
                0x00000488       0x50 src/asf/xmega/drivers/wdt/wdt.o
 .debug_aranges
                0x000004d8       0x60 src/initialize.o
 .debug_aranges
                0x00000538       0x88 src/main.o
 .debug_aranges
                0x000005c0       0xe0 src/nrf24l01_L.o
 .debug_aranges
                0x000006a0       0x20 c:/program files (x86)/atmel/atmel studio 6.0/extensions/atmel/avrgcc/3.4.0.65/avrtoolchain/bin/../lib/gcc/avr/4.6.2/avrxmega7\libgcc.a(_udivmodsi4.o)
 .debug_aranges
                0x000006c0       0x20 c:/program files (x86)/atmel/atmel studio 6.0/extensions/atmel/avrgcc/3.4.0.65/avrtoolchain/bin/../lib/gcc/avr/4.6.2/avrxmega7\libgcc.a(_exit.o)
 .debug_aranges
                0x000006e0       0x20 c:/program files (x86)/atmel/atmel studio 6.0/extensions/atmel/avrgcc/3.4.0.65/avrtoolchain/bin/../lib/gcc/avr/4.6.2/avrxmega7\libgcc.a(_copy_data.o)
 .debug_aranges
                0x00000700       0x20 c:/program files (x86)/atmel/atmel studio 6.0/extensions/atmel/avrgcc/3.4.0.65/avrtoolchain/bin/../lib/gcc/avr/4.6.2/avrxmega7\libgcc.a(_clear_bss.o)
 .debug_aranges
                0x00000720       0x20 c:/program files (x86)/atmel/atmel studio 6.0/extensions/atmel/avrgcc/3.4.0.65/avrtoolchain/bin/../lib/gcc/avr/4.6.2/avrxmega7\libgcc.a(_addsub_sf.o)
 .debug_aranges
                0x00000740       0x20 c:/program files (x86)/atmel/atmel studio 6.0/extensions/atmel/avrgcc/3.4.0.65/avrtoolchain/bin/../lib/gcc/avr/4.6.2/avrxmega7\libgcc.a(_mul_sf.o)
 .debug_aranges
                0x00000760       0x20 c:/program files (x86)/atmel/atmel studio 6.0/extensions/atmel/avrgcc/3.4.0.65/avrtoolchain/bin/../lib/gcc/avr/4.6.2/avrxmega7\libgcc.a(_div_sf.o)
 .debug_aranges
                0x00000780       0x20 c:/program files (x86)/atmel/atmel studio 6.0/extensions/atmel/avrgcc/3.4.0.65/avrtoolchain/bin/../lib/gcc/avr/4.6.2/avrxmega7\libgcc.a(_gt_sf.o)
 .debug_aranges
                0x000007a0       0x20 c:/program files (x86)/atmel/atmel studio 6.0/extensions/atmel/avrgcc/3.4.0.65/avrtoolchain/bin/../lib/gcc/avr/4.6.2/avrxmega7\libgcc.a(_lt_sf.o)
 .debug_aranges
                0x000007c0       0x20 c:/program files (x86)/atmel/atmel studio 6.0/extensions/atmel/avrgcc/3.4.0.65/avrtoolchain/bin/../lib/gcc/avr/4.6.2/avrxmega7\libgcc.a(_si_to_sf.o)
 .debug_aranges
                0x000007e0       0x20 c:/program files (x86)/atmel/atmel studio 6.0/extensions/atmel/avrgcc/3.4.0.65/avrtoolchain/bin/../lib/gcc/avr/4.6.2/avrxmega7\libgcc.a(_sf_to_si.o)
 .debug_aranges
                0x00000800       0x20 c:/program files (x86)/atmel/atmel studio 6.0/extensions/atmel/avrgcc/3.4.0.65/avrtoolchain/bin/../lib/gcc/avr/4.6.2/avrxmega7\libgcc.a(_usi_to_sf.o)
 .debug_aranges
                0x00000820       0x20 c:/program files (x86)/atmel/atmel studio 6.0/extensions/atmel/avrgcc/3.4.0.65/avrtoolchain/bin/../lib/gcc/avr/4.6.2/avrxmega7\libgcc.a(_prologue.o)
 .debug_aranges
                0x00000840       0x20 c:/program files (x86)/atmel/atmel studio 6.0/extensions/atmel/avrgcc/3.4.0.65/avrtoolchain/bin/../lib/gcc/avr/4.6.2/avrxmega7\libgcc.a(_epilogue.o)
 .debug_aranges
                0x00000860       0x20 c:/program files (x86)/atmel/atmel studio 6.0/extensions/atmel/avrgcc/3.4.0.65/avrtoolchain/bin/../lib/gcc/avr/4.6.2/avrxmega7\libgcc.a(_clzsi2.o)
 .debug_aranges
                0x00000880       0x20 c:/program files (x86)/atmel/atmel studio 6.0/extensions/atmel/avrgcc/3.4.0.65/avrtoolchain/bin/../lib/gcc/avr/4.6.2/avrxmega7\libgcc.a(_pack_sf.o)
 .debug_aranges
                0x000008a0       0x20 c:/program files (x86)/atmel/atmel studio 6.0/extensions/atmel/avrgcc/3.4.0.65/avrtoolchain/bin/../lib/gcc/avr/4.6.2/avrxmega7\libgcc.a(_unpack_sf.o)
 .debug_aranges
                0x000008c0       0x20 c:/program files (x86)/atmel/atmel studio 6.0/extensions/atmel/avrgcc/3.4.0.65/avrtoolchain/bin/../lib/gcc/avr/4.6.2/avrxmega7\libgcc.a(_fpcmp_parts_sf.o)
 .debug_aranges
                0x000008e0       0x20 c:/program files (x86)/atmel/atmel studio 6.0/extensions/atmel/avrgcc/3.4.0.65/avrtoolchain/bin/../lib/gcc/avr/4.6.2/../../../../avr/lib/avrxmega7\libc.a(sprintf.o)
 .debug_aranges
                0x00000900       0x20 c:/program files (x86)/atmel/atmel studio 6.0/extensions/atmel/avrgcc/3.4.0.65/avrtoolchain/bin/../lib/gcc/avr/4.6.2/../../../../avr/lib/avrxmega7\libc.a(vfprintf_std.o)
 .debug_aranges
                0x00000920       0x20 c:/program files (x86)/atmel/atmel studio 6.0/extensions/atmel/avrgcc/3.4.0.65/avrtoolchain/bin/../lib/gcc/avr/4.6.2/../../../../avr/lib/avrxmega7\libc.a(fputc.o)

.debug_pubnames
 *(.debug_pubnames)

.debug_info     0x00000000     0xc29d
 *(.debug_info)
 .debug_info    0x00000000      0xb84 src/lcd.o
 .debug_info    0x00000b84      0x634 src/Menu.o
 .debug_info    0x000011b8      0x3a6 src/asf/common/services/clock/xmega/sysclk.o
 .debug_info    0x0000155e      0x154 src/asf/common/services/sleepmgr/xmega/sleepmgr.o
 .debug_info    0x000016b2      0xf04 src/asf/xmega/drivers/adc/adc.o
 .debug_info    0x000025b6       0x8e src/asf/xmega/drivers/cpu/ccp.o
 .debug_info    0x00002644       0x8e src/asf/xmega/drivers/nvm/nvm_asm.o
 .debug_info    0x000026d2      0x1ab src/asf/xmega/drivers/spi/spi.o
 .debug_info    0x0000287d     0x16ce src/asf/xmega/drivers/tc/tc.o
 .debug_info    0x00003f4b      0xbae src/asf/xmega/drivers/usart/usart.o
 .debug_info    0x00004af9      0x400 src/asf/xmega/drivers/wdt/wdt.o
 .debug_info    0x00004ef9     0x2265 src/initialize.o
 .debug_info    0x0000715e     0x186a src/main.o
 .debug_info    0x000089c8      0xaea src/nrf24l01_L.o
 .debug_info    0x000094b2       0xe2 c:/program files (x86)/atmel/atmel studio 6.0/extensions/atmel/avrgcc/3.4.0.65/avrtoolchain/bin/../lib/gcc/avr/4.6.2/avrxmega7\libgcc.a(_udivmodsi4.o)
 .debug_info    0x00009594       0xe2 c:/program files (x86)/atmel/atmel studio 6.0/extensions/atmel/avrgcc/3.4.0.65/avrtoolchain/bin/../lib/gcc/avr/4.6.2/avrxmega7\libgcc.a(_exit.o)
 .debug_info    0x00009676       0xe2 c:/program files (x86)/atmel/atmel studio 6.0/extensions/atmel/avrgcc/3.4.0.65/avrtoolchain/bin/../lib/gcc/avr/4.6.2/avrxmega7\libgcc.a(_copy_data.o)
 .debug_info    0x00009758       0xe2 c:/program files (x86)/atmel/atmel studio 6.0/extensions/atmel/avrgcc/3.4.0.65/avrtoolchain/bin/../lib/gcc/avr/4.6.2/avrxmega7\libgcc.a(_clear_bss.o)
 .debug_info    0x0000983a      0x455 c:/program files (x86)/atmel/atmel studio 6.0/extensions/atmel/avrgcc/3.4.0.65/avrtoolchain/bin/../lib/gcc/avr/4.6.2/avrxmega7\libgcc.a(_addsub_sf.o)
 .debug_info    0x00009c8f      0x3f8 c:/program files (x86)/atmel/atmel studio 6.0/extensions/atmel/avrgcc/3.4.0.65/avrtoolchain/bin/../lib/gcc/avr/4.6.2/avrxmega7\libgcc.a(_mul_sf.o)
 .debug_info    0x0000a087      0x37f c:/program files (x86)/atmel/atmel studio 6.0/extensions/atmel/avrgcc/3.4.0.65/avrtoolchain/bin/../lib/gcc/avr/4.6.2/avrxmega7\libgcc.a(_div_sf.o)
 .debug_info    0x0000a406      0x28a c:/program files (x86)/atmel/atmel studio 6.0/extensions/atmel/avrgcc/3.4.0.65/avrtoolchain/bin/../lib/gcc/avr/4.6.2/avrxmega7\libgcc.a(_gt_sf.o)
 .debug_info    0x0000a690      0x28a c:/program files (x86)/atmel/atmel studio 6.0/extensions/atmel/avrgcc/3.4.0.65/avrtoolchain/bin/../lib/gcc/avr/4.6.2/avrxmega7\libgcc.a(_lt_sf.o)
 .debug_info    0x0000a91a      0x22f c:/program files (x86)/atmel/atmel studio 6.0/extensions/atmel/avrgcc/3.4.0.65/avrtoolchain/bin/../lib/gcc/avr/4.6.2/avrxmega7\libgcc.a(_si_to_sf.o)
 .debug_info    0x0000ab49      0x2a5 c:/program files (x86)/atmel/atmel studio 6.0/extensions/atmel/avrgcc/3.4.0.65/avrtoolchain/bin/../lib/gcc/avr/4.6.2/avrxmega7\libgcc.a(_sf_to_si.o)
 .debug_info    0x0000adee      0x15e c:/program files (x86)/atmel/atmel studio 6.0/extensions/atmel/avrgcc/3.4.0.65/avrtoolchain/bin/../lib/gcc/avr/4.6.2/avrxmega7\libgcc.a(_thenan_sf.o)
 .debug_info    0x0000af4c      0x232 c:/program files (x86)/atmel/atmel studio 6.0/extensions/atmel/avrgcc/3.4.0.65/avrtoolchain/bin/../lib/gcc/avr/4.6.2/avrxmega7\libgcc.a(_usi_to_sf.o)
 .debug_info    0x0000b17e       0xe2 c:/program files (x86)/atmel/atmel studio 6.0/extensions/atmel/avrgcc/3.4.0.65/avrtoolchain/bin/../lib/gcc/avr/4.6.2/avrxmega7\libgcc.a(_prologue.o)
 .debug_info    0x0000b260       0xe2 c:/program files (x86)/atmel/atmel studio 6.0/extensions/atmel/avrgcc/3.4.0.65/avrtoolchain/bin/../lib/gcc/avr/4.6.2/avrxmega7\libgcc.a(_epilogue.o)
 .debug_info    0x0000b342      0x130 c:/program files (x86)/atmel/atmel studio 6.0/extensions/atmel/avrgcc/3.4.0.65/avrtoolchain/bin/../lib/gcc/avr/4.6.2/avrxmega7\libgcc.a(_clzsi2.o)
 .debug_info    0x0000b472      0x2d5 c:/program files (x86)/atmel/atmel studio 6.0/extensions/atmel/avrgcc/3.4.0.65/avrtoolchain/bin/../lib/gcc/avr/4.6.2/avrxmega7\libgcc.a(_pack_sf.o)
 .debug_info    0x0000b747      0x25c c:/program files (x86)/atmel/atmel studio 6.0/extensions/atmel/avrgcc/3.4.0.65/avrtoolchain/bin/../lib/gcc/avr/4.6.2/avrxmega7\libgcc.a(_unpack_sf.o)
 .debug_info    0x0000b9a3      0x1f4 c:/program files (x86)/atmel/atmel studio 6.0/extensions/atmel/avrgcc/3.4.0.65/avrtoolchain/bin/../lib/gcc/avr/4.6.2/avrxmega7\libgcc.a(_fpcmp_parts_sf.o)
 .debug_info    0x0000bb97       0xa6 c:/program files (x86)/atmel/atmel studio 6.0/extensions/atmel/avrgcc/3.4.0.65/avrtoolchain/bin/../lib/gcc/avr/4.6.2/avrxmega7\libgcc.a(_clz.o)
 .debug_info    0x0000bc3d      0x1b7 c:/program files (x86)/atmel/atmel studio 6.0/extensions/atmel/avrgcc/3.4.0.65/avrtoolchain/bin/../lib/gcc/avr/4.6.2/../../../../avr/lib/avrxmega7\libc.a(sprintf.o)
 .debug_info    0x0000bdf4      0x342 c:/program files (x86)/atmel/atmel studio 6.0/extensions/atmel/avrgcc/3.4.0.65/avrtoolchain/bin/../lib/gcc/avr/4.6.2/../../../../avr/lib/avrxmega7\libc.a(vfprintf_std.o)
 .debug_info    0x0000c136      0x167 c:/program files (x86)/atmel/atmel studio 6.0/extensions/atmel/avrgcc/3.4.0.65/avrtoolchain/bin/../lib/gcc/avr/4.6.2/../../../../avr/lib/avrxmega7\libc.a(fputc.o)
 *(.gnu.linkonce.wi.*)

.debug_abbrev   0x00000000     0x2ef8
 *(.debug_abbrev)
 .debug_abbrev  0x00000000      0x1bc src/lcd.o
 .debug_abbrev  0x000001bc      0x197 src/Menu.o
 .debug_abbrev  0x00000353      0x162 src/asf/common/services/clock/xmega/sysclk.o
 .debug_abbrev  0x000004b5       0x9b src/asf/common/services/sleepmgr/xmega/sleepmgr.o
 .debug_abbrev  0x00000550      0x2fb src/asf/xmega/drivers/adc/adc.o
 .debug_abbrev  0x0000084b       0x14 src/asf/xmega/drivers/cpu/ccp.o
 .debug_abbrev  0x0000085f       0x12 src/asf/xmega/drivers/nvm/nvm_asm.o
 .debug_abbrev  0x00000871       0xe3 src/asf/xmega/drivers/spi/spi.o
 .debug_abbrev  0x00000954      0x261 src/asf/xmega/drivers/tc/tc.o
 .debug_abbrev  0x00000bb5      0x2ee src/asf/xmega/drivers/usart/usart.o
 .debug_abbrev  0x00000ea3      0x126 src/asf/xmega/drivers/wdt/wdt.o
 .debug_abbrev  0x00000fc9      0x2fd src/initialize.o
 .debug_abbrev  0x000012c6      0x399 src/main.o
 .debug_abbrev  0x0000165f      0x2ea src/nrf24l01_L.o
 .debug_abbrev  0x00001949       0x14 c:/program files (x86)/atmel/atmel studio 6.0/extensions/atmel/avrgcc/3.4.0.65/avrtoolchain/bin/../lib/gcc/avr/4.6.2/avrxmega7\libgcc.a(_udivmodsi4.o)
 .debug_abbrev  0x0000195d       0x14 c:/program files (x86)/atmel/atmel studio 6.0/extensions/atmel/avrgcc/3.4.0.65/avrtoolchain/bin/../lib/gcc/avr/4.6.2/avrxmega7\libgcc.a(_exit.o)
 .debug_abbrev  0x00001971       0x14 c:/program files (x86)/atmel/atmel studio 6.0/extensions/atmel/avrgcc/3.4.0.65/avrtoolchain/bin/../lib/gcc/avr/4.6.2/avrxmega7\libgcc.a(_copy_data.o)
 .debug_abbrev  0x00001985       0x14 c:/program files (x86)/atmel/atmel studio 6.0/extensions/atmel/avrgcc/3.4.0.65/avrtoolchain/bin/../lib/gcc/avr/4.6.2/avrxmega7\libgcc.a(_clear_bss.o)
 .debug_abbrev  0x00001999      0x1af c:/program files (x86)/atmel/atmel studio 6.0/extensions/atmel/avrgcc/3.4.0.65/avrtoolchain/bin/../lib/gcc/avr/4.6.2/avrxmega7\libgcc.a(_addsub_sf.o)
 .debug_abbrev  0x00001b48      0x1d2 c:/program files (x86)/atmel/atmel studio 6.0/extensions/atmel/avrgcc/3.4.0.65/avrtoolchain/bin/../lib/gcc/avr/4.6.2/avrxmega7\libgcc.a(_mul_sf.o)
 .debug_abbrev  0x00001d1a      0x1c4 c:/program files (x86)/atmel/atmel studio 6.0/extensions/atmel/avrgcc/3.4.0.65/avrtoolchain/bin/../lib/gcc/avr/4.6.2/avrxmega7\libgcc.a(_div_sf.o)
 .debug_abbrev  0x00001ede      0x151 c:/program files (x86)/atmel/atmel studio 6.0/extensions/atmel/avrgcc/3.4.0.65/avrtoolchain/bin/../lib/gcc/avr/4.6.2/avrxmega7\libgcc.a(_gt_sf.o)
 .debug_abbrev  0x0000202f      0x151 c:/program files (x86)/atmel/atmel studio 6.0/extensions/atmel/avrgcc/3.4.0.65/avrtoolchain/bin/../lib/gcc/avr/4.6.2/avrxmega7\libgcc.a(_lt_sf.o)
 .debug_abbrev  0x00002180      0x162 c:/program files (x86)/atmel/atmel studio 6.0/extensions/atmel/avrgcc/3.4.0.65/avrtoolchain/bin/../lib/gcc/avr/4.6.2/avrxmega7\libgcc.a(_si_to_sf.o)
 .debug_abbrev  0x000022e2      0x160 c:/program files (x86)/atmel/atmel studio 6.0/extensions/atmel/avrgcc/3.4.0.65/avrtoolchain/bin/../lib/gcc/avr/4.6.2/avrxmega7\libgcc.a(_sf_to_si.o)
 .debug_abbrev  0x00002442       0xcb c:/program files (x86)/atmel/atmel studio 6.0/extensions/atmel/avrgcc/3.4.0.65/avrtoolchain/bin/../lib/gcc/avr/4.6.2/avrxmega7\libgcc.a(_thenan_sf.o)
 .debug_abbrev  0x0000250d      0x173 c:/program files (x86)/atmel/atmel studio 6.0/extensions/atmel/avrgcc/3.4.0.65/avrtoolchain/bin/../lib/gcc/avr/4.6.2/avrxmega7\libgcc.a(_usi_to_sf.o)
 .debug_abbrev  0x00002680       0x14 c:/program files (x86)/atmel/atmel studio 6.0/extensions/atmel/avrgcc/3.4.0.65/avrtoolchain/bin/../lib/gcc/avr/4.6.2/avrxmega7\libgcc.a(_prologue.o)
 .debug_abbrev  0x00002694       0x14 c:/program files (x86)/atmel/atmel studio 6.0/extensions/atmel/avrgcc/3.4.0.65/avrtoolchain/bin/../lib/gcc/avr/4.6.2/avrxmega7\libgcc.a(_epilogue.o)
 .debug_abbrev  0x000026a8       0xc1 c:/program files (x86)/atmel/atmel studio 6.0/extensions/atmel/avrgcc/3.4.0.65/avrtoolchain/bin/../lib/gcc/avr/4.6.2/avrxmega7\libgcc.a(_clzsi2.o)
 .debug_abbrev  0x00002769      0x192 c:/program files (x86)/atmel/atmel studio 6.0/extensions/atmel/avrgcc/3.4.0.65/avrtoolchain/bin/../lib/gcc/avr/4.6.2/avrxmega7\libgcc.a(_pack_sf.o)
 .debug_abbrev  0x000028fb      0x14b c:/program files (x86)/atmel/atmel studio 6.0/extensions/atmel/avrgcc/3.4.0.65/avrtoolchain/bin/../lib/gcc/avr/4.6.2/avrxmega7\libgcc.a(_unpack_sf.o)
 .debug_abbrev  0x00002a46      0x11a c:/program files (x86)/atmel/atmel studio 6.0/extensions/atmel/avrgcc/3.4.0.65/avrtoolchain/bin/../lib/gcc/avr/4.6.2/avrxmega7\libgcc.a(_fpcmp_parts_sf.o)
 .debug_abbrev  0x00002b60       0x61 c:/program files (x86)/atmel/atmel studio 6.0/extensions/atmel/avrgcc/3.4.0.65/avrtoolchain/bin/../lib/gcc/avr/4.6.2/avrxmega7\libgcc.a(_clz.o)
 .debug_abbrev  0x00002bc1       0xfd c:/program files (x86)/atmel/atmel studio 6.0/extensions/atmel/avrgcc/3.4.0.65/avrtoolchain/bin/../lib/gcc/avr/4.6.2/../../../../avr/lib/avrxmega7\libc.a(sprintf.o)
 .debug_abbrev  0x00002cbe      0x161 c:/program files (x86)/atmel/atmel studio 6.0/extensions/atmel/avrgcc/3.4.0.65/avrtoolchain/bin/../lib/gcc/avr/4.6.2/../../../../avr/lib/avrxmega7\libc.a(vfprintf_std.o)
 .debug_abbrev  0x00002e1f       0xd9 c:/program files (x86)/atmel/atmel studio 6.0/extensions/atmel/avrgcc/3.4.0.65/avrtoolchain/bin/../lib/gcc/avr/4.6.2/../../../../avr/lib/avrxmega7\libc.a(fputc.o)

.debug_line     0x00000000     0x7205
 *(.debug_line)
 .debug_line    0x00000000      0xaf7 src/lcd.o
 .debug_line    0x00000af7      0x920 src/Menu.o
 .debug_line    0x00001417      0x53d src/asf/common/services/clock/xmega/sysclk.o
 .debug_line    0x00001954      0x47f src/asf/common/services/sleepmgr/xmega/sleepmgr.o
 .debug_line    0x00001dd3      0x7a5 src/asf/xmega/drivers/adc/adc.o
 .debug_line    0x00002578       0x54 src/asf/xmega/drivers/cpu/ccp.o
 .debug_line    0x000025cc       0x8a src/asf/xmega/drivers/nvm/nvm_asm.o
 .debug_line    0x00002656      0x44a src/asf/xmega/drivers/spi/spi.o
 .debug_line    0x00002aa0      0xa47 src/asf/xmega/drivers/tc/tc.o
 .debug_line    0x000034e7      0x6f0 src/asf/xmega/drivers/usart/usart.o
 .debug_line    0x00003bd7      0x4ee src/asf/xmega/drivers/wdt/wdt.o
 .debug_line    0x000040c5      0x8b7 src/initialize.o
 .debug_line    0x0000497c      0xb41 src/main.o
 .debug_line    0x000054bd      0xa47 src/nrf24l01_L.o
 .debug_line    0x00005f04       0xa8 c:/program files (x86)/atmel/atmel studio 6.0/extensions/atmel/avrgcc/3.4.0.65/avrtoolchain/bin/../lib/gcc/avr/4.6.2/avrxmega7\libgcc.a(_udivmodsi4.o)
 .debug_line    0x00005fac       0x88 c:/program files (x86)/atmel/atmel studio 6.0/extensions/atmel/avrgcc/3.4.0.65/avrtoolchain/bin/../lib/gcc/avr/4.6.2/avrxmega7\libgcc.a(_exit.o)
 .debug_line    0x00006034       0x93 c:/program files (x86)/atmel/atmel studio 6.0/extensions/atmel/avrgcc/3.4.0.65/avrtoolchain/bin/../lib/gcc/avr/4.6.2/avrxmega7\libgcc.a(_copy_data.o)
 .debug_line    0x000060c7       0x8e c:/program files (x86)/atmel/atmel studio 6.0/extensions/atmel/avrgcc/3.4.0.65/avrtoolchain/bin/../lib/gcc/avr/4.6.2/avrxmega7\libgcc.a(_clear_bss.o)
 .debug_line    0x00006155      0x109 c:/program files (x86)/atmel/atmel studio 6.0/extensions/atmel/avrgcc/3.4.0.65/avrtoolchain/bin/../lib/gcc/avr/4.6.2/avrxmega7\libgcc.a(_addsub_sf.o)
 .debug_line    0x0000625e      0x109 c:/program files (x86)/atmel/atmel studio 6.0/extensions/atmel/avrgcc/3.4.0.65/avrtoolchain/bin/../lib/gcc/avr/4.6.2/avrxmega7\libgcc.a(_mul_sf.o)
 .debug_line    0x00006367       0xe2 c:/program files (x86)/atmel/atmel studio 6.0/extensions/atmel/avrgcc/3.4.0.65/avrtoolchain/bin/../lib/gcc/avr/4.6.2/avrxmega7\libgcc.a(_div_sf.o)
 .debug_line    0x00006449       0xad c:/program files (x86)/atmel/atmel studio 6.0/extensions/atmel/avrgcc/3.4.0.65/avrtoolchain/bin/../lib/gcc/avr/4.6.2/avrxmega7\libgcc.a(_gt_sf.o)
 .debug_line    0x000064f6       0xad c:/program files (x86)/atmel/atmel studio 6.0/extensions/atmel/avrgcc/3.4.0.65/avrtoolchain/bin/../lib/gcc/avr/4.6.2/avrxmega7\libgcc.a(_lt_sf.o)
 .debug_line    0x000065a3       0xb9 c:/program files (x86)/atmel/atmel studio 6.0/extensions/atmel/avrgcc/3.4.0.65/avrtoolchain/bin/../lib/gcc/avr/4.6.2/avrxmega7\libgcc.a(_si_to_sf.o)
 .debug_line    0x0000665c       0xb2 c:/program files (x86)/atmel/atmel studio 6.0/extensions/atmel/avrgcc/3.4.0.65/avrtoolchain/bin/../lib/gcc/avr/4.6.2/avrxmega7\libgcc.a(_sf_to_si.o)
 .debug_line    0x0000670e       0x8e c:/program files (x86)/atmel/atmel studio 6.0/extensions/atmel/avrgcc/3.4.0.65/avrtoolchain/bin/../lib/gcc/avr/4.6.2/avrxmega7\libgcc.a(_thenan_sf.o)
 .debug_line    0x0000679c       0xb8 c:/program files (x86)/atmel/atmel studio 6.0/extensions/atmel/avrgcc/3.4.0.65/avrtoolchain/bin/../lib/gcc/avr/4.6.2/avrxmega7\libgcc.a(_usi_to_sf.o)
 .debug_line    0x00006854       0xa1 c:/program files (x86)/atmel/atmel studio 6.0/extensions/atmel/avrgcc/3.4.0.65/avrtoolchain/bin/../lib/gcc/avr/4.6.2/avrxmega7\libgcc.a(_prologue.o)
 .debug_line    0x000068f5       0x9e c:/program files (x86)/atmel/atmel studio 6.0/extensions/atmel/avrgcc/3.4.0.65/avrtoolchain/bin/../lib/gcc/avr/4.6.2/avrxmega7\libgcc.a(_epilogue.o)
 .debug_line    0x00006993       0xb2 c:/program files (x86)/atmel/atmel studio 6.0/extensions/atmel/avrgcc/3.4.0.65/avrtoolchain/bin/../lib/gcc/avr/4.6.2/avrxmega7\libgcc.a(_clzsi2.o)
 .debug_line    0x00006a45       0xe6 c:/program files (x86)/atmel/atmel studio 6.0/extensions/atmel/avrgcc/3.4.0.65/avrtoolchain/bin/../lib/gcc/avr/4.6.2/avrxmega7\libgcc.a(_pack_sf.o)
 .debug_line    0x00006b2b       0xc1 c:/program files (x86)/atmel/atmel studio 6.0/extensions/atmel/avrgcc/3.4.0.65/avrtoolchain/bin/../lib/gcc/avr/4.6.2/avrxmega7\libgcc.a(_unpack_sf.o)
 .debug_line    0x00006bec       0xd6 c:/program files (x86)/atmel/atmel studio 6.0/extensions/atmel/avrgcc/3.4.0.65/avrtoolchain/bin/../lib/gcc/avr/4.6.2/avrxmega7\libgcc.a(_fpcmp_parts_sf.o)
 .debug_line    0x00006cc2       0x7a c:/program files (x86)/atmel/atmel studio 6.0/extensions/atmel/avrgcc/3.4.0.65/avrtoolchain/bin/../lib/gcc/avr/4.6.2/avrxmega7\libgcc.a(_clz.o)
 .debug_line    0x00006d3c      0x157 c:/program files (x86)/atmel/atmel studio 6.0/extensions/atmel/avrgcc/3.4.0.65/avrtoolchain/bin/../lib/gcc/avr/4.6.2/../../../../avr/lib/avrxmega7\libc.a(sprintf.o)
 .debug_line    0x00006e93      0x291 c:/program files (x86)/atmel/atmel studio 6.0/extensions/atmel/avrgcc/3.4.0.65/avrtoolchain/bin/../lib/gcc/avr/4.6.2/../../../../avr/lib/avrxmega7\libc.a(vfprintf_std.o)
 .debug_line    0x00007124       0xe1 c:/program files (x86)/atmel/atmel studio 6.0/extensions/atmel/avrgcc/3.4.0.65/avrtoolchain/bin/../lib/gcc/avr/4.6.2/../../../../avr/lib/avrxmega7\libc.a(fputc.o)

.debug_frame    0x00000000     0x2018
 *(.debug_frame)
 .debug_frame   0x00000000      0x210 src/lcd.o
 .debug_frame   0x00000210      0x1d4 src/Menu.o
 .debug_frame   0x000003e4       0x44 src/asf/common/services/clock/xmega/sysclk.o
 .debug_frame   0x00000428      0x144 src/asf/xmega/drivers/adc/adc.o
 .debug_frame   0x0000056c       0x4c src/asf/xmega/drivers/spi/spi.o
 .debug_frame   0x000005b8      0xe0c src/asf/xmega/drivers/tc/tc.o
 .debug_frame   0x000013c4      0x120 src/asf/xmega/drivers/usart/usart.o
 .debug_frame   0x000014e4       0x84 src/asf/xmega/drivers/wdt/wdt.o
 .debug_frame   0x00001568      0x11c src/initialize.o
 .debug_frame   0x00001684      0x2d8 src/main.o
 .debug_frame   0x0000195c      0x2ec src/nrf24l01_L.o
 .debug_frame   0x00001c48       0x78 c:/program files (x86)/atmel/atmel studio 6.0/extensions/atmel/avrgcc/3.4.0.65/avrtoolchain/bin/../lib/gcc/avr/4.6.2/avrxmega7\libgcc.a(_addsub_sf.o)
 .debug_frame   0x00001cc0       0x48 c:/program files (x86)/atmel/atmel studio 6.0/extensions/atmel/avrgcc/3.4.0.65/avrtoolchain/bin/../lib/gcc/avr/4.6.2/avrxmega7\libgcc.a(_mul_sf.o)
 .debug_frame   0x00001d08       0x38 c:/program files (x86)/atmel/atmel studio 6.0/extensions/atmel/avrgcc/3.4.0.65/avrtoolchain/bin/../lib/gcc/avr/4.6.2/avrxmega7\libgcc.a(_div_sf.o)
 .debug_frame   0x00001d40       0x2c c:/program files (x86)/atmel/atmel studio 6.0/extensions/atmel/avrgcc/3.4.0.65/avrtoolchain/bin/../lib/gcc/avr/4.6.2/avrxmega7\libgcc.a(_gt_sf.o)
 .debug_frame   0x00001d6c       0x2c c:/program files (x86)/atmel/atmel studio 6.0/extensions/atmel/avrgcc/3.4.0.65/avrtoolchain/bin/../lib/gcc/avr/4.6.2/avrxmega7\libgcc.a(_lt_sf.o)
 .debug_frame   0x00001d98       0x48 c:/program files (x86)/atmel/atmel studio 6.0/extensions/atmel/avrgcc/3.4.0.65/avrtoolchain/bin/../lib/gcc/avr/4.6.2/avrxmega7\libgcc.a(_si_to_sf.o)
 .debug_frame   0x00001de0       0x30 c:/program files (x86)/atmel/atmel studio 6.0/extensions/atmel/avrgcc/3.4.0.65/avrtoolchain/bin/../lib/gcc/avr/4.6.2/avrxmega7\libgcc.a(_sf_to_si.o)
 .debug_frame   0x00001e10       0x38 c:/program files (x86)/atmel/atmel studio 6.0/extensions/atmel/avrgcc/3.4.0.65/avrtoolchain/bin/../lib/gcc/avr/4.6.2/avrxmega7\libgcc.a(_usi_to_sf.o)
 .debug_frame   0x00001e48       0x44 c:/program files (x86)/atmel/atmel studio 6.0/extensions/atmel/avrgcc/3.4.0.65/avrtoolchain/bin/../lib/gcc/avr/4.6.2/avrxmega7\libgcc.a(_clzsi2.o)
 .debug_frame   0x00001e8c       0x44 c:/program files (x86)/atmel/atmel studio 6.0/extensions/atmel/avrgcc/3.4.0.65/avrtoolchain/bin/../lib/gcc/avr/4.6.2/avrxmega7\libgcc.a(_pack_sf.o)
 .debug_frame   0x00001ed0       0x24 c:/program files (x86)/atmel/atmel studio 6.0/extensions/atmel/avrgcc/3.4.0.65/avrtoolchain/bin/../lib/gcc/avr/4.6.2/avrxmega7\libgcc.a(_unpack_sf.o)
 .debug_frame   0x00001ef4       0x2c c:/program files (x86)/atmel/atmel studio 6.0/extensions/atmel/avrgcc/3.4.0.65/avrtoolchain/bin/../lib/gcc/avr/4.6.2/avrxmega7\libgcc.a(_fpcmp_parts_sf.o)
 .debug_frame   0x00001f20       0x3c c:/program files (x86)/atmel/atmel studio 6.0/extensions/atmel/avrgcc/3.4.0.65/avrtoolchain/bin/../lib/gcc/avr/4.6.2/../../../../avr/lib/avrxmega7\libc.a(sprintf.o)
 .debug_frame   0x00001f5c       0x84 c:/program files (x86)/atmel/atmel studio 6.0/extensions/atmel/avrgcc/3.4.0.65/avrtoolchain/bin/../lib/gcc/avr/4.6.2/../../../../avr/lib/avrxmega7\libc.a(vfprintf_std.o)
 .debug_frame   0x00001fe0       0x38 c:/program files (x86)/atmel/atmel studio 6.0/extensions/atmel/avrgcc/3.4.0.65/avrtoolchain/bin/../lib/gcc/avr/4.6.2/../../../../avr/lib/avrxmega7\libc.a(fputc.o)

.debug_str      0x00000000     0x3b8b
 *(.debug_str)
 .debug_str     0x00000000      0x302 src/lcd.o
                                0x358 (size before relaxing)
 .debug_str     0x00000302      0x2a4 src/Menu.o
                                0x465 (size before relaxing)
 .debug_str     0x000005a6      0x2e6 src/asf/common/services/clock/xmega/sysclk.o
                                0x3e8 (size before relaxing)
 .debug_str     0x0000088c       0xb3 src/asf/common/services/sleepmgr/xmega/sleepmgr.o
                                0x23f (size before relaxing)
 .debug_str     0x0000093f      0x7ca src/asf/xmega/drivers/adc/adc.o
                                0xaf5 (size before relaxing)
 .debug_str     0x00001109       0xe0 src/asf/xmega/drivers/spi/spi.o
                                0x202 (size before relaxing)
 .debug_str     0x000011e9      0x915 src/asf/xmega/drivers/tc/tc.o
                                0xce6 (size before relaxing)
 .debug_str     0x00001afe      0x571 src/asf/xmega/drivers/usart/usart.o
                                0x9ad (size before relaxing)
 .debug_str     0x0000206f      0x4dd src/asf/xmega/drivers/wdt/wdt.o
                                0x5e6 (size before relaxing)
 .debug_str     0x0000254c      0xb5f src/initialize.o
                               0x19c2 (size before relaxing)
 .debug_str     0x000030ab      0x3c1 src/main.o
                                0x8d3 (size before relaxing)
 .debug_str     0x0000346c      0x29b src/nrf24l01_L.o
                                0x5d1 (size before relaxing)
 .debug_str     0x00003707      0x1ac c:/program files (x86)/atmel/atmel studio 6.0/extensions/atmel/avrgcc/3.4.0.65/avrtoolchain/bin/../lib/gcc/avr/4.6.2/avrxmega7\libgcc.a(_addsub_sf.o)
                                0x248 (size before relaxing)
 .debug_str     0x000038b3       0x27 c:/program files (x86)/atmel/atmel studio 6.0/extensions/atmel/avrgcc/3.4.0.65/avrtoolchain/bin/../lib/gcc/avr/4.6.2/avrxmega7\libgcc.a(_mul_sf.o)
                                0x201 (size before relaxing)
 .debug_str     0x000038da       0x35 c:/program files (x86)/atmel/atmel studio 6.0/extensions/atmel/avrgcc/3.4.0.65/avrtoolchain/bin/../lib/gcc/avr/4.6.2/avrxmega7\libgcc.a(_div_sf.o)
                                0x20a (size before relaxing)
 .debug_str     0x0000390f        0x8 c:/program files (x86)/atmel/atmel studio 6.0/extensions/atmel/avrgcc/3.4.0.65/avrtoolchain/bin/../lib/gcc/avr/4.6.2/avrxmega7\libgcc.a(_gt_sf.o)
                                0x1cf (size before relaxing)
 .debug_str     0x00003917        0x8 c:/program files (x86)/atmel/atmel studio 6.0/extensions/atmel/avrgcc/3.4.0.65/avrtoolchain/bin/../lib/gcc/avr/4.6.2/avrxmega7\libgcc.a(_lt_sf.o)
                                0x1cf (size before relaxing)
 .debug_str     0x0000391f       0x21 c:/program files (x86)/atmel/atmel studio 6.0/extensions/atmel/avrgcc/3.4.0.65/avrtoolchain/bin/../lib/gcc/avr/4.6.2/avrxmega7\libgcc.a(_si_to_sf.o)
                                0x1be (size before relaxing)
 .debug_str     0x00003940        0xa c:/program files (x86)/atmel/atmel studio 6.0/extensions/atmel/avrgcc/3.4.0.65/avrtoolchain/bin/../lib/gcc/avr/4.6.2/avrxmega7\libgcc.a(_sf_to_si.o)
                                0x1d8 (size before relaxing)
 .debug_str     0x00000000      0x17a c:/program files (x86)/atmel/atmel studio 6.0/extensions/atmel/avrgcc/3.4.0.65/avrtoolchain/bin/../lib/gcc/avr/4.6.2/avrxmega7\libgcc.a(_thenan_sf.o)
 .debug_str     0x0000394a       0x14 c:/program files (x86)/atmel/atmel studio 6.0/extensions/atmel/avrgcc/3.4.0.65/avrtoolchain/bin/../lib/gcc/avr/4.6.2/avrxmega7\libgcc.a(_usi_to_sf.o)
                                0x1ba (size before relaxing)
 .debug_str     0x0000395e       0x75 c:/program files (x86)/atmel/atmel studio 6.0/extensions/atmel/avrgcc/3.4.0.65/avrtoolchain/bin/../lib/gcc/avr/4.6.2/avrxmega7\libgcc.a(_clzsi2.o)
                                0x16d (size before relaxing)
 .debug_str     0x000039d3       0x10 c:/program files (x86)/atmel/atmel studio 6.0/extensions/atmel/avrgcc/3.4.0.65/avrtoolchain/bin/../lib/gcc/avr/4.6.2/avrxmega7\libgcc.a(_pack_sf.o)
                                0x1d7 (size before relaxing)
 .debug_str     0x000039e3        0xb c:/program files (x86)/atmel/atmel studio 6.0/extensions/atmel/avrgcc/3.4.0.65/avrtoolchain/bin/../lib/gcc/avr/4.6.2/avrxmega7\libgcc.a(_unpack_sf.o)
                                0x1b9 (size before relaxing)
 .debug_str     0x000039ee       0x10 c:/program files (x86)/atmel/atmel studio 6.0/extensions/atmel/avrgcc/3.4.0.65/avrtoolchain/bin/../lib/gcc/avr/4.6.2/avrxmega7\libgcc.a(_fpcmp_parts_sf.o)
                                0x19d (size before relaxing)
 .debug_str     0x00000000      0x150 c:/program files (x86)/atmel/atmel studio 6.0/extensions/atmel/avrgcc/3.4.0.65/avrtoolchain/bin/../lib/gcc/avr/4.6.2/avrxmega7\libgcc.a(_clz.o)
 .debug_str     0x000039fe       0x93 c:/program files (x86)/atmel/atmel studio 6.0/extensions/atmel/avrgcc/3.4.0.65/avrtoolchain/bin/../lib/gcc/avr/4.6.2/../../../../avr/lib/avrxmega7\libc.a(sprintf.o)
                                0x121 (size before relaxing)
 .debug_str     0x00003a91       0xa4 c:/program files (x86)/atmel/atmel studio 6.0/extensions/atmel/avrgcc/3.4.0.65/avrtoolchain/bin/../lib/gcc/avr/4.6.2/../../../../avr/lib/avrxmega7\libc.a(vfprintf_std.o)
                                0x16b (size before relaxing)
 .debug_str     0x00003b35       0x56 c:/program files (x86)/atmel/atmel studio 6.0/extensions/atmel/avrgcc/3.4.0.65/avrtoolchain/bin/../lib/gcc/avr/4.6.2/../../../../avr/lib/avrxmega7\libc.a(fputc.o)
                                 0xfb (size before relaxing)

.debug_loc      0x00000000     0x6a14
 *(.debug_loc)
 .debug_loc     0x00000000      0x767 src/lcd.o
 .debug_loc     0x00000767       0xdc src/Menu.o
 .debug_loc     0x00000843      0x158 src/asf/common/services/clock/xmega/sysclk.o
 .debug_loc     0x0000099b      0x74b src/asf/xmega/drivers/adc/adc.o
 .debug_loc     0x000010e6      0x133 src/asf/xmega/drivers/spi/spi.o
 .debug_loc     0x00001219     0x2223 src/asf/xmega/drivers/tc/tc.o
 .debug_loc     0x0000343c      0x97b src/asf/xmega/drivers/usart/usart.o
 .debug_loc     0x00003db7      0x142 src/asf/xmega/drivers/wdt/wdt.o
 .debug_loc     0x00003ef9      0x23d src/initialize.o
 .debug_loc     0x00004136      0x9d5 src/main.o
 .debug_loc     0x00004b0b      0xa09 src/nrf24l01_L.o
 .debug_loc     0x00005514      0x374 c:/program files (x86)/atmel/atmel studio 6.0/extensions/atmel/avrgcc/3.4.0.65/avrtoolchain/bin/../lib/gcc/avr/4.6.2/avrxmega7\libgcc.a(_addsub_sf.o)
 .debug_loc     0x00005888      0x1fb c:/program files (x86)/atmel/atmel studio 6.0/extensions/atmel/avrgcc/3.4.0.65/avrtoolchain/bin/../lib/gcc/avr/4.6.2/avrxmega7\libgcc.a(_mul_sf.o)
 .debug_loc     0x00005a83      0x143 c:/program files (x86)/atmel/atmel studio 6.0/extensions/atmel/avrgcc/3.4.0.65/avrtoolchain/bin/../lib/gcc/avr/4.6.2/avrxmega7\libgcc.a(_div_sf.o)
 .debug_loc     0x00005bc6       0x69 c:/program files (x86)/atmel/atmel studio 6.0/extensions/atmel/avrgcc/3.4.0.65/avrtoolchain/bin/../lib/gcc/avr/4.6.2/avrxmega7\libgcc.a(_gt_sf.o)
 .debug_loc     0x00005c2f       0x69 c:/program files (x86)/atmel/atmel studio 6.0/extensions/atmel/avrgcc/3.4.0.65/avrtoolchain/bin/../lib/gcc/avr/4.6.2/avrxmega7\libgcc.a(_lt_sf.o)
 .debug_loc     0x00005c98      0x123 c:/program files (x86)/atmel/atmel studio 6.0/extensions/atmel/avrgcc/3.4.0.65/avrtoolchain/bin/../lib/gcc/avr/4.6.2/avrxmega7\libgcc.a(_si_to_sf.o)
 .debug_loc     0x00005dbb       0x77 c:/program files (x86)/atmel/atmel studio 6.0/extensions/atmel/avrgcc/3.4.0.65/avrtoolchain/bin/../lib/gcc/avr/4.6.2/avrxmega7\libgcc.a(_sf_to_si.o)
 .debug_loc     0x00005e32       0xb7 c:/program files (x86)/atmel/atmel studio 6.0/extensions/atmel/avrgcc/3.4.0.65/avrtoolchain/bin/../lib/gcc/avr/4.6.2/avrxmega7\libgcc.a(_usi_to_sf.o)
 .debug_loc     0x00005ee9      0x139 c:/program files (x86)/atmel/atmel studio 6.0/extensions/atmel/avrgcc/3.4.0.65/avrtoolchain/bin/../lib/gcc/avr/4.6.2/avrxmega7\libgcc.a(_clzsi2.o)
 .debug_loc     0x00006022      0x1ec c:/program files (x86)/atmel/atmel studio 6.0/extensions/atmel/avrgcc/3.4.0.65/avrtoolchain/bin/../lib/gcc/avr/4.6.2/avrxmega7\libgcc.a(_pack_sf.o)
 .debug_loc     0x0000620e       0xe5 c:/program files (x86)/atmel/atmel studio 6.0/extensions/atmel/avrgcc/3.4.0.65/avrtoolchain/bin/../lib/gcc/avr/4.6.2/avrxmega7\libgcc.a(_unpack_sf.o)
 .debug_loc     0x000062f3       0x4a c:/program files (x86)/atmel/atmel studio 6.0/extensions/atmel/avrgcc/3.4.0.65/avrtoolchain/bin/../lib/gcc/avr/4.6.2/avrxmega7\libgcc.a(_fpcmp_parts_sf.o)
 .debug_loc     0x0000633d       0x55 c:/program files (x86)/atmel/atmel studio 6.0/extensions/atmel/avrgcc/3.4.0.65/avrtoolchain/bin/../lib/gcc/avr/4.6.2/../../../../avr/lib/avrxmega7\libc.a(sprintf.o)
 .debug_loc     0x00006392      0x5e9 c:/program files (x86)/atmel/atmel studio 6.0/extensions/atmel/avrgcc/3.4.0.65/avrtoolchain/bin/../lib/gcc/avr/4.6.2/../../../../avr/lib/avrxmega7\libc.a(vfprintf_std.o)
 .debug_loc     0x0000697b       0x99 c:/program files (x86)/atmel/atmel studio 6.0/extensions/atmel/avrgcc/3.4.0.65/avrtoolchain/bin/../lib/gcc/avr/4.6.2/../../../../avr/lib/avrxmega7\libc.a(fputc.o)

.debug_macinfo  0x00000000   0x19fffc
 *(.debug_macinfo)
 .debug_macinfo
                0x00000000    0x243ae src/lcd.o
 .debug_macinfo
                0x000243ae    0x240df src/Menu.o
 .debug_macinfo
                0x0004848d    0x2188f src/asf/common/services/clock/xmega/sysclk.o
 .debug_macinfo
                0x00069d1c    0x20f1d src/asf/common/services/sleepmgr/xmega/sleepmgr.o
 .debug_macinfo
                0x0008ac39    0x22119 src/asf/xmega/drivers/adc/adc.o
 .debug_macinfo
                0x000acd52    0x21142 src/asf/xmega/drivers/spi/spi.o
 .debug_macinfo
                0x000cde94    0x21cf8 src/asf/xmega/drivers/tc/tc.o
 .debug_macinfo
                0x000efb8c    0x21f48 src/asf/xmega/drivers/usart/usart.o
 .debug_macinfo
                0x00111ad4    0x20ba4 src/asf/xmega/drivers/wdt/wdt.o
 .debug_macinfo
                0x00132678    0x23e32 src/initialize.o
 .debug_macinfo
                0x001564aa    0x253c1 src/main.o
 .debug_macinfo
                0x0017b86b    0x24791 src/nrf24l01_L.o
OUTPUT(base1.elf elf32-avr)
LOAD linker stubs

.debug_ranges   0x00000000      0x6c0
 .debug_ranges  0x00000000       0xb8 src/lcd.o
 .debug_ranges  0x000000b8       0xd0 src/Menu.o
 .debug_ranges  0x00000188       0x20 src/asf/common/services/clock/xmega/sysclk.o
 .debug_ranges  0x000001a8       0x50 src/asf/xmega/drivers/adc/adc.o
 .debug_ranges  0x000001f8       0x20 src/asf/xmega/drivers/nvm/nvm_asm.o
 .debug_ranges  0x00000218       0x10 src/asf/xmega/drivers/spi/spi.o
 .debug_ranges  0x00000228      0x180 src/asf/xmega/drivers/tc/tc.o
 .debug_ranges  0x000003a8       0x48 src/asf/xmega/drivers/usart/usart.o
 .debug_ranges  0x000003f0       0x40 src/asf/xmega/drivers/wdt/wdt.o
 .debug_ranges  0x00000430       0x50 src/initialize.o
 .debug_ranges  0x00000480       0xd8 src/main.o
 .debug_ranges  0x00000558       0xd0 src/nrf24l01_L.o
 .debug_ranges  0x00000628       0x18 c:/program files (x86)/atmel/atmel studio 6.0/extensions/atmel/avrgcc/3.4.0.65/avrtoolchain/bin/../lib/gcc/avr/4.6.2/avrxmega7\libgcc.a(_mul_sf.o)
 .debug_ranges  0x00000640       0x38 c:/program files (x86)/atmel/atmel studio 6.0/extensions/atmel/avrgcc/3.4.0.65/avrtoolchain/bin/../lib/gcc/avr/4.6.2/avrxmega7\libgcc.a(_div_sf.o)
 .debug_ranges  0x00000678       0x18 c:/program files (x86)/atmel/atmel studio 6.0/extensions/atmel/avrgcc/3.4.0.65/avrtoolchain/bin/../lib/gcc/avr/4.6.2/avrxmega7\libgcc.a(_si_to_sf.o)
 .debug_ranges  0x00000690       0x10 c:/program files (x86)/atmel/atmel studio 6.0/extensions/atmel/avrgcc/3.4.0.65/avrtoolchain/bin/../lib/gcc/avr/4.6.2/../../../../avr/lib/avrxmega7\libc.a(sprintf.o)
 .debug_ranges  0x000006a0       0x10 c:/program files (x86)/atmel/atmel studio 6.0/extensions/atmel/avrgcc/3.4.0.65/avrtoolchain/bin/../lib/gcc/avr/4.6.2/../../../../avr/lib/avrxmega7\libc.a(vfprintf_std.o)
 .debug_ranges  0x000006b0       0x10 c:/program files (x86)/atmel/atmel studio 6.0/extensions/atmel/avrgcc/3.4.0.65/avrtoolchain/bin/../lib/gcc/avr/4.6.2/../../../../avr/lib/avrxmega7\libc.a(fputc.o)
