Archive member included because of file (symbol)

c:/program files (x86)/atmel/atmel toolchain/avr8 gcc/native/3.4.1056/avr8-gnu-toolchain/bin/../lib/gcc/avr/4.8.1/avrxmega7\libgcc.a(_udivmodsi4.o)
                              src/Menu.o (__udivmodsi4)
c:/program files (x86)/atmel/atmel toolchain/avr8 gcc/native/3.4.1056/avr8-gnu-toolchain/bin/../lib/gcc/avr/4.8.1/avrxmega7\libgcc.a(_exit.o)
                              c:/program files (x86)/atmel/atmel toolchain/avr8 gcc/native/3.4.1056/avr8-gnu-toolchain/bin/../lib/gcc/avr/4.8.1/../../../../avr/lib/avrxmega7/crtx128a1.o (exit)
c:/program files (x86)/atmel/atmel toolchain/avr8 gcc/native/3.4.1056/avr8-gnu-toolchain/bin/../lib/gcc/avr/4.8.1/avrxmega7\libgcc.a(_tablejump.o)
                              src/main.o (__tablejump2__)
c:/program files (x86)/atmel/atmel toolchain/avr8 gcc/native/3.4.1056/avr8-gnu-toolchain/bin/../lib/gcc/avr/4.8.1/avrxmega7\libgcc.a(_copy_data.o)
                              src/Menu.o (__do_copy_data)
c:/program files (x86)/atmel/atmel toolchain/avr8 gcc/native/3.4.1056/avr8-gnu-toolchain/bin/../lib/gcc/avr/4.8.1/avrxmega7\libgcc.a(_clear_bss.o)
                              src/Menu.o (__do_clear_bss)
c:/program files (x86)/atmel/atmel toolchain/avr8 gcc/native/3.4.1056/avr8-gnu-toolchain/bin/../lib/gcc/avr/4.8.1/../../../../avr/lib/avrxmega7\libm.a(addsf3.o)
                              src/main.o (__addsf3)
c:/program files (x86)/atmel/atmel toolchain/avr8 gcc/native/3.4.1056/avr8-gnu-toolchain/bin/../lib/gcc/avr/4.8.1/../../../../avr/lib/avrxmega7\libm.a(addsf3x.o)
                              c:/program files (x86)/atmel/atmel toolchain/avr8 gcc/native/3.4.1056/avr8-gnu-toolchain/bin/../lib/gcc/avr/4.8.1/../../../../avr/lib/avrxmega7\libm.a(addsf3.o) (__addsf3x)
c:/program files (x86)/atmel/atmel toolchain/avr8 gcc/native/3.4.1056/avr8-gnu-toolchain/bin/../lib/gcc/avr/4.8.1/../../../../avr/lib/avrxmega7\libm.a(fixsfsi.o)
                              src/main.o (__fixsfsi)
c:/program files (x86)/atmel/atmel toolchain/avr8 gcc/native/3.4.1056/avr8-gnu-toolchain/bin/../lib/gcc/avr/4.8.1/../../../../avr/lib/avrxmega7\libm.a(fixunssfsi.o)
                              c:/program files (x86)/atmel/atmel toolchain/avr8 gcc/native/3.4.1056/avr8-gnu-toolchain/bin/../lib/gcc/avr/4.8.1/../../../../avr/lib/avrxmega7\libm.a(fixsfsi.o) (__fixunssfsi)
c:/program files (x86)/atmel/atmel toolchain/avr8 gcc/native/3.4.1056/avr8-gnu-toolchain/bin/../lib/gcc/avr/4.8.1/../../../../avr/lib/avrxmega7\libm.a(floatsisf.o)
                              src/main.o (__floatsisf)
c:/program files (x86)/atmel/atmel toolchain/avr8 gcc/native/3.4.1056/avr8-gnu-toolchain/bin/../lib/gcc/avr/4.8.1/../../../../avr/lib/avrxmega7\libm.a(fp_inf.o)
                              c:/program files (x86)/atmel/atmel toolchain/avr8 gcc/native/3.4.1056/avr8-gnu-toolchain/bin/../lib/gcc/avr/4.8.1/../../../../avr/lib/avrxmega7\libm.a(addsf3x.o) (__fp_inf)
c:/program files (x86)/atmel/atmel toolchain/avr8 gcc/native/3.4.1056/avr8-gnu-toolchain/bin/../lib/gcc/avr/4.8.1/../../../../avr/lib/avrxmega7\libm.a(fp_nan.o)
                              c:/program files (x86)/atmel/atmel toolchain/avr8 gcc/native/3.4.1056/avr8-gnu-toolchain/bin/../lib/gcc/avr/4.8.1/../../../../avr/lib/avrxmega7\libm.a(addsf3x.o) (__fp_nan)
c:/program files (x86)/atmel/atmel toolchain/avr8 gcc/native/3.4.1056/avr8-gnu-toolchain/bin/../lib/gcc/avr/4.8.1/../../../../avr/lib/avrxmega7\libm.a(fp_pscA.o)
                              c:/program files (x86)/atmel/atmel toolchain/avr8 gcc/native/3.4.1056/avr8-gnu-toolchain/bin/../lib/gcc/avr/4.8.1/../../../../avr/lib/avrxmega7\libm.a(addsf3x.o) (__fp_pscA)
c:/program files (x86)/atmel/atmel toolchain/avr8 gcc/native/3.4.1056/avr8-gnu-toolchain/bin/../lib/gcc/avr/4.8.1/../../../../avr/lib/avrxmega7\libm.a(fp_pscB.o)
                              c:/program files (x86)/atmel/atmel toolchain/avr8 gcc/native/3.4.1056/avr8-gnu-toolchain/bin/../lib/gcc/avr/4.8.1/../../../../avr/lib/avrxmega7\libm.a(addsf3x.o) (__fp_pscB)
c:/program files (x86)/atmel/atmel toolchain/avr8 gcc/native/3.4.1056/avr8-gnu-toolchain/bin/../lib/gcc/avr/4.8.1/../../../../avr/lib/avrxmega7\libm.a(fp_round.o)
                              c:/program files (x86)/atmel/atmel toolchain/avr8 gcc/native/3.4.1056/avr8-gnu-toolchain/bin/../lib/gcc/avr/4.8.1/../../../../avr/lib/avrxmega7\libm.a(addsf3.o) (__fp_round)
c:/program files (x86)/atmel/atmel toolchain/avr8 gcc/native/3.4.1056/avr8-gnu-toolchain/bin/../lib/gcc/avr/4.8.1/../../../../avr/lib/avrxmega7\libm.a(fp_split3.o)
                              c:/program files (x86)/atmel/atmel toolchain/avr8 gcc/native/3.4.1056/avr8-gnu-toolchain/bin/../lib/gcc/avr/4.8.1/../../../../avr/lib/avrxmega7\libm.a(addsf3x.o) (__fp_split3)
c:/program files (x86)/atmel/atmel toolchain/avr8 gcc/native/3.4.1056/avr8-gnu-toolchain/bin/../lib/gcc/avr/4.8.1/../../../../avr/lib/avrxmega7\libm.a(fp_zero.o)
[...]
Memory Configuration

Name             Origin             Length             Attributes
text             0x00000000         0x00100000         xr
data             0x00802000         0x0000ffa0         rw !x
eeprom           0x00810000         0x00010000         rw !x
fuse             0x00820000         0x00000400         rw !x
lock             0x00830000         0x00000400         rw !x
signature        0x00840000         0x00000400         rw !x
user_signatures  0x00850000         0x00000400         rw !x
*default*        0x00000000         0xffffffff

Linker script and memory map

LOAD c:/program files (x86)/atmel/atmel toolchain/avr8 gcc/native/3.4.1056/avr8-gnu-toolchain/bin/../lib/gcc/avr/4.8.1/../../../../avr/lib/avrxmega7/crtx128a1.o
LOAD src/asf/common/boards/user_board/init.o
LOAD src/lcd.o
LOAD src/Menu.o
LOAD src/asf/common/services/clock/xmega/sysclk.o
LOAD src/asf/common/services/sleepmgr/xmega/sleepmgr.o
LOAD src/asf/xmega/drivers/adc/adc.o
LOAD src/asf/xmega/drivers/cpu/ccp.o
LOAD src/asf/xmega/drivers/ioport/ioport.o
LOAD src/asf/xmega/drivers/nvm/nvm.o
LOAD src/asf/xmega/drivers/nvm/nvm_asm.o
LOAD src/asf/xmega/drivers/spi/spi.o
LOAD src/asf/xmega/drivers/tc/tc.o
LOAD src/asf/xmega/drivers/usart/usart.o
LOAD src/asf/xmega/drivers/wdt/wdt.o
LOAD src/initialize.o
LOAD src/main.o
LOAD src/nrf24l01_L.o
START GROUP
END GROUP
START GROUP
LOAD c:/program files (x86)/atmel/atmel toolchain/avr8 gcc/native/3.4.1056/avr8-gnu-toolchain/bin/../lib/gcc/avr/4.8.1/avrxmega7\libgcc.a
LOAD c:/program files (x86)/atmel/atmel toolchain/avr8 gcc/native/3.4.1056/avr8-gnu-toolchain/bin/../lib/gcc/avr/4.8.1/../../../../avr/lib/avrxmega7\libm.a
LOAD c:/program files (x86)/atmel/atmel toolchain/avr8 gcc/native/3.4.1056/avr8-gnu-toolchain/bin/../lib/gcc/avr/4.8.1/../../../../avr/lib/avrxmega7\libc.a
END GROUP

.hash
 *(.hash)

.dynsym
 *(.dynsym)

.dynstr
 *(.dynstr)

.gnu.version
 *(.gnu.version)

.gnu.version_d
 *(.gnu.version_d)

.gnu.version_r
 *(.gnu.version_r)

.rel.init
 *(.rel.init)

.rela.init
 *(.rela.init)

.rel.text
 *(.rel.text)
 *(.rel.text.*)
 *(.rel.gnu.linkonce.t*)

.rela.text
 *(.rela.text)
 *(.rela.text.*)
 *(.rela.gnu.linkonce.t*)

.rel.fini
 *(.rel.fini)

.rela.fini
 *(.rela.fini)

.rel.rodata
 *(.rel.rodata)
 *(.rel.rodata.*)
 *(.rel.gnu.linkonce.r*)

.rela.rodata
 *(.rela.rodata)
 *(.rela.rodata.*)
 *(.rela.gnu.linkonce.r*)

.rel.data
 *(.rel.data)
 *(.rel.data.*)
 *(.rel.gnu.linkonce.d*)

.rela.data
 *(.rela.data)
 *(.rela.data.*)
 *(.rela.gnu.linkonce.d*)

.rel.ctors
 *(.rel.ctors)

.rela.ctors
 *(.rela.ctors)

.rel.dtors
 *(.rel.dtors)

.rela.dtors
 *(.rela.dtors)

.rel.got
 *(.rel.got)

.rela.got
 *(.rela.got)

.rel.bss
 *(.rel.bss)

.rela.bss
 *(.rela.bss)

.rel.plt
 *(.rel.plt)

.rela.plt
 *(.rela.plt)

.text           0x00000000     0x4ff0
 *(.vectors)
 .vectors       0x00000000      0x1f4 c:/program files (x86)/atmel/atmel toolchain/avr8 gcc/native/3.4.1056/avr8-gnu-toolchain/bin/../lib/gcc/avr/4.8.1/../../../../avr/lib/avrxmega7/crtx128a1.o
                0x00000000                __vector_default
                0x00000000                __vectors
 *(.vectors)
 *(.progmem.gcc*)
 .progmem.gcc_sw_table.__vector_119
                0x000001f4       0x14 src/main.o
                0x00000208                . = ALIGN (0x2)
                0x00000208                __trampolines_start = .
 *(.trampolines)
 .trampolines   0x00000208        0x0 linker stubs
 *(.trampolines*)
                0x00000208                __trampolines_end = .
 *(.progmem*)
                0x00000208                . = ALIGN (0x2)
 *(.jumptables)
 *(.jumptables*)
 *(.lowtext)
 *(.lowtext*)
                0x00000208                __ctors_start = .
 *(.ctors)
                0x00000208                __ctors_end = .
                0x00000208                __dtors_start = .
 *(.dtors)
                0x00000208                __dtors_end = .
 SORT(*)(.ctors)
 SORT(*)(.dtors)
 *(.init0)
 .init0         0x00000208        0x0 c:/program files (x86)/atmel/atmel toolchain/avr8 gcc/native/3.4.1056/avr8-gnu-toolchain/bin/../lib/gcc/avr/4.8.1/../../../../avr/lib/avrxmega7/crtx128a1.o
                0x00000208                __init
 *(.init0)
 *(.init1)
 *(.init1)
 *(.init2)
 .init2         0x00000208       0x18 c:/program files (x86)/atmel/atmel toolchain/avr8 gcc/native/3.4.1056/avr8-gnu-toolchain/bin/../lib/gcc/avr/4.8.1/../../../../avr/lib/avrxmega7/crtx128a1.o
 *(.init2)
 *(.init3)
 *(.init3)
 *(.init4)
 .init4         0x00000220       0x1c c:/program files (x86)/atmel/atmel toolchain/avr8 gcc/native/3.4.1056/avr8-gnu-toolchain/bin/../lib/gcc/avr/4.8.1/avrxmega7\libgcc.a(_copy_data.o)
                0x00000220                __do_copy_data
 .init4         0x0000023c       0x10 c:/program files (x86)/atmel/atmel toolchain/avr8 gcc/native/3.4.1056/avr8-gnu-toolchain/bin/../lib/gcc/avr/4.8.1/avrxmega7\libgcc.a(_clear_bss.o)
                0x0000023c                __do_clear_bss
 *(.init4)
 *(.init5)
 *(.init5)
 *(.init6)
 *(.init6)
 *(.init7)
 *(.init7)
 *(.init8)
 *(.init8)
 *(.init9)
 .init9         0x0000024c        0x8 c:/program files (x86)/atmel/atmel toolchain/avr8 gcc/native/3.4.1056/avr8-gnu-toolchain/bin/../lib/gcc/avr/4.8.1/../../../../avr/lib/avrxmega7/crtx128a1.o
 *(.init9)
 *(.text)
 .text          0x00000254        0x2 c:/program files (x86)/atmel/atmel toolchain/avr8 gcc/native/3.4.1056/avr8-gnu-toolchain/bin/../lib/gcc/avr/4.8.1/../../../../avr/lib/avrxmega7/crtx128a1.o
                0x00000254                __vector_38
                0x00000254                __vector_63
                0x00000254                __vector_28
                0x00000254                __vector_67
                0x00000254                __vector_1
                0x00000254                __vector_32
                0x00000254                __vector_75
                0x00000254                __vector_71
                0x00000254                __vector_91
                0x00000254                __vector_34
                0x00000254                __vector_62
                0x00000254                __vector_102
                0x00000254                __vector_24
                0x00000254                __vector_12
                0x00000254                __vector_69
                0x00000254                __vector_90
                0x00000254                __vector_46
                0x00000254                __bad_interrupt
                0x00000254                __vector_72
                0x00000254                __vector_6
                0x00000254                __vector_31
                0x00000254                __vector_92
                0x00000254                __vector_35
                0x00000254                __vector_74
                0x00000254                __vector_39
                0x00000254                __vector_107
                0x00000254                __vector_3
                0x00000254                __vector_105
                0x00000254                __vector_98
                0x00000254                __vector_68
                0x00000254                __vector_30
                0x00000254                __vector_73
                0x00000254                __vector_45
                0x00000254                __vector_25
                0x00000254                __vector_93
                0x00000254                __vector_61
                0x00000254                __vector_11
                0x00000254                __vector_99
                0x00000254                __vector_13
                0x00000254                __vector_7
                0x00000254                __vector_123
                0x00000254                __vector_41
                0x00000254                __vector_101
                0x00000254                __vector_64
                0x00000254                __vector_88
                0x00000254                __vector_27
                0x00000254                __vector_5
                0x00000254                __vector_33
                0x00000254                __vector_76
                0x00000254                __vector_37
                0x00000254                __vector_103
                0x00000254                __vector_89
                0x00000254                __vector_4
                0x00000254                __vector_44
                0x00000254                __vector_106
                0x00000254                __vector_118
                0x00000254                __vector_9
                0x00000254                __vector_66
                0x00000254                __vector_36
                0x00000254                __vector_70
                0x00000254                __vector_29
                0x00000254                __vector_60
                0x00000254                __vector_121
                0x00000254                __vector_40
                0x00000254                __vector_8
                0x00000254                __vector_26
                0x00000254                __vector_124
                0x00000254                __vector_57
                0x00000254                __vector_10
                0x00000254                __vector_59
                0x00000254                __vector_42
                0x00000254                __vector_87
                0x00000254                __vector_65
                0x00000254                __vector_120
                0x00000256                . = ALIGN (0x2)
 *(.text.*)
 .text.LCDDataLines
                0x00000256       0x7e src/lcd.o
                0x00000256                LCDDataLines
 .text.LCDDirOut
                0x000002d4       0x22 src/lcd.o
                0x000002d4                LCDDirOut
 .text.LCDDirIn
                0x000002f6       0x22 src/lcd.o
                0x000002f6                LCDDirIn
 .text.LCDSendData
                0x00000318       0x5e src/lcd.o
                0x00000318                LCDSendData
 .text.LCDSendCommand
                0x00000376       0x74 src/lcd.o
                0x00000376                LCDSendCommand
 .text.LCDInit  0x000003ea      0x102 src/lcd.o
                0x000003ea                LCDInit
 .text.LCDStringRam
                0x000004ec       0x1e src/lcd.o
                0x000004ec                LCDStringRam
 .text.LCDGotoXY
                0x0000050a       0x1c src/lcd.o
                0x0000050a                LCDGotoXY
 .text.menu_check_sw
                0x00000526       0x1e src/Menu.o
                0x00000526                menu_check_sw
 .text.Menu_Display
                0x00000544       0x42 src/Menu.o
                0x00000544                Menu_Display
 .text.menu_table
                0x00000586       0x16 src/Menu.o
                0x00000586                menu_table
 .text.Menu_Reset
                0x0000059c       0x4a src/Menu.o
                0x0000059c                Menu_Reset
 .text.menu_check_status
                0x000005e6      0x20e src/Menu.o
                0x000005e6                menu_check_status
 .text.sysclk_enable_module
                0x000007f4       0x16 src/asf/common/services/clock/xmega/sysclk.o
                0x000007f4                sysclk_enable_module
 .text.sysclk_disable_module
                0x0000080a       0x14 src/asf/common/services/clock/xmega/sysclk.o
                0x0000080a                sysclk_disable_module
 .text.adc_enable_clock
                0x0000081e       0x42 src/asf/xmega/drivers/adc/adc.o
 .text.adc_disable_clock
                0x00000860       0x3e src/asf/xmega/drivers/adc/adc.o
 .text.adc_enable
                0x0000089e       0x2e src/asf/xmega/drivers/adc/adc.o
                0x0000089e                adc_enable
 .text.adc_write_configuration
                0x000008cc       0xa2 src/asf/xmega/drivers/adc/adc.o
                0x000008cc                adc_write_configuration
 .text.adcch_write_configuration
                0x0000096e       0x60 src/asf/xmega/drivers/adc/adc.o
                0x0000096e                adcch_write_configuration
 .text.adcch_read_configuration
                0x000009ce       0x62 src/asf/xmega/drivers/adc/adc.o
                0x000009ce                adcch_read_configuration
 .text.ccp_write_io
                0x00000a30        0xc src/asf/xmega/drivers/cpu/ccp.o
                0x00000a30                ccp_write_io
 .text.nvm_read_byte
                0x00000a3c       0x14 src/asf/xmega/drivers/nvm/nvm_asm.o
                0x00000a3c                nvm_read_byte
 .text.spi_xmega_set_baud_div
                0x00000a50       0x90 src/asf/xmega/drivers/spi/spi.o
                0x00000a50                spi_xmega_set_baud_div
 .text.__vector_14
                0x00000ae0       0x70 src/asf/xmega/drivers/tc/tc.o
                0x00000ae0                __vector_14
 .text.__vector_15
                0x00000b50       0x70 src/asf/xmega/drivers/tc/tc.o
                0x00000b50                __vector_15
 .text.__vector_16
                0x00000bc0       0x70 src/asf/xmega/drivers/tc/tc.o
                0x00000bc0                __vector_16
 .text.__vector_17
                0x00000c30       0x70 src/asf/xmega/drivers/tc/tc.o
                0x00000c30                __vector_17
 .text.__vector_18
                0x00000ca0       0x70 src/asf/xmega/drivers/tc/tc.o
                0x00000ca0                __vector_18
 .text.__vector_19
                0x00000d10       0x70 src/asf/xmega/drivers/tc/tc.o
                0x00000d10                __vector_19
 .text.__vector_20
                0x00000d80       0x70 src/asf/xmega/drivers/tc/tc.o
                0x00000d80                __vector_20
 .text.__vector_21
                0x00000df0       0x70 src/asf/xmega/drivers/tc/tc.o
                0x00000df0                __vector_21
 .text.__vector_22
                0x00000e60       0x70 src/asf/xmega/drivers/tc/tc.o
                0x00000e60                __vector_22
 .text.__vector_23
                0x00000ed0       0x70 src/asf/xmega/drivers/tc/tc.o
                0x00000ed0                __vector_23
 .text.__vector_78
                0x00000f40       0x70 src/asf/xmega/drivers/tc/tc.o
                0x00000f40                __vector_78
 .text.__vector_79
                0x00000fb0       0x70 src/asf/xmega/drivers/tc/tc.o
                0x00000fb0                __vector_79
 .text.__vector_80
                0x00001020       0x70 src/asf/xmega/drivers/tc/tc.o
                0x00001020                __vector_80
 .text.__vector_81
                0x00001090       0x70 src/asf/xmega/drivers/tc/tc.o
                0x00001090                __vector_81
 .text.__vector_82
                0x00001100       0x70 src/asf/xmega/drivers/tc/tc.o
                0x00001100                __vector_82
 .text.__vector_83
                0x00001170       0x70 src/asf/xmega/drivers/tc/tc.o
                0x00001170                __vector_83
 .text.__vector_84
                0x000011e0       0x70 src/asf/xmega/drivers/tc/tc.o
                0x000011e0                __vector_84
 .text.__vector_85
                0x00001250       0x70 src/asf/xmega/drivers/tc/tc.o
                0x00001250                __vector_85
 .text.__vector_86
                0x000012c0       0x70 src/asf/xmega/drivers/tc/tc.o
                0x000012c0                __vector_86
 .text.__vector_47
                0x00001330       0x70 src/asf/xmega/drivers/tc/tc.o
                0x00001330                __vector_47
 .text.__vector_48
                0x000013a0       0x70 src/asf/xmega/drivers/tc/tc.o
                0x000013a0                __vector_48
 .text.__vector_49
                0x00001410       0x70 src/asf/xmega/drivers/tc/tc.o
                0x00001410                __vector_49
 .text.__vector_50
                0x00001480       0x70 src/asf/xmega/drivers/tc/tc.o
                0x00001480                __vector_50
 .text.__vector_51
                0x000014f0       0x70 src/asf/xmega/drivers/tc/tc.o
                0x000014f0                __vector_51
 .text.__vector_52
                0x00001560       0x70 src/asf/xmega/drivers/tc/tc.o
                0x00001560                __vector_52
 .text.__vector_53
                0x000015d0       0x70 src/asf/xmega/drivers/tc/tc.o
                0x000015d0                __vector_53
 .text.__vector_54
                0x00001640       0x70 src/asf/xmega/drivers/tc/tc.o
                0x00001640                __vector_54
 .text.__vector_55
                0x000016b0       0x70 src/asf/xmega/drivers/tc/tc.o
                0x000016b0                __vector_55
 .text.__vector_56
                0x00001720       0x70 src/asf/xmega/drivers/tc/tc.o
                0x00001720                __vector_56
 .text.__vector_108
                0x00001790       0x70 src/asf/xmega/drivers/tc/tc.o
                0x00001790                __vector_108
 .text.__vector_109
                0x00001800       0x70 src/asf/xmega/drivers/tc/tc.o
                0x00001800                __vector_109
 .text.__vector_110
                0x00001870       0x70 src/asf/xmega/drivers/tc/tc.o
                0x00001870                __vector_110
 .text.__vector_111
                0x000018e0       0x70 src/asf/xmega/drivers/tc/tc.o
                0x000018e0                __vector_111
 .text.__vector_112
                0x00001950       0x70 src/asf/xmega/drivers/tc/tc.o
                0x00001950                __vector_112
 .text.__vector_113
                0x000019c0       0x70 src/asf/xmega/drivers/tc/tc.o
                0x000019c0                __vector_113
 .text.__vector_114
                0x00001a30       0x70 src/asf/xmega/drivers/tc/tc.o
                0x00001a30                __vector_114
 .text.__vector_115
                0x00001aa0       0x70 src/asf/xmega/drivers/tc/tc.o
                0x00001aa0                __vector_115
 .text.__vector_116
                0x00001b10       0x70 src/asf/xmega/drivers/tc/tc.o
                0x00001b10                __vector_116
 .text.__vector_117
                0x00001b80       0x70 src/asf/xmega/drivers/tc/tc.o
                0x00001b80                __vector_117
 .text.tc_enable
                0x00001bf0      0x112 src/asf/xmega/drivers/tc/tc.o
                0x00001bf0                tc_enable
 .text.usart_putchar
                0x00001d02       0x10 src/asf/xmega/drivers/usart/usart.o
                0x00001d02                usart_putchar
 .text.usart_set_baudrate
                0x00001d12      0x214 src/asf/xmega/drivers/usart/usart.o
                0x00001d12                usart_set_baudrate
 .text.wdt_reset_mcu
                0x00001f26       0x2c src/asf/xmega/drivers/wdt/wdt.o
                0x00001f26                wdt_reset_mcu
 .text.En_RC32M
                0x00001f52       0x2a src/initialize.o
                0x00001f52                En_RC32M
 .text.PORT_init
                0x00001f7c       0x68 src/initialize.o
                0x00001f7c                PORT_init
 .text.TimerC0_init
                0x00001fe4       0x36 src/initialize.o
                0x00001fe4                TimerC0_init
 .text.TimerD0_init
                0x0000201a       0x34 src/initialize.o
                0x0000201a                TimerD0_init
 .text.SPI_Init
                0x0000204e       0x32 src/initialize.o
                0x0000204e                SPI_Init
 .text.USARTE0_init
                0x00002080       0x44 src/initialize.o
                0x00002080                USARTE0_init
 .text.USARTF0_init
                0x000020c4       0x4a src/initialize.o
                0x000020c4                USARTF0_init
 .text.USARTF1_init
                0x0000210e       0x4a src/initialize.o
                0x0000210e                USARTF1_init
 .text.ADCA_init
                0x00002158       0x92 src/initialize.o
                0x00002158                ADCA_init
 .text.__vector_43
                0x000021ea      0x8a8 src/main.o
                0x000021ea                __vector_43
 .text.__vector_77
                0x00002a92      0x35a src/main.o
                0x00002a92                __vector_77
 .text.__vector_104
                0x00002dec       0x1e src/main.o
                0x00002dec                __vector_104
 .text.__vector_94
                0x00002e0a       0x54 src/main.o
                0x00002e0a                __vector_94
 .text.__vector_96
                0x00002e5e       0x54 src/main.o
                0x00002e5e                __vector_96
 .text.__vector_2
                0x00002eb2       0x54 src/main.o
                0x00002eb2                __vector_2
 .text.__vector_95
                0x00002f06       0x54 src/main.o
                0x00002f06                __vector_95
 .text.__vector_97
                0x00002f5a       0xa6 src/main.o
                0x00002f5a                __vector_97
 .text.__vector_100
                0x00003000       0x1e src/main.o
                0x00003000                __vector_100
 .text.disp_ans
                0x0000301e      0x13c src/main.o
                0x0000301e                disp_ans
 .text.main     0x0000315a     0x107e src/main.o
                0x0000315a                main
 .text.__vector_119
                0x000041d8      0x18e src/main.o
                0x000041d8                __vector_119
 .text.__vector_122
                0x00004366      0x11e src/main.o
                0x00004366                __vector_122
 .text.__vector_58
                0x00004484       0x3c src/main.o
                0x00004484                __vector_58
 .text.NRF24L01_L_RF_TX
                0x000044c0       0x18 src/nrf24l01_L.o
                0x000044c0                NRF24L01_L_RF_TX
 .text.SPI_L    0x000044d8       0x14 src/nrf24l01_L.o
                0x000044d8                SPI_L
 .text.NRF24L01_L_ReadReg
                0x000044ec       0x1e src/nrf24l01_L.o
                0x000044ec                NRF24L01_L_ReadReg
 .text.NRF24L01_L_WriteReg
                0x0000450a       0x2c src/nrf24l01_L.o
                0x0000450a                NRF24L01_L_WriteReg
 .text.NRF24L01_L_Set_CH
                0x00004536        0xa src/nrf24l01_L.o
                0x00004536                NRF24L01_L_Set_CH
 .text.NRF24L01_L_Set_ShockBurst
                0x00004540       0x14 src/nrf24l01_L.o
                0x00004540                NRF24L01_L_Set_ShockBurst
 .text.NRF24L01_L_Set_Address_Width
                0x00004554        0x8 src/nrf24l01_L.o
                0x00004554                NRF24L01_L_Set_Address_Width
 .text.NRF24L01_L_Clear_Interrupts
                0x0000455c        0x8 src/nrf24l01_L.o
                0x0000455c                NRF24L01_L_Clear_Interrupts
 .text.NRF24L01_L_ReadRegBuf
                0x00004564       0x50 src/nrf24l01_L.o
                0x00004564                NRF24L01_L_ReadRegBuf
 .text.NRF24L01_L_Read_RX_Buf
                0x000045b4        0xa src/nrf24l01_L.o
                0x000045b4                NRF24L01_L_Read_RX_Buf
 .text.NRF24L01_L_WriteRegBuf
                0x000045be       0x4e src/nrf24l01_L.o
                0x000045be                NRF24L01_L_WriteRegBuf
 .text.NRF24L01_L_Set_RX_Pipe
                0x0000460c       0x54 src/nrf24l01_L.o
                0x0000460c                NRF24L01_L_Set_RX_Pipe
 .text.NRF24L01_L_Set_TX_Address
                0x00004660        0xa src/nrf24l01_L.o
                0x00004660                NRF24L01_L_Set_TX_Address
 .text.NRF24L01_L_Init_milad
                0x0000466a       0x76 src/nrf24l01_L.o
                0x0000466a                NRF24L01_L_Init_milad
 .text.NRF24L01_L_Write_TX_Buf
                0x000046e0        0xa src/nrf24l01_L.o
                0x000046e0                NRF24L01_L_Write_TX_Buf
 .text.NRF24L01_L_Flush_TX
                0x000046ea       0x1c src/nrf24l01_L.o
                0x000046ea                NRF24L01_L_Flush_TX
 .text.NRF24L01_L_Flush_RX
                0x00004706       0x1c src/nrf24l01_L.o
                0x00004706                NRF24L01_L_Flush_RX
 .text.libgcc.div
                0x00004722       0x44 c:/program files (x86)/atmel/atmel toolchain/avr8 gcc/native/3.4.1056/avr8-gnu-toolchain/bin/../lib/gcc/avr/4.8.1/avrxmega7\libgcc.a(_udivmodsi4.o)
                0x00004722                __udivmodsi4
 .text.libgcc   0x00004766        0xc c:/program files (x86)/atmel/atmel toolchain/avr8 gcc/native/3.4.1056/avr8-gnu-toolchain/bin/../lib/gcc/avr/4.8.1/avrxmega7\libgcc.a(_tablejump.o)
                0x00004766                __tablejump2__
                0x0000476a                __tablejump__
 .text.avr-libc.fplib
                0x00004772        0xa c:/program files (x86)/atmel/atmel toolchain/avr8 gcc/native/3.4.1056/avr8-gnu-toolchain/bin/../lib/gcc/avr/4.8.1/../../../../avr/lib/avrxmega7\libm.a(addsf3.o)
                0x00004772                __subsf3
                0x00004774                __addsf3
 .text.avr-libc.fplib
                0x0000477c       0xc0 c:/program files (x86)/atmel/atmel toolchain/avr8 gcc/native/3.4.1056/avr8-gnu-toolchain/bin/../lib/gcc/avr/4.8.1/../../../../avr/lib/avrxmega7\libm.a(addsf3x.o)
                0x00004796                __addsf3x
 .text.avr-libc.fplib
                0x0000483c        0xa c:/program files (x86)/atmel/atmel toolchain/avr8 gcc/native/3.4.1056/avr8-gnu-toolchain/bin/../lib/gcc/avr/4.8.1/../../../../avr/lib/avrxmega7\libm.a(fixsfsi.o)
                0x0000483c                __fixsfsi
 .text.avr-libc.fplib
                0x00004846       0x58 c:/program files (x86)/atmel/atmel toolchain/avr8 gcc/native/3.4.1056/avr8-gnu-toolchain/bin/../lib/gcc/avr/4.8.1/../../../../avr/lib/avrxmega7\libm.a(fixunssfsi.o)
                0x00004846                __fixunssfsi
 .text.avr-libc.fplib
                0x0000489e       0x7a c:/program files (x86)/atmel/atmel toolchain/avr8 gcc/native/3.4.1056/avr8-gnu-toolchain/bin/../lib/gcc/avr/4.8.1/../../../../avr/lib/avrxmega7\libm.a(floatsisf.o)
                0x0000489e                __floatunsisf
                0x000048a2                __floatsisf
 .text.avr-libc.fplib
                0x00004918        0xc c:/program files (x86)/atmel/atmel toolchain/avr8 gcc/native/3.4.1056/avr8-gnu-toolchain/bin/../lib/gcc/avr/4.8.1/../../../../avr/lib/avrxmega7\libm.a(fp_inf.o)
                0x00004918                __fp_inf
 .text.avr-libc.fplib
                0x00004924        0x6 c:/program files (x86)/atmel/atmel toolchain/avr8 gcc/native/3.4.1056/avr8-gnu-toolchain/bin/../lib/gcc/avr/4.8.1/../../../../avr/lib/avrxmega7\libm.a(fp_nan.o)
                0x00004924                __fp_nan
 .text.avr-libc.fplib
                0x0000492a        0xe c:/program files (x86)/atmel/atmel toolchain/avr8 gcc/native/3.4.1056/avr8-gnu-toolchain/bin/../lib/gcc/avr/4.8.1/../../../../avr/lib/avrxmega7\libm.a(fp_pscA.o)
                0x0000492a                __fp_pscA
 .text.avr-libc.fplib
                0x00004938        0xe c:/program files (x86)/atmel/atmel toolchain/avr8 gcc/native/3.4.1056/avr8-gnu-toolchain/bin/../lib/gcc/avr/4.8.1/../../../../avr/lib/avrxmega7\libm.a(fp_pscB.o)
                0x00004938                __fp_pscB
 .text.avr-libc.fplib
                0x00004946       0x22 c:/program files (x86)/atmel/atmel toolchain/avr8 gcc/native/3.4.1056/avr8-gnu-toolchain/bin/../lib/gcc/avr/4.8.1/../../../../avr/lib/avrxmega7\libm.a(fp_round.o)
                0x00004946                __fp_round
 .text.avr-libc.fplib
                0x00004968       0x44 c:/program files (x86)/atmel/atmel toolchain/avr8 gcc/native/3.4.1056/avr8-gnu-toolchain/bin/../lib/gcc/avr/4.8.1/../../../../avr/lib/avrxmega7\libm.a(fp_split3.o)
                0x00004968                __fp_split3
                0x00004978                __fp_splitA
 .text.avr-libc.fplib
                0x000049ac        0xe c:/program files (x86)/atmel/atmel toolchain/avr8 gcc/native/3.4.1056/avr8-gnu-toolchain/bin/../lib/gcc/avr/4.8.1/../../../../avr/lib/avrxmega7\libm.a(fp_zero.o)
                0x000049ac                __fp_zero
                0x000049ae                __fp_szero
 .text.avr-libc.fplib
                0x000049ba        0x4 c:/program files (x86)/atmel/atmel toolchain/avr8 gcc/native/3.4.1056/avr8-gnu-toolchain/bin/../lib/gcc/avr/4.8.1/../../../../avr/lib/avrxmega7\libm.a(mulsf3.o)
                0x000049ba                __mulsf3
 .text.avr-libc.fplib
                0x000049be       0xc2 c:/program files (x86)/atmel/atmel toolchain/avr8 gcc/native/3.4.1056/avr8-gnu-toolchain/bin/../lib/gcc/avr/4.8.1/../../../../avr/lib/avrxmega7\libm.a(mulsf3x.o)
                0x000049d2                __mulsf3x
                0x000049d6                __mulsf3_pse
 .text.avr-libc
                0x00004a80       0x50 c:/program files (x86)/atmel/atmel toolchain/avr8 gcc/native/3.4.1056/avr8-gnu-toolchain/bin/../lib/gcc/avr/4.8.1/../../../../avr/lib/avrxmega7\libc.a(sprintf.o)
                0x00004a80                sprintf
 .text.avr-libc
                0x00004ad0      0x3d0 c:/program files (x86)/atmel/atmel toolchain/avr8 gcc/native/3.4.1056/avr8-gnu-toolchain/bin/../lib/gcc/avr/4.8.1/../../../../avr/lib/avrxmega7\libc.a(vfprintf_std.o)
                0x00004ad0                vfprintf
 .text.avr-libc
                0x00004ea0       0x16 c:/program files (x86)/atmel/atmel toolchain/avr8 gcc/native/3.4.1056/avr8-gnu-toolchain/bin/../lib/gcc/avr/4.8.1/../../../../avr/lib/avrxmega7\libc.a(strnlen_P.o)
                0x00004ea0                strnlen_P
 .text.avr-libc
                0x00004eb6       0x16 c:/program files (x86)/atmel/atmel toolchain/avr8 gcc/native/3.4.1056/avr8-gnu-toolchain/bin/../lib/gcc/avr/4.8.1/../../../../avr/lib/avrxmega7\libc.a(strnlen.o)
                0x00004eb6                strnlen
 .text.avr-libc
                0x00004ecc       0x64 c:/program files (x86)/atmel/atmel toolchain/avr8 gcc/native/3.4.1056/avr8-gnu-toolchain/bin/../lib/gcc/avr/4.8.1/../../../../avr/lib/avrxmega7\libc.a(fputc.o)
                0x00004ecc                fputc
 .text.avr-libc
                0x00004f30       0xbc c:/program files (x86)/atmel/atmel toolchain/avr8 gcc/native/3.4.1056/avr8-gnu-toolchain/bin/../lib/gcc/avr/4.8.1/../../../../avr/lib/avrxmega7\libc.a(ultoa_invert.o)
                0x00004f30                __ultoa_invert
                0x00004fec                . = ALIGN (0x2)
 *(.fini9)
 .fini9         0x00004fec        0x0 c:/program files (x86)/atmel/atmel toolchain/avr8 gcc/native/3.4.1056/avr8-gnu-toolchain/bin/../lib/gcc/avr/4.8.1/avrxmega7\libgcc.a(_exit.o)
                0x00004fec                _exit
                0x00004fec                exit
 *(.fini9)
 *(.fini8)
 *(.fini8)
 *(.fini7)
 *(.fini7)
 *(.fini6)
 *(.fini6)
 *(.fini5)
 *(.fini5)
 *(.fini4)
 *(.fini4)
 *(.fini3)
 *(.fini3)
 *(.fini2)
 *(.fini2)
 *(.fini1)
 *(.fini1)
 *(.fini0)
 .fini0         0x00004fec        0x4 c:/program files (x86)/atmel/atmel toolchain/avr8 gcc/native/3.4.1056/avr8-gnu-toolchain/bin/../lib/gcc/avr/4.8.1/avrxmega7\libgcc.a(_exit.o)
 *(.fini0)
                0x00004ff0                _etext = .

.data           0x00802000       0x6a load address 0x00004ff0
                0x00802000                PROVIDE (__data_start, .)
 *(.data)
 .data          0x00802000        0x0 c:/program files (x86)/atmel/atmel toolchain/avr8 gcc/native/3.4.1056/avr8-gnu-toolchain/bin/../lib/gcc/avr/4.8.1/../../../../avr/lib/avrxmega7/crtx128a1.o
 .data          0x00802000        0x0 src/asf/common/boards/user_board/init.o
 .data          0x00802000        0x0 src/lcd.o
 .data          0x00802000        0x0 src/Menu.o
 .data          0x00802000        0x0 src/asf/common/services/clock/xmega/sysclk.o
 .data          0x00802000        0x0 src/asf/common/services/sleepmgr/xmega/sleepmgr.o
 .data          0x00802000        0x0 src/asf/xmega/drivers/adc/adc.o
 .data          0x00802000        0x0 src/asf/xmega/drivers/cpu/ccp.o
 .data          0x00802000        0x0 src/asf/xmega/drivers/ioport/ioport.o
 .data          0x00802000        0x0 src/asf/xmega/drivers/nvm/nvm.o
 .data          0x00802000        0x0 src/asf/xmega/drivers/nvm/nvm_asm.o
 .data          0x00802000        0x0 src/asf/xmega/drivers/spi/spi.o
 .data          0x00802000        0x0 src/asf/xmega/drivers/tc/tc.o
 .data          0x00802000        0x0 src/asf/xmega/drivers/usart/usart.o
 .data          0x00802000        0x0 src/asf/xmega/drivers/wdt/wdt.o
 .data          0x00802000        0x0 src/initialize.o
 .data          0x00802000        0x0 src/main.o
 .data          0x00802000        0x0 src/nrf24l01_L.o
 .data          0x00802000        0x0 c:/program files (x86)/atmel/atmel toolchain/avr8 gcc/native/3.4.1056/avr8-gnu-toolchain/bin/../lib/gcc/avr/4.8.1/avrxmega7\libgcc.a(_udivmodsi4.o)
 .data          0x00802000        0x0 c:/program files (x86)/atmel/atmel toolchain/avr8 gcc/native/3.4.1056/avr8-gnu-toolchain/bin/../lib/gcc/avr/4.8.1/avrxmega7\libgcc.a(_exit.o)
 .data          0x00802000        0x0 c:/program files (x86)/atmel/atmel toolchain/avr8 gcc/native/3.4.1056/avr8-gnu-toolchain/bin/../lib/gcc/avr/4.8.1/avrxmega7\libgcc.a(_tablejump.o)
 .data          0x00802000        0x0 c:/program files (x86)/atmel/atmel toolchain/avr8 gcc/native/3.4.1056/avr8-gnu-toolchain/bin/../lib/gcc/avr/4.8.1/avrxmega7\libgcc.a(_copy_data.o)
 .data          0x00802000        0x0 c:/program files (x86)/atmel/atmel toolchain/avr8 gcc/native/3.4.1056/avr8-gnu-toolchain/bin/../lib/gcc/avr/4.8.1/avrxmega7\libgcc.a(_clear_bss.o)
 .data          0x00802000        0x0 c:/program files (x86)/atmel/atmel toolchain/avr8 gcc/native/3.4.1056/avr8-gnu-toolchain/bin/../lib/gcc/avr/4.8.1/../../../../avr/lib/avrxmega7\libm.a(addsf3.o)
 .data          0x00802000        0x0 c:/program files (x86)/atmel/atmel toolchain/avr8 gcc/native/3.4.1056/avr8-gnu-toolchain/bin/../lib/gcc/avr/4.8.1/../../../../avr/lib/avrxmega7\libm.a(addsf3x.o)
 .data          0x00802000        0x0 c:/program files (x86)/atmel/atmel toolchain/avr8 gcc/native/3.4.1056/avr8-gnu-toolchain/bin/../lib/gcc/avr/4.8.1/../../../../avr/lib/avrxmega7\libm.a(fixsfsi.o)
 .data          0x00802000        0x0 c:/program files (x86)/atmel/atmel toolchain/avr8 gcc/native/3.4.1056/avr8-gnu-toolchain/bin/../lib/gcc/avr/4.8.1/../../../../avr/lib/avrxmega7\libm.a(fixunssfsi.o)
 .data          0x00802000        0x0 c:/program files (x86)/atmel/atmel toolchain/avr8 gcc/native/3.4.1056/avr8-gnu-toolchain/bin/../lib/gcc/avr/4.8.1/../../../../avr/lib/avrxmega7\libm.a(floatsisf.o)
 .data          0x00802000        0x0 c:/program files (x86)/atmel/atmel toolchain/avr8 gcc/native/3.4.1056/avr8-gnu-toolchain/bin/../lib/gcc/avr/4.8.1/../../../../avr/lib/avrxmega7\libm.a(fp_inf.o)
 .data          0x00802000        0x0 c:/program files (x86)/atmel/atmel toolchain/avr8 gcc/native/3.4.1056/avr8-gnu-toolchain/bin/../lib/gcc/avr/4.8.1/../../../../avr/lib/avrxmega7\libm.a(fp_nan.o)
 .data          0x00802000        0x0 c:/program files (x86)/atmel/atmel toolchain/avr8 gcc/native/3.4.1056/avr8-gnu-toolchain/bin/../lib/gcc/avr/4.8.1/../../../../avr/lib/avrxmega7\libm.a(fp_pscA.o)
 .data          0x00802000        0x0 c:/program files (x86)/atmel/atmel toolchain/avr8 gcc/native/3.4.1056/avr8-gnu-toolchain/bin/../lib/gcc/avr/4.8.1/../../../../avr/lib/avrxmega7\libm.a(fp_pscB.o)
 .data          0x00802000        0x0 c:/program files (x86)/atmel/atmel toolchain/avr8 gcc/native/3.4.1056/avr8-gnu-toolchain/bin/../lib/gcc/avr/4.8.1/../../../../avr/lib/avrxmega7\libm.a(fp_round.o)
 .data          0x00802000        0x0 c:/program files (x86)/atmel/atmel toolchain/avr8 gcc/native/3.4.1056/avr8-gnu-toolchain/bin/../lib/gcc/avr/4.8.1/../../../../avr/lib/avrxmega7\libm.a(fp_split3.o)
 .data          0x00802000        0x0 c:/program files (x86)/atmel/atmel toolchain/avr8 gcc/native/3.4.1056/avr8-gnu-toolchain/bin/../lib/gcc/avr/4.8.1/../../../../avr/lib/avrxmega7\libm.a(fp_zero.o)
 .data          0x00802000        0x0 c:/program files (x86)/atmel/atmel toolchain/avr8 gcc/native/3.4.1056/avr8-gnu-toolchain/bin/../lib/gcc/avr/4.8.1/../../../../avr/lib/avrxmega7\libm.a(mulsf3.o)
 .data          0x00802000        0x0 c:/program files (x86)/atmel/atmel toolchain/avr8 gcc/native/3.4.1056/avr8-gnu-toolchain/bin/../lib/gcc/avr/4.8.1/../../../../avr/lib/avrxmega7\libm.a(mulsf3x.o)
 .data          0x00802000        0x0 c:/program files (x86)/atmel/atmel toolchain/avr8 gcc/native/3.4.1056/avr8-gnu-toolchain/bin/../lib/gcc/avr/4.8.1/../../../../avr/lib/avrxmega7\libc.a(memcpy.o)
 .data          0x00802000        0x0 c:/program files (x86)/atmel/atmel toolchain/avr8 gcc/native/3.4.1056/avr8-gnu-toolchain/bin/../lib/gcc/avr/4.8.1/../../../../avr/lib/avrxmega7\libc.a(sprintf.o)
 .data          0x00802000        0x0 c:/program files (x86)/atmel/atmel toolchain/avr8 gcc/native/3.4.1056/avr8-gnu-toolchain/bin/../lib/gcc/avr/4.8.1/../../../../avr/lib/avrxmega7\libc.a(vfprintf_std.o)
 .data          0x00802000        0x0 c:/program files (x86)/atmel/atmel toolchain/avr8 gcc/native/3.4.1056/avr8-gnu-toolchain/bin/../lib/gcc/avr/4.8.1/../../../../avr/lib/avrxmega7\libc.a(strnlen_P.o)
 .data          0x00802000        0x0 c:/program files (x86)/atmel/atmel toolchain/avr8 gcc/native/3.4.1056/avr8-gnu-toolchain/bin/../lib/gcc/avr/4.8.1/../../../../avr/lib/avrxmega7\libc.a(strnlen.o)
 .data          0x00802000        0x0 c:/program files (x86)/atmel/atmel toolchain/avr8 gcc/native/3.4.1056/avr8-gnu-toolchain/bin/../lib/gcc/avr/4.8.1/../../../../avr/lib/avrxmega7\libc.a(fputc.o)
 .data          0x00802000        0x0 c:/program files (x86)/atmel/atmel toolchain/avr8 gcc/native/3.4.1056/avr8-gnu-toolchain/bin/../lib/gcc/avr/4.8.1/../../../../avr/lib/avrxmega7\libc.a(ultoa_invert.o)
 *(.data*)
 .data.menu_index
                0x00802000        0x3 src/Menu.o
                0x00802000                menu_index
 .data.Address  0x00802003        0x5 src/main.o
                0x00802003                Address
 .data.Seg      0x00802008       0x24 src/main.o
                0x00802008                Seg
 .data.Buzzer_Time
                0x0080202c        0x4 src/main.o
                0x0080202c                Buzzer_Time
 .data.LED_White_Time
                0x00802030        0x4 src/main.o
                0x00802030                LED_White_Time
 .data.LED_Green_Time
                0x00802034        0x4 src/main.o
                0x00802034                LED_Green_Time
 .data.LED_Red_Time
                0x00802038        0x4 src/main.o
                0x00802038                LED_Red_Time
 *(.rodata)
 *(.rodata*)
 .rodata.str1.1
                0x0080203c       0x2d src/main.o
 *(.gnu.linkonce.d*)
                0x0080206a                . = ALIGN (0x2)
 *fill*         0x00802069        0x1 
                0x0080206a                _edata = .
                0x0080206a                PROVIDE (__data_end, .)

.bss            0x0080206a      0x429
                0x0080206a                PROVIDE (__bss_start, .)
 *(.bss)
 *(.bss*)
 .bss.menu_time
                0x0080206a        0x2 src/Menu.o
                0x0080206a                menu_time
 .bss.Menu_Cancel_flg
                0x0080206c        0x1 src/Menu.o
                0x0080206c                Menu_Cancel_flg
 .bss.Menu_Set_flg
                0x0080206d        0x1 src/Menu.o
                0x0080206d                Menu_Set_flg
 .bss.adcb_enable_count
                0x0080206e        0x1 src/asf/xmega/drivers/adc/adc.o
 .bss.adca_enable_count
                0x0080206f        0x1 src/asf/xmega/drivers/adc/adc.o
 .bss.tc_tcf1_ccb_callback
                0x00802070        0x2 src/asf/xmega/drivers/tc/tc.o
 .bss.tc_tcf1_cca_callback
                0x00802072        0x2 src/asf/xmega/drivers/tc/tc.o
 .bss.tc_tcf1_err_callback
                0x00802074        0x2 src/asf/xmega/drivers/tc/tc.o
 .bss.tc_tcf1_ovf_callback
                0x00802076        0x2 src/asf/xmega/drivers/tc/tc.o
 .bss.tc_tcf0_ccd_callback
                0x00802078        0x2 src/asf/xmega/drivers/tc/tc.o
 .bss.tc_tcf0_ccc_callback
                0x0080207a        0x2 src/asf/xmega/drivers/tc/tc.o
 .bss.tc_tcf0_ccb_callback
                0x0080207c        0x2 src/asf/xmega/drivers/tc/tc.o
 .bss.tc_tcf0_cca_callback
                0x0080207e        0x2 src/asf/xmega/drivers/tc/tc.o
 .bss.tc_tcf0_err_callback
                0x00802080        0x2 src/asf/xmega/drivers/tc/tc.o
 .bss.tc_tcf0_ovf_callback
                0x00802082        0x2 src/asf/xmega/drivers/tc/tc.o
 .bss.tc_tce1_ccb_callback
                0x00802084        0x2 src/asf/xmega/drivers/tc/tc.o
 .bss.tc_tce1_cca_callback
                0x00802086        0x2 src/asf/xmega/drivers/tc/tc.o
 .bss.tc_tce1_err_callback
                0x00802088        0x2 src/asf/xmega/drivers/tc/tc.o
 .bss.tc_tce1_ovf_callback
                0x0080208a        0x2 src/asf/xmega/drivers/tc/tc.o
 .bss.tc_tce0_ccd_callback
                0x0080208c        0x2 src/asf/xmega/drivers/tc/tc.o
 .bss.tc_tce0_ccc_callback
                0x0080208e        0x2 src/asf/xmega/drivers/tc/tc.o
 .bss.tc_tce0_ccb_callback
                0x00802090        0x2 src/asf/xmega/drivers/tc/tc.o
 .bss.tc_tce0_cca_callback
                0x00802092        0x2 src/asf/xmega/drivers/tc/tc.o
 .bss.tc_tce0_err_callback
                0x00802094        0x2 src/asf/xmega/drivers/tc/tc.o
 .bss.tc_tce0_ovf_callback
                0x00802096        0x2 src/asf/xmega/drivers/tc/tc.o
 .bss.tc_tcd1_ccb_callback
                0x00802098        0x2 src/asf/xmega/drivers/tc/tc.o
 .bss.tc_tcd1_cca_callback
                0x0080209a        0x2 src/asf/xmega/drivers/tc/tc.o
 .bss.tc_tcd1_err_callback
                0x0080209c        0x2 src/asf/xmega/drivers/tc/tc.o
 .bss.tc_tcd1_ovf_callback
                0x0080209e        0x2 src/asf/xmega/drivers/tc/tc.o
 .bss.tc_tcd0_ccd_callback
                0x008020a0        0x2 src/asf/xmega/drivers/tc/tc.o
 .bss.tc_tcd0_ccc_callback
                0x008020a2        0x2 src/asf/xmega/drivers/tc/tc.o
 .bss.tc_tcd0_ccb_callback
                0x008020a4        0x2 src/asf/xmega/drivers/tc/tc.o
 .bss.tc_tcd0_cca_callback
                0x008020a6        0x2 src/asf/xmega/drivers/tc/tc.o
 .bss.tc_tcd0_err_callback
                0x008020a8        0x2 src/asf/xmega/drivers/tc/tc.o
 .bss.tc_tcc1_ccb_callback
                0x008020aa        0x2 src/asf/xmega/drivers/tc/tc.o
 .bss.tc_tcc1_cca_callback
                0x008020ac        0x2 src/asf/xmega/drivers/tc/tc.o
 .bss.tc_tcc1_err_callback
                0x008020ae        0x2 src/asf/xmega/drivers/tc/tc.o
 .bss.tc_tcc1_ovf_callback
                0x008020b0        0x2 src/asf/xmega/drivers/tc/tc.o
 .bss.tc_tcc0_ccd_callback
                0x008020b2        0x2 src/asf/xmega/drivers/tc/tc.o
 .bss.tc_tcc0_ccc_callback
                0x008020b4        0x2 src/asf/xmega/drivers/tc/tc.o
 .bss.tc_tcc0_ccb_callback
                0x008020b6        0x2 src/asf/xmega/drivers/tc/tc.o
 .bss.tc_tcc0_cca_callback
                0x008020b8        0x2 src/asf/xmega/drivers/tc/tc.o
 .bss.tc_tcc0_err_callback
                0x008020ba        0x2 src/asf/xmega/drivers/tc/tc.o
 .bss.tc_tcc0_ovf_callback
                0x008020bc        0x2 src/asf/xmega/drivers/tc/tc.o
 .bss.ask_cnt1  0x008020be        0x2 src/main.o
                0x008020be                ask_cnt1
 .bss.ask_cnt0  0x008020c0        0x2 src/main.o
                0x008020c0                ask_cnt0
 .bss.ctrlflg   0x008020c2        0x1 src/main.o
                0x008020c2                ctrlflg
 .bss.time_ms   0x008020c3        0x4 src/main.o
                0x008020c3                time_ms
 .bss.adc       0x008020c7        0x2 src/main.o
                0x008020c7                adc
 .bss.flg1      0x008020c9        0x2 src/main.o
                0x008020c9                flg1
 .bss.flg       0x008020cb        0x2 src/main.o
                0x008020cb                flg
 .bss.cnt       0x008020cd        0x2 src/main.o
                0x008020cd                cnt
 *(COMMON)
 COMMON         0x008020cf        0x1 src/Menu.o
                0x008020cf                disp
 COMMON         0x008020d0        0x6 src/asf/common/services/sleepmgr/xmega/sleepmgr.o
                0x008020d0                sleepmgr_locks
 COMMON         0x008020d6      0x3bd src/main.o
                0x008020d6                tmp
                0x008020d8                buff_d_temp
                0x008020da                Robot_D
                0x008021ee                buff_p
                0x008021f0                kd
                0x008021f4                kck_time
                0x008021f8                MH
                0x0080220f                PCK_H
                0x00802212                reply2
                0x00802213                Robot_S_D_tmp2
                0x00802218                tx3b
                0x00802219                pp
                0x0080221b                Robot_Send_PCK
                0x00802226                LED_Red_Speed
                0x00802228                Circular_Buffer
                0x00802257                tx1b
                0x00802258                buff
                0x0080225a                tx2b
                0x0080225b                tx4b
                0x0080225c                rx
                0x0080226b                rx1
                0x0080226e                Buzzer_Speed
                0x00802270                buff_u
                0x00802272                Robot_D_tmp
                0x00802386                Buf_Rx_L
                0x008023a6                PCK_Speed
                0x008023a8                buff_d
                0x008023aa                timectrl
                0x008023ab                rx2
                0x008023ae                buff_reply
                0x008023b0                buff2
                0x008023b1                Robot_S_D
                0x008023b6                dd
                0x008023b8                M0
                0x008023cf                driver_Data0
                0x008023d1                tx1a
                0x008023d2                Buf_Tx_L
                0x008023f2                buff_p_temp
                0x008023f4                M3
                0x0080240b                driverTGL
                0x0080240d                ki
                0x00802411                ii
                0x00802413                buff_i
                0x00802415                tx2a
                0x00802416                tx4a
                0x00802417                rx4
                0x0080241a                PCK_S_H
                0x0080241d                reply2_tmp
                0x0080241e                buff_i_temp
                0x00802420                LED_Green_Speed
                0x00802422                buff_u_temp
                0x00802424                str
                0x0080244c                flg_off
                0x0080244e                LED_White_Speed
                0x00802450                tx3a
                0x00802451                M1
                0x00802468                buff_reply_tmp1
                0x0080246a                Robot_S_D_tmp
                0x0080246f                M2
                0x00802486                rx3
                0x00802489                kp
                0x0080248d                driver_Data1
                0x0080248f                buff_reply_tmp0
                0x00802491                master
                0x00802493                PROVIDE (__bss_end, .)
                0x00004ff0                __data_load_start = LOADADDR (.data)
                0x0000505a                __data_load_end = (__data_load_start + SIZEOF (.data))

.noinit         0x00802493        0x0
                0x00802493                PROVIDE (__noinit_start, .)
 *(.noinit*)
                0x00802493                PROVIDE (__noinit_end, .)
                0x00802493                _end = .
                0x00802493                PROVIDE (__heap_start, .)

.eeprom         0x00810000        0x0
 *(.eeprom*)
                0x00810000                __eeprom_end = .

.fuse
 *(.fuse)
 *(.lfuse)
 *(.hfuse)
 *(.efuse)

.lock
 *(.lock*)

.signature
 *(.signature*)

.user_signatures
 *(.user_signatures*)

.stab
 *(.stab)

.stabstr
 *(.stabstr)

.stab.excl
 *(.stab.excl)

.stab.exclstr
 *(.stab.exclstr)

.stab.index
 *(.stab.index)

.stab.indexstr
 *(.stab.indexstr)

.comment        0x00000000       0x5c
 *(.comment)
 .comment       0x00000000       0x30 src/asf/common/boards/user_board/init.o
                                 0x31 (size before relaxing)
 .comment       0x00000000       0x31 src/lcd.o
 .comment       0x00000000       0x31 src/Menu.o
 .comment       0x00000000       0x31 src/asf/common/services/clock/xmega/sysclk.o
 .comment       0x00000000       0x31 src/asf/common/services/sleepmgr/xmega/sleepmgr.o
 .comment       0x00000000       0x31 src/asf/xmega/drivers/adc/adc.o
 .comment       0x00000000       0x31 src/asf/xmega/drivers/ioport/ioport.o
 .comment       0x00000000       0x31 src/asf/xmega/drivers/nvm/nvm.o
 .comment       0x00000000       0x31 src/asf/xmega/drivers/spi/spi.o
 .comment       0x00000000       0x31 src/asf/xmega/drivers/tc/tc.o
 .comment       0x00000000       0x31 src/asf/xmega/drivers/usart/usart.o
 .comment       0x00000000       0x31 src/asf/xmega/drivers/wdt/wdt.o
 .comment       0x00000000       0x31 src/initialize.o
 .comment       0x00000000       0x31 src/main.o
 .comment       0x00000000       0x31 src/nrf24l01_L.o
 .comment       0x00000000       0x31 c:/program files (x86)/atmel/atmel toolchain/avr8 gcc/native/3.4.1056/avr8-gnu-toolchain/bin/../lib/gcc/avr/4.8.1/../../../../avr/lib/avrxmega7\libc.a(sprintf.o)
 .comment       0x00000030       0x2c c:/program files (x86)/atmel/atmel toolchain/avr8 gcc/native/3.4.1056/avr8-gnu-toolchain/bin/../lib/gcc/avr/4.8.1/../../../../avr/lib/avrxmega7\libc.a(vfprintf_std.o)
                                 0x2d (size before relaxing)
 .comment       0x00000000       0x31 c:/program files (x86)/atmel/atmel toolchain/avr8 gcc/native/3.4.1056/avr8-gnu-toolchain/bin/../lib/gcc/avr/4.8.1/../../../../avr/lib/avrxmega7\libc.a(fputc.o)

.note.gnu.build-id
 *(.note.gnu.build-id)

.debug
 *(.debug)

.line
 *(.line)

.debug_srcinfo
 *(.debug_srcinfo)

.debug_sfnames
 *(.debug_sfnames)

.debug_aranges  0x00000000      0x7d0
 *(.debug_aranges)
 .debug_aranges
                0x00000000       0x20 src/asf/common/boards/user_board/init.o
 .debug_aranges
                0x00000020       0xc8 src/lcd.o
 .debug_aranges
                0x000000e8       0xe0 src/Menu.o
 .debug_aranges
                0x000001c8       0x30 src/asf/common/services/clock/xmega/sysclk.o
 .debug_aranges
                0x000001f8       0x18 src/asf/common/services/sleepmgr/xmega/sleepmgr.o
 .debug_aranges
                0x00000210       0x60 src/asf/xmega/drivers/adc/adc.o
 .debug_aranges
                0x00000270       0x20 src/asf/xmega/drivers/cpu/ccp.o
 .debug_aranges
                0x00000290       0x20 src/asf/xmega/drivers/ioport/ioport.o
 .debug_aranges
                0x000002b0       0xc0 src/asf/xmega/drivers/nvm/nvm.o
 .debug_aranges
                0x00000370       0x28 src/asf/xmega/drivers/nvm/nvm_asm.o
 .debug_aranges
                0x00000398       0x20 src/asf/xmega/drivers/spi/spi.o
 .debug_aranges
                0x000003b8      0x190 src/asf/xmega/drivers/tc/tc.o
 .debug_aranges
                0x00000548       0x58 src/asf/xmega/drivers/usart/usart.o
 .debug_aranges
                0x000005a0       0x50 src/asf/xmega/drivers/wdt/wdt.o
 .debug_aranges
                0x000005f0       0x68 src/initialize.o
 .debug_aranges
                0x00000658       0x98 src/main.o
 .debug_aranges
                0x000006f0       0xe0 src/nrf24l01_L.o

.debug_pubnames
 *(.debug_pubnames)

.debug_info     0x00000000     0xc400
 *(.debug_info .gnu.linkonce.wi.*)
 .debug_info    0x00000000       0x9f src/asf/common/boards/user_board/init.o
 .debug_info    0x0000009f      0xd05 src/lcd.o
 .debug_info    0x00000da4      0x6c5 src/Menu.o
 .debug_info    0x00001469      0x3bb src/asf/common/services/clock/xmega/sysclk.o
 .debug_info    0x00001824      0x134 src/asf/common/services/sleepmgr/xmega/sleepmgr.o
 .debug_info    0x00001958     0x111d src/asf/xmega/drivers/adc/adc.o
 .debug_info    0x00002a75       0x8e src/asf/xmega/drivers/cpu/ccp.o
 .debug_info    0x00002b03      0x112 src/asf/xmega/drivers/ioport/ioport.o
 .debug_info    0x00002c15     0x138c src/asf/xmega/drivers/nvm/nvm.o
 .debug_info    0x00003fa1       0x8e src/asf/xmega/drivers/nvm/nvm_asm.o
 .debug_info    0x0000402f      0x1c7 src/asf/xmega/drivers/spi/spi.o
 .debug_info    0x000041f6     0x1acb src/asf/xmega/drivers/tc/tc.o
 .debug_info    0x00005cc1      0xf96 src/asf/xmega/drivers/usart/usart.o
 .debug_info    0x00006c57      0x4ef src/asf/xmega/drivers/wdt/wdt.o
 .debug_info    0x00007146     0x2637 src/initialize.o
 .debug_info    0x0000977d     0x1cb9 src/main.o
 .debug_info    0x0000b436      0xfca src/nrf24l01_L.o

.debug_abbrev   0x00000000     0x20a8
 *(.debug_abbrev)
 .debug_abbrev  0x00000000       0x47 src/asf/common/boards/user_board/init.o
 .debug_abbrev  0x00000047      0x1d8 src/lcd.o
 .debug_abbrev  0x0000021f      0x1de src/Menu.o
 .debug_abbrev  0x000003fd      0x169 src/asf/common/services/clock/xmega/sysclk.o
 .debug_abbrev  0x00000566       0x87 src/asf/common/services/sleepmgr/xmega/sleepmgr.o
 .debug_abbrev  0x000005ed      0x34f src/asf/xmega/drivers/adc/adc.o
 .debug_abbrev  0x0000093c       0x14 src/asf/xmega/drivers/cpu/ccp.o
 .debug_abbrev  0x00000950       0x7b src/asf/xmega/drivers/ioport/ioport.o
 .debug_abbrev  0x000009cb      0x3f1 src/asf/xmega/drivers/nvm/nvm.o
 .debug_abbrev  0x00000dbc       0x12 src/asf/xmega/drivers/nvm/nvm_asm.o
 .debug_abbrev  0x00000dce       0xf6 src/asf/xmega/drivers/spi/spi.o
 .debug_abbrev  0x00000ec4      0x2ae src/asf/xmega/drivers/tc/tc.o
 .debug_abbrev  0x00001172      0x356 src/asf/xmega/drivers/usart/usart.o
 .debug_abbrev  0x000014c8      0x15d src/asf/xmega/drivers/wdt/wdt.o
 .debug_abbrev  0x00001625      0x384 src/initialize.o
 .debug_abbrev  0x000019a9      0x41f src/main.o
 .debug_abbrev  0x00001dc8      0x2e0 src/nrf24l01_L.o

.debug_line     0x00000000     0x842f
 *(.debug_line .debug_line.* .debug_line_end)
 .debug_line    0x00000000      0x3f2 src/asf/common/boards/user_board/init.o
 .debug_line    0x000003f2      0xcb1 src/lcd.o
 .debug_line    0x000010a3      0x9c8 src/Menu.o
 .debug_line    0x00001a6b      0x50e src/asf/common/services/clock/xmega/sysclk.o
 .debug_line    0x00001f79      0x430 src/asf/common/services/sleepmgr/xmega/sleepmgr.o
 .debug_line    0x000023a9      0x965 src/asf/xmega/drivers/adc/adc.o
 .debug_line    0x00002d0e       0x54 src/asf/xmega/drivers/cpu/ccp.o
 .debug_line    0x00002d62      0x3f0 src/asf/xmega/drivers/ioport/ioport.o
 .debug_line    0x00003152      0xbc6 src/asf/xmega/drivers/nvm/nvm.o
 .debug_line    0x00003d18       0x8a src/asf/xmega/drivers/nvm/nvm_asm.o
 .debug_line    0x00003da2      0x451 src/asf/xmega/drivers/spi/spi.o
 .debug_line    0x000041f3      0xf27 src/asf/xmega/drivers/tc/tc.o
 .debug_line    0x0000511a      0x8e6 src/asf/xmega/drivers/usart/usart.o
 .debug_line    0x00005a00      0x547 src/asf/xmega/drivers/wdt/wdt.o
 .debug_line    0x00005f47      0x9f5 src/initialize.o
 .debug_line    0x0000693c      0xf2e src/main.o
 .debug_line    0x0000786a      0xbc5 src/nrf24l01_L.o

.debug_frame    0x00000000     0x2108
 *(.debug_frame)
 .debug_frame   0x00000000       0x24 src/asf/common/boards/user_board/init.o
 .debug_frame   0x00000024      0x1f4 src/lcd.o
 .debug_frame   0x00000218      0x200 src/Menu.o
 .debug_frame   0x00000418       0x44 src/asf/common/services/clock/xmega/sysclk.o
 .debug_frame   0x0000045c      0x144 src/asf/xmega/drivers/adc/adc.o
 .debug_frame   0x000005a0       0x30 src/asf/xmega/drivers/ioport/ioport.o
 .debug_frame   0x000005d0      0x33c src/asf/xmega/drivers/nvm/nvm.o
 .debug_frame   0x0000090c       0x4c src/asf/xmega/drivers/spi/spi.o
 .debug_frame   0x00000958      0xe0c src/asf/xmega/drivers/tc/tc.o
 .debug_frame   0x00001764      0x158 src/asf/xmega/drivers/usart/usart.o
 .debug_frame   0x000018bc       0x84 src/asf/xmega/drivers/wdt/wdt.o
 .debug_frame   0x00001940      0x140 src/initialize.o
 .debug_frame   0x00001a80      0x3ac src/main.o
 .debug_frame   0x00001e2c      0x2dc src/nrf24l01_L.o

.debug_str      0x00000000    0x265f7
 *(.debug_str)
 .debug_str     0x00000000    0x1ec0c src/asf/common/boards/user_board/init.o
                              0x1f1c7 (size before relaxing)
 .debug_str     0x0001ec0c     0x3195 src/lcd.o
                              0x2237b (size before relaxing)
 .debug_str     0x00021da1      0x5e4 src/Menu.o
                              0x22295 (size before relaxing)
 .debug_str     0x00022385      0x18c src/asf/common/services/clock/xmega/sysclk.o
                              0x1fcc5 (size before relaxing)
 .debug_str     0x00022511       0xb3 src/asf/common/services/sleepmgr/xmega/sleepmgr.o
                              0x1f288 (size before relaxing)
 .debug_str     0x000225c4      0x7dd src/asf/xmega/drivers/adc/adc.o
                              0x20c03 (size before relaxing)
 .debug_str     0x00022da1       0x68 src/asf/xmega/drivers/ioport/ioport.o
                              0x1f350 (size before relaxing)
 .debug_str     0x00022e09      0x6ef src/asf/xmega/drivers/nvm/nvm.o
                              0x1f8ec (size before relaxing)
 .debug_str     0x000234f8       0xd9 src/asf/xmega/drivers/spi/spi.o
                              0x1f412 (size before relaxing)
 .debug_str     0x000235d1      0x915 src/asf/xmega/drivers/tc/tc.o
                              0x20a06 (size before relaxing)
 .debug_str     0x00023ee6      0x55d src/asf/xmega/drivers/usart/usart.o
                              0x208bd (size before relaxing)
 .debug_str     0x00024443      0x4cf src/asf/xmega/drivers/wdt/wdt.o
                              0x1f307 (size before relaxing)
 .debug_str     0x00024912      0xbd2 src/initialize.o
                              0x235f1 (size before relaxing)
 .debug_str     0x000254e4      0xf26 src/main.o
                              0x2399d (size before relaxing)
 .debug_str     0x0002640a      0x1ed src/nrf24l01_L.o
                              0x22953 (size before relaxing)

.debug_loc      0x00000000     0x6dfb
 *(.debug_loc)
 .debug_loc     0x00000000      0x7a7 src/lcd.o
 .debug_loc     0x000007a7      0x16d src/Menu.o
 .debug_loc     0x00000914      0x167 src/asf/common/services/clock/xmega/sysclk.o
 .debug_loc     0x00000a7b      0x8cd src/asf/xmega/drivers/adc/adc.o
 .debug_loc     0x00001348       0x66 src/asf/xmega/drivers/ioport/ioport.o
 .debug_loc     0x000013ae     0x113c src/asf/xmega/drivers/nvm/nvm.o
 .debug_loc     0x000024ea      0x105 src/asf/xmega/drivers/spi/spi.o
 .debug_loc     0x000025ef     0x213f src/asf/xmega/drivers/tc/tc.o
 .debug_loc     0x0000472e      0xd10 src/asf/xmega/drivers/usart/usart.o
 .debug_loc     0x0000543e      0x161 src/asf/xmega/drivers/wdt/wdt.o
 .debug_loc     0x0000559f      0x2da src/initialize.o
 .debug_loc     0x00005879      0x938 src/main.o
 .debug_loc     0x000061b1      0xc4a src/nrf24l01_L.o

.debug_macinfo
 *(.debug_macinfo)

.debug_weaknames
 *(.debug_weaknames)

.debug_funcnames
 *(.debug_funcnames)

.debug_typenames
 *(.debug_typenames)

.debug_varnames
 *(.debug_varnames)

.debug_pubtypes
 *(.debug_pubtypes)

.debug_ranges   0x00000000      0x6c8
 *(.debug_ranges)
 .debug_ranges  0x00000000       0x10 src/asf/common/boards/user_board/init.o
 .debug_ranges  0x00000010       0xb8 src/lcd.o
 .debug_ranges  0x000000c8       0xd0 src/Menu.o
 .debug_ranges  0x00000198       0x20 src/asf/common/services/clock/xmega/sysclk.o
 .debug_ranges  0x000001b8       0x50 src/asf/xmega/drivers/adc/adc.o
 .debug_ranges  0x00000208       0x10 src/asf/xmega/drivers/ioport/ioport.o
 .debug_ranges  0x00000218       0xb0 src/asf/xmega/drivers/nvm/nvm.o
 .debug_ranges  0x000002c8       0x20 src/asf/xmega/drivers/nvm/nvm_asm.o
 .debug_ranges  0x000002e8       0x10 src/asf/xmega/drivers/spi/spi.o
 .debug_ranges  0x000002f8      0x180 src/asf/xmega/drivers/tc/tc.o
 .debug_ranges  0x00000478       0x48 src/asf/xmega/drivers/usart/usart.o
 .debug_ranges  0x000004c0       0x40 src/asf/xmega/drivers/wdt/wdt.o
 .debug_ranges  0x00000500       0x58 src/initialize.o
 .debug_ranges  0x00000558       0xa0 src/main.o
 .debug_ranges  0x000005f8       0xd0 src/nrf24l01_L.o

.debug_macro    0x00000000     0xad99
 *(.debug_macro)
 .debug_macro   0x00000000      0x18c src/asf/common/boards/user_board/init.o
 .debug_macro   0x0000018c      0xa60 src/asf/common/boards/user_board/init.o
 .debug_macro   0x00000bec       0x10 src/asf/common/boards/user_board/init.o
 .debug_macro   0x00000bfc      0x1ad src/asf/common/boards/user_board/init.o
 .debug_macro   0x00000da9      0x293 src/asf/common/boards/user_board/init.o
 .debug_macro   0x0000103c       0x9e src/asf/common/boards/user_board/init.o
 .debug_macro   0x000010da     0x5272 src/asf/common/boards/user_board/init.o
 .debug_macro   0x0000634c       0x9a src/asf/common/boards/user_board/init.o
 .debug_macro   0x000063e6       0xf1 src/asf/common/boards/user_board/init.o
 .debug_macro   0x000064d7       0x34 src/asf/common/boards/user_board/init.o
 .debug_macro   0x0000650b       0x10 src/asf/common/boards/user_board/init.o
 .debug_macro   0x0000651b       0x18 src/asf/common/boards/user_board/init.o
 .debug_macro   0x00006533       0x5e src/asf/common/boards/user_board/init.o
 .debug_macro   0x00006591       0x10 src/asf/common/boards/user_board/init.o
 .debug_macro   0x000065a1       0x22 src/asf/common/boards/user_board/init.o
 .debug_macro   0x000065c3      0x166 src/asf/common/boards/user_board/init.o
 .debug_macro   0x00006729       0x1c src/asf/common/boards/user_board/init.o
 .debug_macro   0x00006745       0x35 src/asf/common/boards/user_board/init.o
 .debug_macro   0x0000677a       0x66 src/asf/common/boards/user_board/init.o
 .debug_macro   0x000067e0       0x8a src/asf/common/boards/user_board/init.o
 .debug_macro   0x0000686a       0x17 src/asf/common/boards/user_board/init.o
 .debug_macro   0x00006881      0x250 src/asf/common/boards/user_board/init.o
 .debug_macro   0x00006ad1       0x76 src/asf/common/boards/user_board/init.o
 .debug_macro   0x00006b47       0x16 src/asf/common/boards/user_board/init.o
 .debug_macro   0x00006b5d      0x6de src/asf/common/boards/user_board/init.o
 .debug_macro   0x0000723b       0x10 src/asf/common/boards/user_board/init.o
 .debug_macro   0x0000724b      0x175 src/asf/common/boards/user_board/init.o
 .debug_macro   0x000073c0       0x40 src/asf/common/boards/user_board/init.o
 .debug_macro   0x00007400       0x90 src/asf/common/boards/user_board/init.o
 .debug_macro   0x00007490       0x69 src/asf/common/boards/user_board/init.o
 .debug_macro   0x000074f9       0x31 src/asf/common/boards/user_board/init.o
 .debug_macro   0x0000752a      0x142 src/asf/common/boards/user_board/init.o
 .debug_macro   0x0000766c      0x2ce src/lcd.o
 .debug_macro   0x0000793a       0x20 src/lcd.o
 .debug_macro   0x0000795a       0x5e src/lcd.o
 .debug_macro   0x000079b8       0x10 src/lcd.o
 .debug_macro   0x000079c8       0x22 src/lcd.o
 .debug_macro   0x000079ea      0x148 src/lcd.o
 .debug_macro   0x00007b32       0x64 src/lcd.o
 .debug_macro   0x00007b96       0x2f src/lcd.o
 .debug_macro   0x00007bc5       0xe6 src/lcd.o
 .debug_macro   0x00007cab       0x8f src/lcd.o
 .debug_macro   0x00007d3a       0x34 src/lcd.o
 .debug_macro   0x00007d6e      0x194 src/lcd.o
 .debug_macro   0x00007f02       0x18 src/lcd.o
 .debug_macro   0x00007f1a       0x10 src/lcd.o
 .debug_macro   0x00007f2a       0x3a src/lcd.o
 .debug_macro   0x00007f64      0x36e src/lcd.o
 .debug_macro   0x000082d2       0x58 src/lcd.o
 .debug_macro   0x0000832a      0x167 src/lcd.o
 .debug_macro   0x00008491      0x2a7 src/Menu.o
 .debug_macro   0x00008738       0x4c src/Menu.o
 .debug_macro   0x00008784      0x1ce src/asf/common/services/clock/xmega/sysclk.o
 .debug_macro   0x00008952      0x19e src/asf/common/services/sleepmgr/xmega/sleepmgr.o
 .debug_macro   0x00008af0      0x22c src/asf/xmega/drivers/adc/adc.o
 .debug_macro   0x00008d1c      0x177 src/asf/xmega/drivers/ioport/ioport.o
 .debug_macro   0x00008e93      0x18e src/asf/xmega/drivers/ioport/ioport.o
 .debug_macro   0x00009021      0x193 src/asf/xmega/drivers/nvm/nvm.o
 .debug_macro   0x000091b4       0x26 src/asf/xmega/drivers/nvm/nvm.o
 .debug_macro   0x000091da       0x16 src/asf/xmega/drivers/nvm/nvm.o
 .debug_macro   0x000091f0      0x185 src/asf/xmega/drivers/spi/spi.o
 .debug_macro   0x00009375      0x221 src/asf/xmega/drivers/tc/tc.o
 .debug_macro   0x00009596      0x299 src/asf/xmega/drivers/tc/tc.o
 .debug_macro   0x0000982f       0x12 src/asf/xmega/drivers/tc/tc.o
 .debug_macro   0x00009841      0x1f4 src/asf/xmega/drivers/usart/usart.o
 .debug_macro   0x00009a35       0x34 src/asf/xmega/drivers/usart/usart.o
 .debug_macro   0x00009a69      0x17b src/asf/xmega/drivers/wdt/wdt.o
 .debug_macro   0x00009be4      0x2d2 src/initialize.o
 .debug_macro   0x00009eb6      0x368 src/initialize.o
 .debug_macro   0x0000a21e      0x333 src/main.o
 .debug_macro   0x0000a551      0x1d1 src/main.o
 .debug_macro   0x0000a722       0x58 src/main.o
 .debug_macro   0x0000a77a       0x10 src/main.o
 .debug_macro   0x0000a78a       0xeb src/main.o
 .debug_macro   0x0000a875       0x34 src/main.o
 .debug_macro   0x0000a8a9       0x52 src/main.o
 .debug_macro   0x0000a8fb      0x2c9 src/nrf24l01_L.o
 .debug_macro   0x0000abc4       0x10 src/nrf24l01_L.o
 .debug_macro   0x0000abd4      0x1c5 src/nrf24l01_L.o
OUTPUT(base1.elf elf32-avr)
LOAD linker stubs
