Archive member included because of file (symbol)

c:/program files (x86)/atmel/atmel toolchain/avr8 gcc/native/3.4.1056/avr8-gnu-toolchain/bin/../lib/gcc/avr/4.8.1/avrxmega7\libgcc.a(_udivmodsi4.o)
                              src/Menu.o (__udivmodsi4)
c:/program files (x86)/atmel/atmel toolchain/avr8 gcc/native/3.4.1056/avr8-gnu-toolchain/bin/../lib/gcc/avr/4.8.1/avrxmega7\libgcc.a(_exit.o)
                              c:/program files (x86)/atmel/atmel toolchain/avr8 gcc/native/3.4.1056/avr8-gnu-toolchain/bin/../lib/gcc/avr/4.8.1/../../../../avr/lib/avrxmega7/crtx128a1.o (exit)
c:/program files (x86)/atmel/atmel toolchain/avr8 gcc/native/3.4.1056/avr8-gnu-toolchain/bin/../lib/gcc/avr/4.8.1/avrxmega7\libgcc.a(_tablejump.o)
                              src/main.o (__tablejump2__)
c:/program files (x86)/atmel/atmel toolchain/avr8 gcc/native/3.4.1056/avr8-gnu-toolchain/bin/../lib/gcc/avr/4.8.1/avrxmega7\libgcc.a(_copy_data.o)
                              src/Menu.o (__do_copy_data)
c:/program files (x86)/atmel/atmel toolchain/avr8 gcc/native/3.4.1056/avr8-gnu-toolchain/bin/../lib/gcc/avr/4.8.1/avrxmega7\libgcc.a(_clear_bss.o)
                              src/Menu.o (__do_clear_bss)
c:/program files (x86)/atmel/atmel toolchain/avr8 gcc/native/3.4.1056/avr8-gnu-toolchain/bin/../lib/gcc/avr/4.8.1/../../../../avr/lib/avrxmega7\libc.a(memcpy.o)
                              src/asf/xmega/drivers/nvm/nvm.o (memcpy)
c:/program files (x86)/atmel/atmel toolchain/avr8 gcc/native/3.4.1056/avr8-gnu-toolchain/bin/../lib/gcc/avr/4.8.1/../../../../avr/lib/avrxmega7\libc.a(sprintf.o)
                              src/main.o (sprintf)
c:/program files (x86)/atmel/atmel toolchain/avr8 gcc/native/3.4.1056/avr8-gnu-toolchain/bin/../lib/gcc/avr/4.8.1/../../../../avr/lib/avrxmega7\libc.a(vfprintf_std.o)
                              c:/program files (x86)/atmel/atmel toolchain/avr8 gcc/native/3.4.1056/avr8-gnu-toolchain/bin/../lib/gcc/avr/4.8.1/../../../../avr/lib/avrxmega7\libc.a(sprintf.o) (vfprintf)
c:/program files (x86)/atmel/atmel toolchain/avr8 gcc/native/3.4.1056/avr8-gnu-toolchain/bin/../lib/gcc/avr/4.8.1/../../../../avr/lib/avrxmega7\libc.a(strnlen_P.o)
                              c:/program files (x86)/atmel/atmel toolchain/avr8 gcc/native/3.4.1056/avr8-gnu-toolchain/bin/../lib/gcc/avr/4.8.1/../../../../avr/lib/avrxmega7\libc.a(vfprintf_std.o) (strnlen_P)
c:/program files (x86)/atmel/atmel toolchain/avr8 gcc/native/3.4.1056/avr8-gnu-toolchain/bin/../lib/gcc/avr/4.8.1/../../../../avr/lib/avrxmega7\libc.a(strnlen.o)
                              c:/program files (x86)/atmel/atmel toolchain/avr8 gcc/native/3.4.1056/avr8-gnu-toolchain/bin/../lib/gcc/avr/4.8.1/../../../../avr/lib/avrxmega7\libc.a(vfprintf_std.o) (strnlen)
c:/program files (x86)/atmel/atmel toolchain/avr8 gcc/native/3.4.1056/avr8-gnu-toolchain/bin/../lib/gcc/avr/4.8.1/../../../../avr/lib/avrxmega7\libc.a(fputc.o)
                              c:/program files (x86)/atmel/atmel toolchain/avr8 gcc/native/3.4.1056/avr8-gnu-toolchain/bin/../lib/gcc/avr/4.8.1/../../../../avr/lib/avrxmega7\libc.a(vfprintf_std.o) (fputc)
c:/program files (x86)/atmel/atmel toolchain/avr8 gcc/native/3.4.1056/avr8-gnu-toolchain/bin/../lib/gcc/avr/4.8.1/../../../../avr/lib/avrxmega7\libc.a(ultoa_invert.o)
                              c:/program files (x86)/atmel/atmel toolchain/avr8 gcc/native/3.4.1056/avr8-gnu-toolchain/bin/../lib/gcc/avr/4.8.1/../../../../avr/lib/avrxmega7\libc.a(vfprintf_std.o) (__ultoa_invert)

Allocating common symbols
Common symbol       size              file

Test_Driver_Data0   0x2               src/main.o
buff_d_temp         0x2               src/main.o
Robot_D             0x114             src/main.o
buff_p              0x2               src/main.o
F1_buff_tmp3        0x2               src/main.o
F1_buff_tmp0        0x2               src/main.o
kd                  0x4               src/main.o
kck_time            0x4               src/main.o
MH                  0x17              src/main.o
PCK_H               0x3               src/main.o
reply2              0x1               src/main.o
Robot_S_D_tmp2      0x5               src/main.o
F0_buff_tmp2        0x2               src/main.o
tx3b                0x1               src/main.o
Test_Driver_Data3   0x2               src/main.o
Robot_Send_PCK      0xb               src/main.o
LED_Red_Speed       0x2               src/main.o
Circular_Buffer     0x2f              src/main.o
tx1b                0x1               src/main.o
buff                0x2               src/main.o
tx2b                0x1               src/main.o
tx4b                0x1               src/main.o
rx                  0xf               src/main.o
rx1                 0x3               src/main.o
Buzzer_Speed        0x2               src/main.o
buff_u              0x2               src/main.o
Robot_D_tmp         0x114             src/main.o
Buf_Rx_L            0x20              src/main.o
F1_buff_tmp1        0x2               src/main.o
[...]
Memory Configuration

Name             Origin             Length             Attributes
text             0x00000000         0x00100000         xr
data             0x00802000         0x0000ffa0         rw !x
eeprom           0x00810000         0x00010000         rw !x
fuse             0x00820000         0x00000400         rw !x
lock             0x00830000         0x00000400         rw !x
signature        0x00840000         0x00000400         rw !x
user_signatures  0x00850000         0x00000400         rw !x
*default*        0x00000000         0xffffffff

Linker script and memory map

LOAD c:/program files (x86)/atmel/atmel toolchain/avr8 gcc/native/3.4.1056/avr8-gnu-toolchain/bin/../lib/gcc/avr/4.8.1/../../../../avr/lib/avrxmega7/crtx128a1.o
LOAD src/asf/common/boards/user_board/init.o
LOAD src/lcd.o
LOAD src/Menu.o
LOAD src/asf/common/services/clock/xmega/sysclk.o
LOAD src/asf/common/services/sleepmgr/xmega/sleepmgr.o
LOAD src/asf/xmega/drivers/adc/adc.o
LOAD src/asf/xmega/drivers/cpu/ccp.o
LOAD src/asf/xmega/drivers/ioport/ioport.o
LOAD src/asf/xmega/drivers/nvm/nvm.o
LOAD src/asf/xmega/drivers/nvm/nvm_asm.o
LOAD src/asf/xmega/drivers/spi/spi.o
LOAD src/asf/xmega/drivers/tc/tc.o
LOAD src/asf/xmega/drivers/usart/usart.o
LOAD src/asf/xmega/drivers/wdt/wdt.o
LOAD src/initialize.o
LOAD src/main.o
LOAD src/nrf24l01_L.o
START GROUP
END GROUP
START GROUP
LOAD c:/program files (x86)/atmel/atmel toolchain/avr8 gcc/native/3.4.1056/avr8-gnu-toolchain/bin/../lib/gcc/avr/4.8.1/avrxmega7\libgcc.a
LOAD c:/program files (x86)/atmel/atmel toolchain/avr8 gcc/native/3.4.1056/avr8-gnu-toolchain/bin/../lib/gcc/avr/4.8.1/../../../../avr/lib/avrxmega7\libm.a
LOAD c:/program files (x86)/atmel/atmel toolchain/avr8 gcc/native/3.4.1056/avr8-gnu-toolchain/bin/../lib/gcc/avr/4.8.1/../../../../avr/lib/avrxmega7\libc.a
END GROUP

.hash
 *(.hash)

.dynsym
 *(.dynsym)

.dynstr
 *(.dynstr)

.gnu.version
 *(.gnu.version)

.gnu.version_d
 *(.gnu.version_d)

.gnu.version_r
 *(.gnu.version_r)

.rel.init
 *(.rel.init)

.rela.init
 *(.rela.init)

.rel.text
 *(.rel.text)
 *(.rel.text.*)
 *(.rel.gnu.linkonce.t*)

.rela.text
 *(.rela.text)
 *(.rela.text.*)
 *(.rela.gnu.linkonce.t*)

.rel.fini
 *(.rel.fini)

.rela.fini
 *(.rela.fini)

.rel.rodata
 *(.rel.rodata)
 *(.rel.rodata.*)
 *(.rel.gnu.linkonce.r*)

.rela.rodata
 *(.rela.rodata)
 *(.rela.rodata.*)
 *(.rela.gnu.linkonce.r*)

.rel.data
 *(.rel.data)
 *(.rel.data.*)
 *(.rel.gnu.linkonce.d*)

.rela.data
 *(.rela.data)
 *(.rela.data.*)
 *(.rela.gnu.linkonce.d*)

.rel.ctors
 *(.rel.ctors)

.rela.ctors
 *(.rela.ctors)

.rel.dtors
 *(.rel.dtors)

.rela.dtors
 *(.rela.dtors)

.rel.got
 *(.rel.got)

.rela.got
 *(.rela.got)

.rel.bss
 *(.rel.bss)

.rela.bss
 *(.rela.bss)

.rel.plt
 *(.rel.plt)

.rela.plt
 *(.rela.plt)

.text           0x00000000     0x51ca
 *(.vectors)
 .vectors       0x00000000      0x1f4 c:/program files (x86)/atmel/atmel toolchain/avr8 gcc/native/3.4.1056/avr8-gnu-toolchain/bin/../lib/gcc/avr/4.8.1/../../../../avr/lib/avrxmega7/crtx128a1.o
                0x00000000                __vector_default
                0x00000000                __vectors
 *(.vectors)
 *(.progmem.gcc*)
 .progmem.gcc_sw_table.__vector_119
                0x000001f4       0x14 src/main.o
 .progmem.gcc_sw_table.__vector_122
                0x00000208       0x14 src/main.o
                0x0000021c                . = ALIGN (0x2)
                0x0000021c                __trampolines_start = .
 *(.trampolines)
 .trampolines   0x0000021c        0x0 linker stubs
 *(.trampolines*)
                0x0000021c                __trampolines_end = .
 *(.progmem*)
                0x0000021c                . = ALIGN (0x2)
 *(.jumptables)
 *(.jumptables*)
 *(.lowtext)
 *(.lowtext*)
                0x0000021c                __ctors_start = .
 *(.ctors)
                0x0000021c                __ctors_end = .
                0x0000021c                __dtors_start = .
 *(.dtors)
                0x0000021c                __dtors_end = .
 SORT(*)(.ctors)
 SORT(*)(.dtors)
 *(.init0)
 .init0         0x0000021c        0x0 c:/program files (x86)/atmel/atmel toolchain/avr8 gcc/native/3.4.1056/avr8-gnu-toolchain/bin/../lib/gcc/avr/4.8.1/../../../../avr/lib/avrxmega7/crtx128a1.o
                0x0000021c                __init
 *(.init0)
 *(.init1)
 *(.init1)
 *(.init2)
 .init2         0x0000021c       0x18 c:/program files (x86)/atmel/atmel toolchain/avr8 gcc/native/3.4.1056/avr8-gnu-toolchain/bin/../lib/gcc/avr/4.8.1/../../../../avr/lib/avrxmega7/crtx128a1.o
 *(.init2)
 *(.init3)
 *(.init3)
 *(.init4)
 .init4         0x00000234       0x1c c:/program files (x86)/atmel/atmel toolchain/avr8 gcc/native/3.4.1056/avr8-gnu-toolchain/bin/../lib/gcc/avr/4.8.1/avrxmega7\libgcc.a(_copy_data.o)
                0x00000234                __do_copy_data
 .init4         0x00000250       0x10 c:/program files (x86)/atmel/atmel toolchain/avr8 gcc/native/3.4.1056/avr8-gnu-toolchain/bin/../lib/gcc/avr/4.8.1/avrxmega7\libgcc.a(_clear_bss.o)
                0x00000250                __do_clear_bss
 *(.init4)
 *(.init5)
 *(.init5)
 *(.init6)
 *(.init6)
 *(.init7)
 *(.init7)
 *(.init8)
 *(.init8)
 *(.init9)
 .init9         0x00000260        0x8 c:/program files (x86)/atmel/atmel toolchain/avr8 gcc/native/3.4.1056/avr8-gnu-toolchain/bin/../lib/gcc/avr/4.8.1/../../../../avr/lib/avrxmega7/crtx128a1.o
 *(.init9)
 *(.text)
 .text          0x00000268        0x2 c:/program files (x86)/atmel/atmel toolchain/avr8 gcc/native/3.4.1056/avr8-gnu-toolchain/bin/../lib/gcc/avr/4.8.1/../../../../avr/lib/avrxmega7/crtx128a1.o
                0x00000268                __vector_38
                0x00000268                __vector_63
                0x00000268                __vector_28
                0x00000268                __vector_67
                0x00000268                __vector_1
                0x00000268                __vector_32
                0x00000268                __vector_75
                0x00000268                __vector_71
                0x00000268                __vector_91
                0x00000268                __vector_34
                0x00000268                __vector_62
                0x00000268                __vector_102
                0x00000268                __vector_24
                0x00000268                __vector_12
                0x00000268                __vector_69
                0x00000268                __vector_90
                0x00000268                __vector_46
                0x00000268                __bad_interrupt
                0x00000268                __vector_72
                0x00000268                __vector_6
                0x00000268                __vector_31
                0x00000268                __vector_92
                0x00000268                __vector_35
                0x00000268                __vector_74
                0x00000268                __vector_39
                0x00000268                __vector_107
                0x00000268                __vector_3
                0x00000268                __vector_105
                0x00000268                __vector_98
                0x00000268                __vector_68
                0x00000268                __vector_30
                0x00000268                __vector_73
                0x00000268                __vector_45
                0x00000268                __vector_25
                0x00000268                __vector_93
                0x00000268                __vector_61
                0x00000268                __vector_11
                0x00000268                __vector_99
                0x00000268                __vector_13
                0x00000268                __vector_7
                0x00000268                __vector_123
                0x00000268                __vector_41
                0x00000268                __vector_101
                0x00000268                __vector_64
                0x00000268                __vector_88
                0x00000268                __vector_27
                0x00000268                __vector_5
                0x00000268                __vector_33
                0x00000268                __vector_76
                0x00000268                __vector_37
                0x00000268                __vector_103
                0x00000268                __vector_89
                0x00000268                __vector_4
                0x00000268                __vector_44
                0x00000268                __vector_106
                0x00000268                __vector_118
                0x00000268                __vector_9
                0x00000268                __vector_66
                0x00000268                __vector_36
                0x00000268                __vector_70
                0x00000268                __vector_29
                0x00000268                __vector_60
                0x00000268                __vector_121
                0x00000268                __vector_40
                0x00000268                __vector_8
                0x00000268                __vector_26
                0x00000268                __vector_124
                0x00000268                __vector_57
                0x00000268                __vector_10
                0x00000268                __vector_59
                0x00000268                __vector_42
                0x00000268                __vector_87
                0x00000268                __vector_65
                0x00000268                __vector_120
                0x0000026a                . = ALIGN (0x2)
 *(.text.*)
 .text.LCDDataLines
                0x0000026a       0x7e src/lcd.o
                0x0000026a                LCDDataLines
 .text.LCDDirOut
                0x000002e8       0x22 src/lcd.o
                0x000002e8                LCDDirOut
 .text.LCDDirIn
                0x0000030a       0x22 src/lcd.o
                0x0000030a                LCDDirIn
 .text.LCDSendData
                0x0000032c       0x5e src/lcd.o
                0x0000032c                LCDSendData
 .text.LCDSendCommand
                0x0000038a       0x74 src/lcd.o
                0x0000038a                LCDSendCommand
 .text.LCDInit  0x000003fe      0x102 src/lcd.o
                0x000003fe                LCDInit
 .text.LCDStringRam
                0x00000500       0x1e src/lcd.o
                0x00000500                LCDStringRam
 .text.LCDGotoXY
                0x0000051e       0x1c src/lcd.o
                0x0000051e                LCDGotoXY
 .text.menu_check_sw
                0x0000053a       0x1e src/Menu.o
                0x0000053a                menu_check_sw
 .text.Menu_Display
                0x00000558       0x42 src/Menu.o
                0x00000558                Menu_Display
 .text.menu_table
                0x0000059a       0x16 src/Menu.o
                0x0000059a                menu_table
 .text.Menu_Reset
                0x000005b0       0x4a src/Menu.o
                0x000005b0                Menu_Reset
 .text.menu_check_status
                0x000005fa      0x20e src/Menu.o
                0x000005fa                menu_check_status
 .text.sysclk_enable_module
                0x00000808       0x16 src/asf/common/services/clock/xmega/sysclk.o
                0x00000808                sysclk_enable_module
 .text.sysclk_disable_module
                0x0000081e       0x14 src/asf/common/services/clock/xmega/sysclk.o
                0x0000081e                sysclk_disable_module
 .text.adc_enable_clock
                0x00000832       0x42 src/asf/xmega/drivers/adc/adc.o
 .text.adc_disable_clock
                0x00000874       0x3e src/asf/xmega/drivers/adc/adc.o
 .text.adc_enable
                0x000008b2       0x2e src/asf/xmega/drivers/adc/adc.o
                0x000008b2                adc_enable
 .text.adc_write_configuration
                0x000008e0       0xa2 src/asf/xmega/drivers/adc/adc.o
                0x000008e0                adc_write_configuration
 .text.adcch_write_configuration
                0x00000982       0x60 src/asf/xmega/drivers/adc/adc.o
                0x00000982                adcch_write_configuration
 .text.adcch_read_configuration
                0x000009e2       0x62 src/asf/xmega/drivers/adc/adc.o
                0x000009e2                adcch_read_configuration
 .text.ccp_write_io
                0x00000a44        0xc src/asf/xmega/drivers/cpu/ccp.o
                0x00000a44                ccp_write_io
 .text.nvm_read_byte
                0x00000a50       0x14 src/asf/xmega/drivers/nvm/nvm_asm.o
                0x00000a50                nvm_read_byte
 .text.spi_xmega_set_baud_div
                0x00000a64       0x90 src/asf/xmega/drivers/spi/spi.o
                0x00000a64                spi_xmega_set_baud_div
 .text.__vector_14
                0x00000af4       0x70 src/asf/xmega/drivers/tc/tc.o
                0x00000af4                __vector_14
 .text.__vector_15
                0x00000b64       0x70 src/asf/xmega/drivers/tc/tc.o
                0x00000b64                __vector_15
 .text.__vector_16
                0x00000bd4       0x70 src/asf/xmega/drivers/tc/tc.o
                0x00000bd4                __vector_16
 .text.__vector_17
                0x00000c44       0x70 src/asf/xmega/drivers/tc/tc.o
                0x00000c44                __vector_17
 .text.__vector_18
                0x00000cb4       0x70 src/asf/xmega/drivers/tc/tc.o
                0x00000cb4                __vector_18
 .text.__vector_19
                0x00000d24       0x70 src/asf/xmega/drivers/tc/tc.o
                0x00000d24                __vector_19
 .text.__vector_20
                0x00000d94       0x70 src/asf/xmega/drivers/tc/tc.o
                0x00000d94                __vector_20
 .text.__vector_21
                0x00000e04       0x70 src/asf/xmega/drivers/tc/tc.o
                0x00000e04                __vector_21
 .text.__vector_22
                0x00000e74       0x70 src/asf/xmega/drivers/tc/tc.o
                0x00000e74                __vector_22
 .text.__vector_23
                0x00000ee4       0x70 src/asf/xmega/drivers/tc/tc.o
                0x00000ee4                __vector_23
 .text.__vector_78
                0x00000f54       0x70 src/asf/xmega/drivers/tc/tc.o
                0x00000f54                __vector_78
 .text.__vector_79
                0x00000fc4       0x70 src/asf/xmega/drivers/tc/tc.o
                0x00000fc4                __vector_79
 .text.__vector_80
                0x00001034       0x70 src/asf/xmega/drivers/tc/tc.o
                0x00001034                __vector_80
 .text.__vector_81
                0x000010a4       0x70 src/asf/xmega/drivers/tc/tc.o
                0x000010a4                __vector_81
 .text.__vector_82
                0x00001114       0x70 src/asf/xmega/drivers/tc/tc.o
                0x00001114                __vector_82
 .text.__vector_83
                0x00001184       0x70 src/asf/xmega/drivers/tc/tc.o
                0x00001184                __vector_83
 .text.__vector_84
                0x000011f4       0x70 src/asf/xmega/drivers/tc/tc.o
                0x000011f4                __vector_84
 .text.__vector_85
                0x00001264       0x70 src/asf/xmega/drivers/tc/tc.o
                0x00001264                __vector_85
 .text.__vector_86
                0x000012d4       0x70 src/asf/xmega/drivers/tc/tc.o
                0x000012d4                __vector_86
 .text.__vector_47
                0x00001344       0x70 src/asf/xmega/drivers/tc/tc.o
                0x00001344                __vector_47
 .text.__vector_48
                0x000013b4       0x70 src/asf/xmega/drivers/tc/tc.o
                0x000013b4                __vector_48
 .text.__vector_49
                0x00001424       0x70 src/asf/xmega/drivers/tc/tc.o
                0x00001424                __vector_49
 .text.__vector_50
                0x00001494       0x70 src/asf/xmega/drivers/tc/tc.o
                0x00001494                __vector_50
 .text.__vector_51
                0x00001504       0x70 src/asf/xmega/drivers/tc/tc.o
                0x00001504                __vector_51
 .text.__vector_52
                0x00001574       0x70 src/asf/xmega/drivers/tc/tc.o
                0x00001574                __vector_52
 .text.__vector_53
                0x000015e4       0x70 src/asf/xmega/drivers/tc/tc.o
                0x000015e4                __vector_53
 .text.__vector_54
                0x00001654       0x70 src/asf/xmega/drivers/tc/tc.o
                0x00001654                __vector_54
 .text.__vector_55
                0x000016c4       0x70 src/asf/xmega/drivers/tc/tc.o
                0x000016c4                __vector_55
 .text.__vector_56
                0x00001734       0x70 src/asf/xmega/drivers/tc/tc.o
                0x00001734                __vector_56
 .text.__vector_108
                0x000017a4       0x70 src/asf/xmega/drivers/tc/tc.o
                0x000017a4                __vector_108
 .text.__vector_109
                0x00001814       0x70 src/asf/xmega/drivers/tc/tc.o
                0x00001814                __vector_109
 .text.__vector_110
                0x00001884       0x70 src/asf/xmega/drivers/tc/tc.o
                0x00001884                __vector_110
 .text.__vector_111
                0x000018f4       0x70 src/asf/xmega/drivers/tc/tc.o
                0x000018f4                __vector_111
 .text.__vector_112
                0x00001964       0x70 src/asf/xmega/drivers/tc/tc.o
                0x00001964                __vector_112
 .text.__vector_113
                0x000019d4       0x70 src/asf/xmega/drivers/tc/tc.o
                0x000019d4                __vector_113
 .text.__vector_114
                0x00001a44       0x70 src/asf/xmega/drivers/tc/tc.o
                0x00001a44                __vector_114
 .text.__vector_115
                0x00001ab4       0x70 src/asf/xmega/drivers/tc/tc.o
                0x00001ab4                __vector_115
 .text.__vector_116
                0x00001b24       0x70 src/asf/xmega/drivers/tc/tc.o
                0x00001b24                __vector_116
 .text.__vector_117
                0x00001b94       0x70 src/asf/xmega/drivers/tc/tc.o
                0x00001b94                __vector_117
 .text.tc_enable
                0x00001c04      0x112 src/asf/xmega/drivers/tc/tc.o
                0x00001c04                tc_enable
 .text.usart_putchar
                0x00001d16       0x10 src/asf/xmega/drivers/usart/usart.o
                0x00001d16                usart_putchar
 .text.usart_set_baudrate
                0x00001d26      0x214 src/asf/xmega/drivers/usart/usart.o
                0x00001d26                usart_set_baudrate
 .text.wdt_reset_mcu
                0x00001f3a       0x2c src/asf/xmega/drivers/wdt/wdt.o
                0x00001f3a                wdt_reset_mcu
 .text.En_RC32M
                0x00001f66       0x2a src/initialize.o
                0x00001f66                En_RC32M
 .text.PORT_init
                0x00001f90       0x68 src/initialize.o
                0x00001f90                PORT_init
 .text.TimerC0_init
                0x00001ff8       0x36 src/initialize.o
                0x00001ff8                TimerC0_init
 .text.TimerD0_init
                0x0000202e       0x34 src/initialize.o
                0x0000202e                TimerD0_init
 .text.SPI_Init
                0x00002062       0x32 src/initialize.o
                0x00002062                SPI_Init
 .text.USARTE0_init
                0x00002094       0x44 src/initialize.o
                0x00002094                USARTE0_init
 .text.USARTF0_init
                0x000020d8       0x4a src/initialize.o
                0x000020d8                USARTF0_init
 .text.USARTF1_init
                0x00002122       0x4a src/initialize.o
                0x00002122                USARTF1_init
 .text.ADCA_init
                0x0000216c       0x92 src/initialize.o
                0x0000216c                ADCA_init
 .text.__vector_43
                0x000021fe      0x8b0 src/main.o
                0x000021fe                __vector_43
 .text.__vector_77
                0x00002aae      0x35e src/main.o
                0x00002aae                __vector_77
 .text.__vector_104
                0x00002e0c       0x1e src/main.o
                0x00002e0c                __vector_104
 .text.__vector_94
                0x00002e2a       0x54 src/main.o
                0x00002e2a                __vector_94
 .text.__vector_96
                0x00002e7e       0x54 src/main.o
                0x00002e7e                __vector_96
 .text.__vector_2
                0x00002ed2       0x54 src/main.o
                0x00002ed2                __vector_2
 .text.__vector_95
                0x00002f26       0x54 src/main.o
                0x00002f26                __vector_95
 .text.__vector_97
                0x00002f7a       0xa6 src/main.o
                0x00002f7a                __vector_97
 .text.__vector_100
                0x00003020       0x1e src/main.o
                0x00003020                __vector_100
 .text.disp_ans
                0x0000303e      0x124 src/main.o
                0x0000303e                disp_ans
 .text.main     0x00003162     0x14ca src/main.o
                0x00003162                main
 .text.__vector_119
                0x0000462c      0x1a0 src/main.o
                0x0000462c                __vector_119
 .text.__vector_122
                0x000047cc      0x1a0 src/main.o
                0x000047cc                __vector_122
 .text.__vector_58
                0x0000496c       0x3c src/main.o
                0x0000496c                __vector_58
 .text.NRF24L01_L_RF_TX
                0x000049a8       0x18 src/nrf24l01_L.o
                0x000049a8                NRF24L01_L_RF_TX
 .text.SPI_L    0x000049c0       0x14 src/nrf24l01_L.o
                0x000049c0                SPI_L
 .text.NRF24L01_L_ReadReg
                0x000049d4       0x1e src/nrf24l01_L.o
                0x000049d4                NRF24L01_L_ReadReg
 .text.NRF24L01_L_WriteReg
                0x000049f2       0x2c src/nrf24l01_L.o
                0x000049f2                NRF24L01_L_WriteReg
 .text.NRF24L01_L_Set_CH
                0x00004a1e        0xa src/nrf24l01_L.o
                0x00004a1e                NRF24L01_L_Set_CH
 .text.NRF24L01_L_Set_ShockBurst
                0x00004a28       0x14 src/nrf24l01_L.o
                0x00004a28                NRF24L01_L_Set_ShockBurst
 .text.NRF24L01_L_Set_Address_Width
                0x00004a3c        0x8 src/nrf24l01_L.o
                0x00004a3c                NRF24L01_L_Set_Address_Width
 .text.NRF24L01_L_Clear_Interrupts
                0x00004a44        0x8 src/nrf24l01_L.o
                0x00004a44                NRF24L01_L_Clear_Interrupts
 .text.NRF24L01_L_ReadRegBuf
                0x00004a4c       0x50 src/nrf24l01_L.o
                0x00004a4c                NRF24L01_L_ReadRegBuf
 .text.NRF24L01_L_Read_RX_Buf
                0x00004a9c        0xa src/nrf24l01_L.o
                0x00004a9c                NRF24L01_L_Read_RX_Buf
 .text.NRF24L01_L_WriteRegBuf
                0x00004aa6       0x4e src/nrf24l01_L.o
                0x00004aa6                NRF24L01_L_WriteRegBuf
 .text.NRF24L01_L_Set_RX_Pipe
                0x00004af4       0x54 src/nrf24l01_L.o
                0x00004af4                NRF24L01_L_Set_RX_Pipe
 .text.NRF24L01_L_Set_TX_Address
                0x00004b48        0xa src/nrf24l01_L.o
                0x00004b48                NRF24L01_L_Set_TX_Address
 .text.NRF24L01_L_Init_milad
                0x00004b52       0x76 src/nrf24l01_L.o
                0x00004b52                NRF24L01_L_Init_milad
 .text.NRF24L01_L_Write_TX_Buf
                0x00004bc8        0xa src/nrf24l01_L.o
                0x00004bc8                NRF24L01_L_Write_TX_Buf
 .text.NRF24L01_L_Flush_TX
                0x00004bd2       0x1c src/nrf24l01_L.o
                0x00004bd2                NRF24L01_L_Flush_TX
 .text.NRF24L01_L_Flush_RX
                0x00004bee       0x1c src/nrf24l01_L.o
                0x00004bee                NRF24L01_L_Flush_RX
 .text.libgcc.div
                0x00004c0a       0x44 c:/program files (x86)/atmel/atmel toolchain/avr8 gcc/native/3.4.1056/avr8-gnu-toolchain/bin/../lib/gcc/avr/4.8.1/avrxmega7\libgcc.a(_udivmodsi4.o)
                0x00004c0a                __udivmodsi4
 .text.libgcc   0x00004c4e        0xc c:/program files (x86)/atmel/atmel toolchain/avr8 gcc/native/3.4.1056/avr8-gnu-toolchain/bin/../lib/gcc/avr/4.8.1/avrxmega7\libgcc.a(_tablejump.o)
                0x00004c4e                __tablejump2__
                0x00004c52                __tablejump__
 .text.avr-libc
                0x00004c5a       0x50 c:/program files (x86)/atmel/atmel toolchain/avr8 gcc/native/3.4.1056/avr8-gnu-toolchain/bin/../lib/gcc/avr/4.8.1/../../../../avr/lib/avrxmega7\libc.a(sprintf.o)
                0x00004c5a                sprintf
 .text.avr-libc
                0x00004caa      0x3d0 c:/program files (x86)/atmel/atmel toolchain/avr8 gcc/native/3.4.1056/avr8-gnu-toolchain/bin/../lib/gcc/avr/4.8.1/../../../../avr/lib/avrxmega7\libc.a(vfprintf_std.o)
                0x00004caa                vfprintf
 .text.avr-libc
                0x0000507a       0x16 c:/program files (x86)/atmel/atmel toolchain/avr8 gcc/native/3.4.1056/avr8-gnu-toolchain/bin/../lib/gcc/avr/4.8.1/../../../../avr/lib/avrxmega7\libc.a(strnlen_P.o)
                0x0000507a                strnlen_P
 .text.avr-libc
                0x00005090       0x16 c:/program files (x86)/atmel/atmel toolchain/avr8 gcc/native/3.4.1056/avr8-gnu-toolchain/bin/../lib/gcc/avr/4.8.1/../../../../avr/lib/avrxmega7\libc.a(strnlen.o)
                0x00005090                strnlen
 .text.avr-libc
                0x000050a6       0x64 c:/program files (x86)/atmel/atmel toolchain/avr8 gcc/native/3.4.1056/avr8-gnu-toolchain/bin/../lib/gcc/avr/4.8.1/../../../../avr/lib/avrxmega7\libc.a(fputc.o)
                0x000050a6                fputc
 .text.avr-libc
                0x0000510a       0xbc c:/program files (x86)/atmel/atmel toolchain/avr8 gcc/native/3.4.1056/avr8-gnu-toolchain/bin/../lib/gcc/avr/4.8.1/../../../../avr/lib/avrxmega7\libc.a(ultoa_invert.o)
                0x0000510a                __ultoa_invert
                0x000051c6                . = ALIGN (0x2)
 *(.fini9)
 .fini9         0x000051c6        0x0 c:/program files (x86)/atmel/atmel toolchain/avr8 gcc/native/3.4.1056/avr8-gnu-toolchain/bin/../lib/gcc/avr/4.8.1/avrxmega7\libgcc.a(_exit.o)
                0x000051c6                _exit
                0x000051c6                exit
 *(.fini9)
 *(.fini8)
 *(.fini8)
 *(.fini7)
 *(.fini7)
 *(.fini6)
 *(.fini6)
 *(.fini5)
 *(.fini5)
 *(.fini4)
 *(.fini4)
 *(.fini3)
 *(.fini3)
 *(.fini2)
 *(.fini2)
 *(.fini1)
 *(.fini1)
 *(.fini0)
 .fini0         0x000051c6        0x4 c:/program files (x86)/atmel/atmel toolchain/avr8 gcc/native/3.4.1056/avr8-gnu-toolchain/bin/../lib/gcc/avr/4.8.1/avrxmega7\libgcc.a(_exit.o)
 *(.fini0)
                0x000051ca                _etext = .

.data           0x00802000       0x64 load address 0x000051ca
                0x00802000                PROVIDE (__data_start, .)
 *(.data)
 .data          0x00802000        0x0 c:/program files (x86)/atmel/atmel toolchain/avr8 gcc/native/3.4.1056/avr8-gnu-toolchain/bin/../lib/gcc/avr/4.8.1/../../../../avr/lib/avrxmega7/crtx128a1.o
 .data          0x00802000        0x0 src/asf/common/boards/user_board/init.o
 .data          0x00802000        0x0 src/lcd.o
 .data          0x00802000        0x0 src/Menu.o
 .data          0x00802000        0x0 src/asf/common/services/clock/xmega/sysclk.o
 .data          0x00802000        0x0 src/asf/common/services/sleepmgr/xmega/sleepmgr.o
 .data          0x00802000        0x0 src/asf/xmega/drivers/adc/adc.o
 .data          0x00802000        0x0 src/asf/xmega/drivers/cpu/ccp.o
 .data          0x00802000        0x0 src/asf/xmega/drivers/ioport/ioport.o
 .data          0x00802000        0x0 src/asf/xmega/drivers/nvm/nvm.o
 .data          0x00802000        0x0 src/asf/xmega/drivers/nvm/nvm_asm.o
 .data          0x00802000        0x0 src/asf/xmega/drivers/spi/spi.o
 .data          0x00802000        0x0 src/asf/xmega/drivers/tc/tc.o
 .data          0x00802000        0x0 src/asf/xmega/drivers/usart/usart.o
 .data          0x00802000        0x0 src/asf/xmega/drivers/wdt/wdt.o
 .data          0x00802000        0x0 src/initialize.o
 .data          0x00802000        0x0 src/main.o
 .data          0x00802000        0x0 src/nrf24l01_L.o
 .data          0x00802000        0x0 c:/program files (x86)/atmel/atmel toolchain/avr8 gcc/native/3.4.1056/avr8-gnu-toolchain/bin/../lib/gcc/avr/4.8.1/avrxmega7\libgcc.a(_udivmodsi4.o)
 .data          0x00802000        0x0 c:/program files (x86)/atmel/atmel toolchain/avr8 gcc/native/3.4.1056/avr8-gnu-toolchain/bin/../lib/gcc/avr/4.8.1/avrxmega7\libgcc.a(_exit.o)
 .data          0x00802000        0x0 c:/program files (x86)/atmel/atmel toolchain/avr8 gcc/native/3.4.1056/avr8-gnu-toolchain/bin/../lib/gcc/avr/4.8.1/avrxmega7\libgcc.a(_tablejump.o)
 .data          0x00802000        0x0 c:/program files (x86)/atmel/atmel toolchain/avr8 gcc/native/3.4.1056/avr8-gnu-toolchain/bin/../lib/gcc/avr/4.8.1/avrxmega7\libgcc.a(_copy_data.o)
 .data          0x00802000        0x0 c:/program files (x86)/atmel/atmel toolchain/avr8 gcc/native/3.4.1056/avr8-gnu-toolchain/bin/../lib/gcc/avr/4.8.1/avrxmega7\libgcc.a(_clear_bss.o)
 .data          0x00802000        0x0 c:/program files (x86)/atmel/atmel toolchain/avr8 gcc/native/3.4.1056/avr8-gnu-toolchain/bin/../lib/gcc/avr/4.8.1/../../../../avr/lib/avrxmega7\libc.a(memcpy.o)
 .data          0x00802000        0x0 c:/program files (x86)/atmel/atmel toolchain/avr8 gcc/native/3.4.1056/avr8-gnu-toolchain/bin/../lib/gcc/avr/4.8.1/../../../../avr/lib/avrxmega7\libc.a(sprintf.o)
 .data          0x00802000        0x0 c:/program files (x86)/atmel/atmel toolchain/avr8 gcc/native/3.4.1056/avr8-gnu-toolchain/bin/../lib/gcc/avr/4.8.1/../../../../avr/lib/avrxmega7\libc.a(vfprintf_std.o)
 .data          0x00802000        0x0 c:/program files (x86)/atmel/atmel toolchain/avr8 gcc/native/3.4.1056/avr8-gnu-toolchain/bin/../lib/gcc/avr/4.8.1/../../../../avr/lib/avrxmega7\libc.a(strnlen_P.o)
 .data          0x00802000        0x0 c:/program files (x86)/atmel/atmel toolchain/avr8 gcc/native/3.4.1056/avr8-gnu-toolchain/bin/../lib/gcc/avr/4.8.1/../../../../avr/lib/avrxmega7\libc.a(strnlen.o)
 .data          0x00802000        0x0 c:/program files (x86)/atmel/atmel toolchain/avr8 gcc/native/3.4.1056/avr8-gnu-toolchain/bin/../lib/gcc/avr/4.8.1/../../../../avr/lib/avrxmega7\libc.a(fputc.o)
 .data          0x00802000        0x0 c:/program files (x86)/atmel/atmel toolchain/avr8 gcc/native/3.4.1056/avr8-gnu-toolchain/bin/../lib/gcc/avr/4.8.1/../../../../avr/lib/avrxmega7\libc.a(ultoa_invert.o)
 *(.data*)
 .data.menu_index
                0x00802000        0x3 src/Menu.o
                0x00802000                menu_index
 .data.Address  0x00802003        0x5 src/main.o
                0x00802003                Address
 .data.Seg      0x00802008       0x24 src/main.o
                0x00802008                Seg
 .data.Buzzer_Time
                0x0080202c        0x4 src/main.o
                0x0080202c                Buzzer_Time
 .data.LED_White_Time
                0x00802030        0x4 src/main.o
                0x00802030                LED_White_Time
 .data.LED_Green_Time
                0x00802034        0x4 src/main.o
                0x00802034                LED_Green_Time
 .data.LED_Red_Time
                0x00802038        0x4 src/main.o
                0x00802038                LED_Red_Time
 .data.Test_RPM
                0x0080203c        0x1 src/main.o
                0x0080203c                Test_RPM
 *(.rodata)
 *(.rodata*)
 .rodata.str1.1
                0x0080203d       0x27 src/main.o
 *(.gnu.linkonce.d*)
                0x00802064                . = ALIGN (0x2)
                0x00802064                _edata = .
                0x00802064                PROVIDE (__data_end, .)

.bss            0x00802064      0x433
                0x00802064                PROVIDE (__bss_start, .)
 *(.bss)
 *(.bss*)
 .bss.menu_time
                0x00802064        0x2 src/Menu.o
                0x00802064                menu_time
 .bss.Menu_Cancel_flg
                0x00802066        0x1 src/Menu.o
                0x00802066                Menu_Cancel_flg
 .bss.Menu_Set_flg
                0x00802067        0x1 src/Menu.o
                0x00802067                Menu_Set_flg
 .bss.adcb_enable_count
                0x00802068        0x1 src/asf/xmega/drivers/adc/adc.o
 .bss.adca_enable_count
                0x00802069        0x1 src/asf/xmega/drivers/adc/adc.o
 .bss.tc_tcf1_ccb_callback
                0x0080206a        0x2 src/asf/xmega/drivers/tc/tc.o
 .bss.tc_tcf1_cca_callback
                0x0080206c        0x2 src/asf/xmega/drivers/tc/tc.o
 .bss.tc_tcf1_err_callback
                0x0080206e        0x2 src/asf/xmega/drivers/tc/tc.o
 .bss.tc_tcf1_ovf_callback
                0x00802070        0x2 src/asf/xmega/drivers/tc/tc.o
 .bss.tc_tcf0_ccd_callback
                0x00802072        0x2 src/asf/xmega/drivers/tc/tc.o
 .bss.tc_tcf0_ccc_callback
                0x00802074        0x2 src/asf/xmega/drivers/tc/tc.o
 .bss.tc_tcf0_ccb_callback
                0x00802076        0x2 src/asf/xmega/drivers/tc/tc.o
 .bss.tc_tcf0_cca_callback
                0x00802078        0x2 src/asf/xmega/drivers/tc/tc.o
 .bss.tc_tcf0_err_callback
                0x0080207a        0x2 src/asf/xmega/drivers/tc/tc.o
 .bss.tc_tcf0_ovf_callback
                0x0080207c        0x2 src/asf/xmega/drivers/tc/tc.o
 .bss.tc_tce1_ccb_callback
                0x0080207e        0x2 src/asf/xmega/drivers/tc/tc.o
 .bss.tc_tce1_cca_callback
                0x00802080        0x2 src/asf/xmega/drivers/tc/tc.o
 .bss.tc_tce1_err_callback
                0x00802082        0x2 src/asf/xmega/drivers/tc/tc.o
 .bss.tc_tce1_ovf_callback
                0x00802084        0x2 src/asf/xmega/drivers/tc/tc.o
 .bss.tc_tce0_ccd_callback
                0x00802086        0x2 src/asf/xmega/drivers/tc/tc.o
 .bss.tc_tce0_ccc_callback
                0x00802088        0x2 src/asf/xmega/drivers/tc/tc.o
 .bss.tc_tce0_ccb_callback
                0x0080208a        0x2 src/asf/xmega/drivers/tc/tc.o
 .bss.tc_tce0_cca_callback
                0x0080208c        0x2 src/asf/xmega/drivers/tc/tc.o
 .bss.tc_tce0_err_callback
                0x0080208e        0x2 src/asf/xmega/drivers/tc/tc.o
 .bss.tc_tce0_ovf_callback
                0x00802090        0x2 src/asf/xmega/drivers/tc/tc.o
 .bss.tc_tcd1_ccb_callback
                0x00802092        0x2 src/asf/xmega/drivers/tc/tc.o
 .bss.tc_tcd1_cca_callback
                0x00802094        0x2 src/asf/xmega/drivers/tc/tc.o
 .bss.tc_tcd1_err_callback
                0x00802096        0x2 src/asf/xmega/drivers/tc/tc.o
 .bss.tc_tcd1_ovf_callback
                0x00802098        0x2 src/asf/xmega/drivers/tc/tc.o
 .bss.tc_tcd0_ccd_callback
                0x0080209a        0x2 src/asf/xmega/drivers/tc/tc.o
 .bss.tc_tcd0_ccc_callback
                0x0080209c        0x2 src/asf/xmega/drivers/tc/tc.o
 .bss.tc_tcd0_ccb_callback
                0x0080209e        0x2 src/asf/xmega/drivers/tc/tc.o
 .bss.tc_tcd0_cca_callback
                0x008020a0        0x2 src/asf/xmega/drivers/tc/tc.o
 .bss.tc_tcd0_err_callback
                0x008020a2        0x2 src/asf/xmega/drivers/tc/tc.o
 .bss.tc_tcc1_ccb_callback
                0x008020a4        0x2 src/asf/xmega/drivers/tc/tc.o
 .bss.tc_tcc1_cca_callback
                0x008020a6        0x2 src/asf/xmega/drivers/tc/tc.o
 .bss.tc_tcc1_err_callback
                0x008020a8        0x2 src/asf/xmega/drivers/tc/tc.o
 .bss.tc_tcc1_ovf_callback
                0x008020aa        0x2 src/asf/xmega/drivers/tc/tc.o
 .bss.tc_tcc0_ccd_callback
                0x008020ac        0x2 src/asf/xmega/drivers/tc/tc.o
 .bss.tc_tcc0_ccc_callback
                0x008020ae        0x2 src/asf/xmega/drivers/tc/tc.o
 .bss.tc_tcc0_ccb_callback
                0x008020b0        0x2 src/asf/xmega/drivers/tc/tc.o
 .bss.tc_tcc0_cca_callback
                0x008020b2        0x2 src/asf/xmega/drivers/tc/tc.o
 .bss.tc_tcc0_err_callback
                0x008020b4        0x2 src/asf/xmega/drivers/tc/tc.o
 .bss.tc_tcc0_ovf_callback
                0x008020b6        0x2 src/asf/xmega/drivers/tc/tc.o
 .bss.ask_cnt1  0x008020b8        0x2 src/main.o
                0x008020b8                ask_cnt1
 .bss.ask_cnt0  0x008020ba        0x2 src/main.o
                0x008020ba                ask_cnt0
 .bss.ctrlflg   0x008020bc        0x1 src/main.o
                0x008020bc                ctrlflg
 .bss.time_ms   0x008020bd        0x4 src/main.o
                0x008020bd                time_ms
 .bss.free_wheel
                0x008020c1        0x2 src/main.o
                0x008020c1                free_wheel
 .bss.adc       0x008020c3        0x2 src/main.o
                0x008020c3                adc
 .bss.flg1      0x008020c5        0x2 src/main.o
                0x008020c5                flg1
 .bss.flg       0x008020c7        0x2 src/main.o
                0x008020c7                flg
 .bss.cnt       0x008020c9        0x2 src/main.o
                0x008020c9                cnt
 *(COMMON)
 COMMON         0x008020cb        0x1 src/Menu.o
                0x008020cb                disp
 COMMON         0x008020cc        0x6 src/asf/common/services/sleepmgr/xmega/sleepmgr.o
                0x008020cc                sleepmgr_locks
 COMMON         0x008020d2      0x3c5 src/main.o
                0x008020d2                Test_Driver_Data0
                0x008020d4                buff_d_temp
                0x008020d6                Robot_D
                0x008021ea                buff_p
                0x008021ec                F1_buff_tmp3
                0x008021ee                F1_buff_tmp0
                0x008021f0                kd
                0x008021f4                kck_time
                0x008021f8                MH
                0x0080220f                PCK_H
                0x00802212                reply2
                0x00802213                Robot_S_D_tmp2
                0x00802218                F0_buff_tmp2
                0x0080221a                tx3b
                0x0080221b                Test_Driver_Data3
                0x0080221d                Robot_Send_PCK
                0x00802228                LED_Red_Speed
                0x0080222a                Circular_Buffer
                0x00802259                tx1b
                0x0080225a                buff
                0x0080225c                tx2b
                0x0080225d                tx4b
                0x0080225e                rx
                0x0080226d                rx1
                0x00802270                Buzzer_Speed
                0x00802272                buff_u
                0x00802274                Robot_D_tmp
                0x00802388                Buf_Rx_L
                0x008023a8                F1_buff_tmp1
                0x008023aa                PCK_Speed
                0x008023ac                buff_d
                0x008023ae                timectrl
                0x008023af                rx2
                0x008023b2                buff_reply
                0x008023b4                buff2
                0x008023b5                Robot_S_D
                0x008023ba                M0
                0x008023d1                F0_buff_tmp1
                0x008023d3                tx1a
                0x008023d4                Buf_Tx_L
                0x008023f4                buff_p_temp
                0x008023f6                M3
                0x0080240d                driverTGL
                0x0080240f                ki
                0x00802413                buff_i
                0x00802415                tx2a
                0x00802416                tx4a
                0x00802417                rx4
                0x0080241a                PCK_S_H
                0x0080241d                reply2_tmp
                0x0080241e                buff_i_temp
                0x00802420                Test_Driver_Data2
                0x00802422                F1_buff_tmp2
                0x00802424                Test_Driver_Data1
                0x00802426                LED_Green_Speed
                0x00802428                buff_u_temp
                0x0080242a                str
                0x00802452                F0_buff_tmp3
                0x00802454                F0_buff_tmp0
                0x00802456                flg_off
                0x00802458                LED_White_Speed
                0x0080245a                tx3a
                0x0080245b                M1
                0x00802472                buff_reply_tmp1
                0x00802474                Robot_S_D_tmp
                0x00802479                M2
                0x00802490                rx3
                0x00802493                kp
                0x00802497                PROVIDE (__bss_end, .)
                0x000051ca                __data_load_start = LOADADDR (.data)
                0x0000522e                __data_load_end = (__data_load_start + SIZEOF (.data))

.noinit         0x00802497        0x0
                0x00802497                PROVIDE (__noinit_start, .)
 *(.noinit*)
                0x00802497                PROVIDE (__noinit_end, .)
                0x00802497                _end = .
                0x00802497                PROVIDE (__heap_start, .)

.eeprom         0x00810000        0x0
 *(.eeprom*)
                0x00810000                __eeprom_end = .

.fuse
 *(.fuse)
 *(.lfuse)
 *(.hfuse)
 *(.efuse)

.lock
 *(.lock*)

.signature
 *(.signature*)

.user_signatures
 *(.user_signatures*)

.stab
 *(.stab)

.stabstr
 *(.stabstr)

.stab.excl
 *(.stab.excl)

.stab.exclstr
 *(.stab.exclstr)

.stab.index
 *(.stab.index)

.stab.indexstr
 *(.stab.indexstr)

.comment        0x00000000       0x5c
 *(.comment)
 .comment       0x00000000       0x30 src/asf/common/boards/user_board/init.o
                                 0x31 (size before relaxing)
 .comment       0x00000000       0x31 src/lcd.o
 .comment       0x00000000       0x31 src/Menu.o
 .comment       0x00000000       0x31 src/asf/common/services/clock/xmega/sysclk.o
 .comment       0x00000000       0x31 src/asf/common/services/sleepmgr/xmega/sleepmgr.o
 .comment       0x00000000       0x31 src/asf/xmega/drivers/adc/adc.o
 .comment       0x00000000       0x31 src/asf/xmega/drivers/ioport/ioport.o
 .comment       0x00000000       0x31 src/asf/xmega/drivers/nvm/nvm.o
 .comment       0x00000000       0x31 src/asf/xmega/drivers/spi/spi.o
 .comment       0x00000000       0x31 src/asf/xmega/drivers/tc/tc.o
 .comment       0x00000000       0x31 src/asf/xmega/drivers/usart/usart.o
 .comment       0x00000000       0x31 src/asf/xmega/drivers/wdt/wdt.o
 .comment       0x00000000       0x31 src/initialize.o
 .comment       0x00000000       0x31 src/main.o
 .comment       0x00000000       0x31 src/nrf24l01_L.o
 .comment       0x00000000       0x31 c:/program files (x86)/atmel/atmel toolchain/avr8 gcc/native/3.4.1056/avr8-gnu-toolchain/bin/../lib/gcc/avr/4.8.1/../../../../avr/lib/avrxmega7\libc.a(sprintf.o)
 .comment       0x00000030       0x2c c:/program files (x86)/atmel/atmel toolchain/avr8 gcc/native/3.4.1056/avr8-gnu-toolchain/bin/../lib/gcc/avr/4.8.1/../../../../avr/lib/avrxmega7\libc.a(vfprintf_std.o)
                                 0x2d (size before relaxing)
 .comment       0x00000000       0x31 c:/program files (x86)/atmel/atmel toolchain/avr8 gcc/native/3.4.1056/avr8-gnu-toolchain/bin/../lib/gcc/avr/4.8.1/../../../../avr/lib/avrxmega7\libc.a(fputc.o)

.note.gnu.build-id
 *(.note.gnu.build-id)

.debug
 *(.debug)

.line
 *(.line)

.debug_srcinfo
 *(.debug_srcinfo)

.debug_sfnames
 *(.debug_sfnames)

.debug_aranges  0x00000000      0x7d0
 *(.debug_aranges)
 .debug_aranges
                0x00000000       0x20 src/asf/common/boards/user_board/init.o
 .debug_aranges
                0x00000020       0xc8 src/lcd.o
 .debug_aranges
                0x000000e8       0xe0 src/Menu.o
 .debug_aranges
                0x000001c8       0x30 src/asf/common/services/clock/xmega/sysclk.o
 .debug_aranges
                0x000001f8       0x18 src/asf/common/services/sleepmgr/xmega/sleepmgr.o
 .debug_aranges
                0x00000210       0x60 src/asf/xmega/drivers/adc/adc.o
 .debug_aranges
                0x00000270       0x20 src/asf/xmega/drivers/cpu/ccp.o
 .debug_aranges
                0x00000290       0x20 src/asf/xmega/drivers/ioport/ioport.o
 .debug_aranges
                0x000002b0       0xc0 src/asf/xmega/drivers/nvm/nvm.o
 .debug_aranges
                0x00000370       0x28 src/asf/xmega/drivers/nvm/nvm_asm.o
 .debug_aranges
                0x00000398       0x20 src/asf/xmega/drivers/spi/spi.o
 .debug_aranges
                0x000003b8      0x190 src/asf/xmega/drivers/tc/tc.o
 .debug_aranges
                0x00000548       0x58 src/asf/xmega/drivers/usart/usart.o
 .debug_aranges
                0x000005a0       0x50 src/asf/xmega/drivers/wdt/wdt.o
 .debug_aranges
                0x000005f0       0x68 src/initialize.o
 .debug_aranges
                0x00000658       0x98 src/main.o
 .debug_aranges
                0x000006f0       0xe0 src/nrf24l01_L.o

.debug_pubnames
 *(.debug_pubnames)

.debug_info     0x00000000     0xc52f
 *(.debug_info .gnu.linkonce.wi.*)
 .debug_info    0x00000000       0x9f src/asf/common/boards/user_board/init.o
 .debug_info    0x0000009f      0xd05 src/lcd.o
 .debug_info    0x00000da4      0x6c5 src/Menu.o
 .debug_info    0x00001469      0x3bb src/asf/common/services/clock/xmega/sysclk.o
 .debug_info    0x00001824      0x134 src/asf/common/services/sleepmgr/xmega/sleepmgr.o
 .debug_info    0x00001958     0x111d src/asf/xmega/drivers/adc/adc.o
 .debug_info    0x00002a75       0x8e src/asf/xmega/drivers/cpu/ccp.o
 .debug_info    0x00002b03      0x112 src/asf/xmega/drivers/ioport/ioport.o
 .debug_info    0x00002c15     0x138c src/asf/xmega/drivers/nvm/nvm.o
 .debug_info    0x00003fa1       0x8e src/asf/xmega/drivers/nvm/nvm_asm.o
 .debug_info    0x0000402f      0x1c7 src/asf/xmega/drivers/spi/spi.o
 .debug_info    0x000041f6     0x1acb src/asf/xmega/drivers/tc/tc.o
 .debug_info    0x00005cc1      0xf96 src/asf/xmega/drivers/usart/usart.o
 .debug_info    0x00006c57      0x4ef src/asf/xmega/drivers/wdt/wdt.o
 .debug_info    0x00007146     0x2637 src/initialize.o
 .debug_info    0x0000977d     0x1de8 src/main.o
 .debug_info    0x0000b565      0xfca src/nrf24l01_L.o

.debug_abbrev   0x00000000     0x20b1
 *(.debug_abbrev)
 .debug_abbrev  0x00000000       0x47 src/asf/common/boards/user_board/init.o
 .debug_abbrev  0x00000047      0x1d8 src/lcd.o
 .debug_abbrev  0x0000021f      0x1de src/Menu.o
 .debug_abbrev  0x000003fd      0x169 src/asf/common/services/clock/xmega/sysclk.o
 .debug_abbrev  0x00000566       0x87 src/asf/common/services/sleepmgr/xmega/sleepmgr.o
 .debug_abbrev  0x000005ed      0x34f src/asf/xmega/drivers/adc/adc.o
 .debug_abbrev  0x0000093c       0x14 src/asf/xmega/drivers/cpu/ccp.o
 .debug_abbrev  0x00000950       0x7b src/asf/xmega/drivers/ioport/ioport.o
 .debug_abbrev  0x000009cb      0x3f1 src/asf/xmega/drivers/nvm/nvm.o
 .debug_abbrev  0x00000dbc       0x12 src/asf/xmega/drivers/nvm/nvm_asm.o
 .debug_abbrev  0x00000dce       0xf6 src/asf/xmega/drivers/spi/spi.o
 .debug_abbrev  0x00000ec4      0x2ae src/asf/xmega/drivers/tc/tc.o
 .debug_abbrev  0x00001172      0x356 src/asf/xmega/drivers/usart/usart.o
 .debug_abbrev  0x000014c8      0x15d src/asf/xmega/drivers/wdt/wdt.o
 .debug_abbrev  0x00001625      0x384 src/initialize.o
 .debug_abbrev  0x000019a9      0x428 src/main.o
 .debug_abbrev  0x00001dd1      0x2e0 src/nrf24l01_L.o

.debug_line     0x00000000     0x84b1
 *(.debug_line .debug_line.* .debug_line_end)
 .debug_line    0x00000000      0x3f2 src/asf/common/boards/user_board/init.o
 .debug_line    0x000003f2      0xcb1 src/lcd.o
 .debug_line    0x000010a3      0x9c8 src/Menu.o
 .debug_line    0x00001a6b      0x50e src/asf/common/services/clock/xmega/sysclk.o
 .debug_line    0x00001f79      0x430 src/asf/common/services/sleepmgr/xmega/sleepmgr.o
 .debug_line    0x000023a9      0x965 src/asf/xmega/drivers/adc/adc.o
 .debug_line    0x00002d0e       0x54 src/asf/xmega/drivers/cpu/ccp.o
 .debug_line    0x00002d62      0x3f0 src/asf/xmega/drivers/ioport/ioport.o
 .debug_line    0x00003152      0xbc6 src/asf/xmega/drivers/nvm/nvm.o
 .debug_line    0x00003d18       0x8a src/asf/xmega/drivers/nvm/nvm_asm.o
 .debug_line    0x00003da2      0x451 src/asf/xmega/drivers/spi/spi.o
 .debug_line    0x000041f3      0xf27 src/asf/xmega/drivers/tc/tc.o
 .debug_line    0x0000511a      0x8e6 src/asf/xmega/drivers/usart/usart.o
 .debug_line    0x00005a00      0x547 src/asf/xmega/drivers/wdt/wdt.o
 .debug_line    0x00005f47      0x9f5 src/initialize.o
 .debug_line    0x0000693c      0xfb0 src/main.o
 .debug_line    0x000078ec      0xbc5 src/nrf24l01_L.o

.debug_frame    0x00000000     0x2108
 *(.debug_frame)
 .debug_frame   0x00000000       0x24 src/asf/common/boards/user_board/init.o
 .debug_frame   0x00000024      0x1f4 src/lcd.o
 .debug_frame   0x00000218      0x200 src/Menu.o
 .debug_frame   0x00000418       0x44 src/asf/common/services/clock/xmega/sysclk.o
 .debug_frame   0x0000045c      0x144 src/asf/xmega/drivers/adc/adc.o
 .debug_frame   0x000005a0       0x30 src/asf/xmega/drivers/ioport/ioport.o
 .debug_frame   0x000005d0      0x33c src/asf/xmega/drivers/nvm/nvm.o
 .debug_frame   0x0000090c       0x4c src/asf/xmega/drivers/spi/spi.o
 .debug_frame   0x00000958      0xe0c src/asf/xmega/drivers/tc/tc.o
 .debug_frame   0x00001764      0x158 src/asf/xmega/drivers/usart/usart.o
 .debug_frame   0x000018bc       0x84 src/asf/xmega/drivers/wdt/wdt.o
 .debug_frame   0x00001940      0x140 src/initialize.o
 .debug_frame   0x00001a80      0x3ac src/main.o
 .debug_frame   0x00001e2c      0x2dc src/nrf24l01_L.o

.debug_str      0x00000000    0x2668e
 *(.debug_str)
 .debug_str     0x00000000    0x1ec0c src/asf/common/boards/user_board/init.o
                              0x1f1c7 (size before relaxing)
 .debug_str     0x0001ec0c     0x3195 src/lcd.o
                              0x2237b (size before relaxing)
 .debug_str     0x00021da1      0x5e4 src/Menu.o
                              0x22295 (size before relaxing)
 .debug_str     0x00022385      0x18c src/asf/common/services/clock/xmega/sysclk.o
                              0x1fcc5 (size before relaxing)
 .debug_str     0x00022511       0xb3 src/asf/common/services/sleepmgr/xmega/sleepmgr.o
                              0x1f288 (size before relaxing)
 .debug_str     0x000225c4      0x7dd src/asf/xmega/drivers/adc/adc.o
                              0x20c03 (size before relaxing)
 .debug_str     0x00022da1       0x68 src/asf/xmega/drivers/ioport/ioport.o
                              0x1f350 (size before relaxing)
 .debug_str     0x00022e09      0x6ef src/asf/xmega/drivers/nvm/nvm.o
                              0x1f8ec (size before relaxing)
 .debug_str     0x000234f8       0xd9 src/asf/xmega/drivers/spi/spi.o
                              0x1f412 (size before relaxing)
 .debug_str     0x000235d1      0x915 src/asf/xmega/drivers/tc/tc.o
                              0x20a06 (size before relaxing)
 .debug_str     0x00023ee6      0x55d src/asf/xmega/drivers/usart/usart.o
                              0x208bd (size before relaxing)
 .debug_str     0x00024443      0x4cf src/asf/xmega/drivers/wdt/wdt.o
                              0x1f307 (size before relaxing)
 .debug_str     0x00024912      0xbd2 src/initialize.o
                              0x235f1 (size before relaxing)
 .debug_str     0x000254e4      0xfbd src/main.o
                              0x23a34 (size before relaxing)
 .debug_str     0x000264a1      0x1ed src/nrf24l01_L.o
                              0x22961 (size before relaxing)

.debug_loc      0x00000000     0x6dfb
 *(.debug_loc)
 .debug_loc     0x00000000      0x7a7 src/lcd.o
 .debug_loc     0x000007a7      0x16d src/Menu.o
 .debug_loc     0x00000914      0x167 src/asf/common/services/clock/xmega/sysclk.o
 .debug_loc     0x00000a7b      0x8cd src/asf/xmega/drivers/adc/adc.o
 .debug_loc     0x00001348       0x66 src/asf/xmega/drivers/ioport/ioport.o
 .debug_loc     0x000013ae     0x113c src/asf/xmega/drivers/nvm/nvm.o
 .debug_loc     0x000024ea      0x105 src/asf/xmega/drivers/spi/spi.o
 .debug_loc     0x000025ef     0x213f src/asf/xmega/drivers/tc/tc.o
 .debug_loc     0x0000472e      0xd10 src/asf/xmega/drivers/usart/usart.o
 .debug_loc     0x0000543e      0x161 src/asf/xmega/drivers/wdt/wdt.o
 .debug_loc     0x0000559f      0x2da src/initialize.o
 .debug_loc     0x00005879      0x938 src/main.o
 .debug_loc     0x000061b1      0xc4a src/nrf24l01_L.o

.debug_macinfo
 *(.debug_macinfo)

.debug_weaknames
 *(.debug_weaknames)

.debug_funcnames
 *(.debug_funcnames)

.debug_typenames
 *(.debug_typenames)

.debug_varnames
 *(.debug_varnames)

.debug_pubtypes
 *(.debug_pubtypes)

.debug_ranges   0x00000000      0x6c8
 *(.debug_ranges)
 .debug_ranges  0x00000000       0x10 src/asf/common/boards/user_board/init.o
 .debug_ranges  0x00000010       0xb8 src/lcd.o
 .debug_ranges  0x000000c8       0xd0 src/Menu.o
 .debug_ranges  0x00000198       0x20 src/asf/common/services/clock/xmega/sysclk.o
 .debug_ranges  0x000001b8       0x50 src/asf/xmega/drivers/adc/adc.o
 .debug_ranges  0x00000208       0x10 src/asf/xmega/drivers/ioport/ioport.o
 .debug_ranges  0x00000218       0xb0 src/asf/xmega/drivers/nvm/nvm.o
 .debug_ranges  0x000002c8       0x20 src/asf/xmega/drivers/nvm/nvm_asm.o
 .debug_ranges  0x000002e8       0x10 src/asf/xmega/drivers/spi/spi.o
 .debug_ranges  0x000002f8      0x180 src/asf/xmega/drivers/tc/tc.o
 .debug_ranges  0x00000478       0x48 src/asf/xmega/drivers/usart/usart.o
 .debug_ranges  0x000004c0       0x40 src/asf/xmega/drivers/wdt/wdt.o
 .debug_ranges  0x00000500       0x58 src/initialize.o
 .debug_ranges  0x00000558       0xa0 src/main.o
 .debug_ranges  0x000005f8       0xd0 src/nrf24l01_L.o

.debug_macro    0x00000000     0xadab
 *(.debug_macro)
 .debug_macro   0x00000000      0x18c src/asf/common/boards/user_board/init.o
 .debug_macro   0x0000018c      0xa60 src/asf/common/boards/user_board/init.o
 .debug_macro   0x00000bec       0x10 src/asf/common/boards/user_board/init.o
 .debug_macro   0x00000bfc      0x1ad src/asf/common/boards/user_board/init.o
 .debug_macro   0x00000da9      0x293 src/asf/common/boards/user_board/init.o
 .debug_macro   0x0000103c       0x9e src/asf/common/boards/user_board/init.o
 .debug_macro   0x000010da     0x5272 src/asf/common/boards/user_board/init.o
 .debug_macro   0x0000634c       0x9a src/asf/common/boards/user_board/init.o
 .debug_macro   0x000063e6       0xf1 src/asf/common/boards/user_board/init.o
 .debug_macro   0x000064d7       0x34 src/asf/common/boards/user_board/init.o
 .debug_macro   0x0000650b       0x10 src/asf/common/boards/user_board/init.o
 .debug_macro   0x0000651b       0x18 src/asf/common/boards/user_board/init.o
 .debug_macro   0x00006533       0x5e src/asf/common/boards/user_board/init.o
 .debug_macro   0x00006591       0x10 src/asf/common/boards/user_board/init.o
 .debug_macro   0x000065a1       0x22 src/asf/common/boards/user_board/init.o
 .debug_macro   0x000065c3      0x166 src/asf/common/boards/user_board/init.o
 .debug_macro   0x00006729       0x1c src/asf/common/boards/user_board/init.o
 .debug_macro   0x00006745       0x35 src/asf/common/boards/user_board/init.o
 .debug_macro   0x0000677a       0x66 src/asf/common/boards/user_board/init.o
 .debug_macro   0x000067e0       0x8a src/asf/common/boards/user_board/init.o
 .debug_macro   0x0000686a       0x17 src/asf/common/boards/user_board/init.o
 .debug_macro   0x00006881      0x250 src/asf/common/boards/user_board/init.o
 .debug_macro   0x00006ad1       0x76 src/asf/common/boards/user_board/init.o
 .debug_macro   0x00006b47       0x16 src/asf/common/boards/user_board/init.o
 .debug_macro   0x00006b5d      0x6de src/asf/common/boards/user_board/init.o
 .debug_macro   0x0000723b       0x10 src/asf/common/boards/user_board/init.o
 .debug_macro   0x0000724b      0x175 src/asf/common/boards/user_board/init.o
 .debug_macro   0x000073c0       0x40 src/asf/common/boards/user_board/init.o
 .debug_macro   0x00007400       0x90 src/asf/common/boards/user_board/init.o
 .debug_macro   0x00007490       0x69 src/asf/common/boards/user_board/init.o
 .debug_macro   0x000074f9       0x31 src/asf/common/boards/user_board/init.o
 .debug_macro   0x0000752a      0x142 src/asf/common/boards/user_board/init.o
 .debug_macro   0x0000766c      0x2ce src/lcd.o
 .debug_macro   0x0000793a       0x20 src/lcd.o
 .debug_macro   0x0000795a       0x5e src/lcd.o
 .debug_macro   0x000079b8       0x10 src/lcd.o
 .debug_macro   0x000079c8       0x22 src/lcd.o
 .debug_macro   0x000079ea      0x148 src/lcd.o
 .debug_macro   0x00007b32       0x64 src/lcd.o
 .debug_macro   0x00007b96       0x2f src/lcd.o
 .debug_macro   0x00007bc5       0xe6 src/lcd.o
 .debug_macro   0x00007cab       0x8f src/lcd.o
 .debug_macro   0x00007d3a       0x34 src/lcd.o
 .debug_macro   0x00007d6e      0x194 src/lcd.o
 .debug_macro   0x00007f02       0x18 src/lcd.o
 .debug_macro   0x00007f1a       0x10 src/lcd.o
 .debug_macro   0x00007f2a       0x3a src/lcd.o
 .debug_macro   0x00007f64      0x36e src/lcd.o
 .debug_macro   0x000082d2       0x58 src/lcd.o
 .debug_macro   0x0000832a      0x167 src/lcd.o
 .debug_macro   0x00008491      0x2a7 src/Menu.o
 .debug_macro   0x00008738       0x4c src/Menu.o
 .debug_macro   0x00008784      0x1ce src/asf/common/services/clock/xmega/sysclk.o
 .debug_macro   0x00008952      0x19e src/asf/common/services/sleepmgr/xmega/sleepmgr.o
 .debug_macro   0x00008af0      0x22c src/asf/xmega/drivers/adc/adc.o
 .debug_macro   0x00008d1c      0x177 src/asf/xmega/drivers/ioport/ioport.o
 .debug_macro   0x00008e93      0x18e src/asf/xmega/drivers/ioport/ioport.o
 .debug_macro   0x00009021      0x193 src/asf/xmega/drivers/nvm/nvm.o
 .debug_macro   0x000091b4       0x26 src/asf/xmega/drivers/nvm/nvm.o
 .debug_macro   0x000091da       0x16 src/asf/xmega/drivers/nvm/nvm.o
 .debug_macro   0x000091f0      0x185 src/asf/xmega/drivers/spi/spi.o
 .debug_macro   0x00009375      0x221 src/asf/xmega/drivers/tc/tc.o
 .debug_macro   0x00009596      0x299 src/asf/xmega/drivers/tc/tc.o
 .debug_macro   0x0000982f       0x12 src/asf/xmega/drivers/tc/tc.o
 .debug_macro   0x00009841      0x1f4 src/asf/xmega/drivers/usart/usart.o
 .debug_macro   0x00009a35       0x34 src/asf/xmega/drivers/usart/usart.o
 .debug_macro   0x00009a69      0x17b src/asf/xmega/drivers/wdt/wdt.o
 .debug_macro   0x00009be4      0x2d2 src/initialize.o
 .debug_macro   0x00009eb6      0x368 src/initialize.o
 .debug_macro   0x0000a21e      0x32d src/main.o
 .debug_macro   0x0000a54b      0x1dd src/main.o
 .debug_macro   0x0000a728       0x58 src/main.o
 .debug_macro   0x0000a780       0x10 src/main.o
 .debug_macro   0x0000a790       0xeb src/main.o
 .debug_macro   0x0000a87b       0x34 src/main.o
 .debug_macro   0x0000a8af       0x52 src/main.o
 .debug_macro   0x0000a901      0x2c9 src/nrf24l01_L.o
 .debug_macro   0x0000abca       0x10 src/nrf24l01_L.o
 .debug_macro   0x0000abda      0x1d1 src/nrf24l01_L.o
OUTPUT(base1.elf elf32-avr)
LOAD linker stubs
