Archive member included because of file (symbol)

c:/program files (x86)/atmel/atmel toolchain/avr8 gcc/native/3.4.1056/avr8-gnu-toolchain/bin/../lib/gcc/avr/4.8.1/avrxmega7\libgcc.a(_udivmodsi4.o)
                              src/Menu.o (__udivmodsi4)
c:/program files (x86)/atmel/atmel toolchain/avr8 gcc/native/3.4.1056/avr8-gnu-toolchain/bin/../lib/gcc/avr/4.8.1/avrxmega7\libgcc.a(_exit.o)
                              c:/program files (x86)/atmel/atmel toolchain/avr8 gcc/native/3.4.1056/avr8-gnu-toolchain/bin/../lib/gcc/avr/4.8.1/../../../../avr/lib/avrxmega7/crtx128a1.o (exit)
c:/program files (x86)/atmel/atmel toolchain/avr8 gcc/native/3.4.1056/avr8-gnu-toolchain/bin/../lib/gcc/avr/4.8.1/avrxmega7\libgcc.a(_tablejump.o)
                              src/main.o (__tablejump2__)
c:/program files (x86)/atmel/atmel toolchain/avr8 gcc/native/3.4.1056/avr8-gnu-toolchain/bin/../lib/gcc/avr/4.8.1/avrxmega7\libgcc.a(_copy_data.o)
                              src/Menu.o (__do_copy_data)
c:/program files (x86)/atmel/atmel toolchain/avr8 gcc/native/3.4.1056/avr8-gnu-toolchain/bin/../lib/gcc/avr/4.8.1/avrxmega7\libgcc.a(_clear_bss.o)
                              src/Menu.o (__do_clear_bss)
c:/program files (x86)/atmel/atmel toolchain/avr8 gcc/native/3.4.1056/avr8-gnu-toolchain/bin/../lib/gcc/avr/4.8.1/../../../../avr/lib/avrxmega7\libm.a(addsf3.o)
                              src/main.o (__addsf3)
c:/program files (x86)/atmel/atmel toolchain/avr8 gcc/native/3.4.1056/avr8-gnu-toolchain/bin/../lib/gcc/avr/4.8.1/../../../../avr/lib/avrxmega7\libm.a(addsf3x.o)
                              c:/program files (x86)/atmel/atmel toolchain/avr8 gcc/native/3.4.1056/avr8-gnu-toolchain/bin/../lib/gcc/avr/4.8.1/../../../../avr/lib/avrxmega7\libm.a(addsf3.o) (__addsf3x)
c:/program files (x86)/atmel/atmel toolchain/avr8 gcc/native/3.4.1056/avr8-gnu-toolchain/bin/../lib/gcc/avr/4.8.1/../../../../avr/lib/avrxmega7\libm.a(fixsfsi.o)
                              src/main.o (__fixsfsi)
c:/program files (x86)/atmel/atmel toolchain/avr8 gcc/native/3.4.1056/avr8-gnu-toolchain/bin/../lib/gcc/avr/4.8.1/../../../../avr/lib/avrxmega7\libm.a(fixunssfsi.o)
                              c:/program files (x86)/atmel/atmel toolchain/avr8 gcc/native/3.4.1056/avr8-gnu-toolchain/bin/../lib/gcc/avr/4.8.1/../../../../avr/lib/avrxmega7\libm.a(fixsfsi.o) (__fixunssfsi)
c:/program files (x86)/atmel/atmel toolchain/avr8 gcc/native/3.4.1056/avr8-gnu-toolchain/bin/../lib/gcc/avr/4.8.1/../../../../avr/lib/avrxmega7\libm.a(floatsisf.o)
                              src/main.o (__floatsisf)
c:/program files (x86)/atmel/atmel toolchain/avr8 gcc/native/3.4.1056/avr8-gnu-toolchain/bin/../lib/gcc/avr/4.8.1/../../../../avr/lib/avrxmega7\libm.a(fp_inf.o)
                              c:/program files (x86)/atmel/atmel toolchain/avr8 gcc/native/3.4.1056/avr8-gnu-toolchain/bin/../lib/gcc/avr/4.8.1/../../../../avr/lib/avrxmega7\libm.a(addsf3x.o) (__fp_inf)
c:/program files (x86)/atmel/atmel toolchain/avr8 gcc/native/3.4.1056/avr8-gnu-toolchain/bin/../lib/gcc/avr/4.8.1/../../../../avr/lib/avrxmega7\libm.a(fp_nan.o)
                              c:/program files (x86)/atmel/atmel toolchain/avr8 gcc/native/3.4.1056/avr8-gnu-toolchain/bin/../lib/gcc/avr/4.8.1/../../../../avr/lib/avrxmega7\libm.a(addsf3x.o) (__fp_nan)
c:/program files (x86)/atmel/atmel toolchain/avr8 gcc/native/3.4.1056/avr8-gnu-toolchain/bin/../lib/gcc/avr/4.8.1/../../../../avr/lib/avrxmega7\libm.a(fp_pscA.o)
                              c:/program files (x86)/atmel/atmel toolchain/avr8 gcc/native/3.4.1056/avr8-gnu-toolchain/bin/../lib/gcc/avr/4.8.1/../../../../avr/lib/avrxmega7\libm.a(addsf3x.o) (__fp_pscA)
c:/program files (x86)/atmel/atmel toolchain/avr8 gcc/native/3.4.1056/avr8-gnu-toolchain/bin/../lib/gcc/avr/4.8.1/../../../../avr/lib/avrxmega7\libm.a(fp_pscB.o)
                              c:/program files (x86)/atmel/atmel toolchain/avr8 gcc/native/3.4.1056/avr8-gnu-toolchain/bin/../lib/gcc/avr/4.8.1/../../../../avr/lib/avrxmega7\libm.a(addsf3x.o) (__fp_pscB)
c:/program files (x86)/atmel/atmel toolchain/avr8 gcc/native/3.4.1056/avr8-gnu-toolchain/bin/../lib/gcc/avr/4.8.1/../../../../avr/lib/avrxmega7\libm.a(fp_round.o)
                              c:/program files (x86)/atmel/atmel toolchain/avr8 gcc/native/3.4.1056/avr8-gnu-toolchain/bin/../lib/gcc/avr/4.8.1/../../../../avr/lib/avrxmega7\libm.a(addsf3.o) (__fp_round)
c:/program files (x86)/atmel/atmel toolchain/avr8 gcc/native/3.4.1056/avr8-gnu-toolchain/bin/../lib/gcc/avr/4.8.1/../../../../avr/lib/avrxmega7\libm.a(fp_split3.o)
                              c:/program files (x86)/atmel/atmel toolchain/avr8 gcc/native/3.4.1056/avr8-gnu-toolchain/bin/../lib/gcc/avr/4.8.1/../../../../avr/lib/avrxmega7\libm.a(addsf3x.o) (__fp_split3)
c:/program files (x86)/atmel/atmel toolchain/avr8 gcc/native/3.4.1056/avr8-gnu-toolchain/bin/../lib/gcc/avr/4.8.1/../../../../avr/lib/avrxmega7\libm.a(fp_zero.o)
[...]
Memory Configuration

Name             Origin             Length             Attributes
text             0x00000000         0x00100000         xr
data             0x00802000         0x0000ffa0         rw !x
eeprom           0x00810000         0x00010000         rw !x
fuse             0x00820000         0x00000400         rw !x
lock             0x00830000         0x00000400         rw !x
signature        0x00840000         0x00000400         rw !x
user_signatures  0x00850000         0x00000400         rw !x
*default*        0x00000000         0xffffffff

Linker script and memory map

LOAD c:/program files (x86)/atmel/atmel toolchain/avr8 gcc/native/3.4.1056/avr8-gnu-toolchain/bin/../lib/gcc/avr/4.8.1/../../../../avr/lib/avrxmega7/crtx128a1.o
LOAD src/asf/common/boards/user_board/init.o
LOAD src/lcd.o
LOAD src/Menu.o
LOAD src/asf/common/services/clock/xmega/sysclk.o
LOAD src/asf/common/services/sleepmgr/xmega/sleepmgr.o
LOAD src/asf/xmega/drivers/adc/adc.o
LOAD src/asf/xmega/drivers/cpu/ccp.o
LOAD src/asf/xmega/drivers/ioport/ioport.o
LOAD src/asf/xmega/drivers/nvm/nvm.o
LOAD src/asf/xmega/drivers/nvm/nvm_asm.o
LOAD src/asf/xmega/drivers/spi/spi.o
LOAD src/asf/xmega/drivers/tc/tc.o
LOAD src/asf/xmega/drivers/usart/usart.o
LOAD src/asf/xmega/drivers/wdt/wdt.o
LOAD src/initialize.o
LOAD src/main.o
LOAD src/nrf24l01_L.o
START GROUP
END GROUP
START GROUP
LOAD c:/program files (x86)/atmel/atmel toolchain/avr8 gcc/native/3.4.1056/avr8-gnu-toolchain/bin/../lib/gcc/avr/4.8.1/avrxmega7\libgcc.a
LOAD c:/program files (x86)/atmel/atmel toolchain/avr8 gcc/native/3.4.1056/avr8-gnu-toolchain/bin/../lib/gcc/avr/4.8.1/../../../../avr/lib/avrxmega7\libm.a
LOAD c:/program files (x86)/atmel/atmel toolchain/avr8 gcc/native/3.4.1056/avr8-gnu-toolchain/bin/../lib/gcc/avr/4.8.1/../../../../avr/lib/avrxmega7\libc.a
END GROUP

.hash
 *(.hash)

.dynsym
 *(.dynsym)

.dynstr
 *(.dynstr)

.gnu.version
 *(.gnu.version)

.gnu.version_d
 *(.gnu.version_d)

.gnu.version_r
 *(.gnu.version_r)

.rel.init
 *(.rel.init)

.rela.init
 *(.rela.init)

.rel.text
 *(.rel.text)
 *(.rel.text.*)
 *(.rel.gnu.linkonce.t*)

.rela.text
 *(.rela.text)
 *(.rela.text.*)
 *(.rela.gnu.linkonce.t*)

.rel.fini
 *(.rel.fini)

.rela.fini
 *(.rela.fini)

.rel.rodata
 *(.rel.rodata)
 *(.rel.rodata.*)
 *(.rel.gnu.linkonce.r*)

.rela.rodata
 *(.rela.rodata)
 *(.rela.rodata.*)
 *(.rela.gnu.linkonce.r*)

.rel.data
 *(.rel.data)
 *(.rel.data.*)
 *(.rel.gnu.linkonce.d*)

.rela.data
 *(.rela.data)
 *(.rela.data.*)
 *(.rela.gnu.linkonce.d*)

.rel.ctors
 *(.rel.ctors)

.rela.ctors
 *(.rela.ctors)

.rel.dtors
 *(.rel.dtors)

.rela.dtors
 *(.rela.dtors)

.rel.got
 *(.rel.got)

.rela.got
 *(.rela.got)

.rel.bss
 *(.rel.bss)

.rela.bss
 *(.rela.bss)

.rel.plt
 *(.rel.plt)

.rela.plt
 *(.rela.plt)

.text           0x00000000     0x5d22
 *(.vectors)
 .vectors       0x00000000      0x1f4 c:/program files (x86)/atmel/atmel toolchain/avr8 gcc/native/3.4.1056/avr8-gnu-toolchain/bin/../lib/gcc/avr/4.8.1/../../../../avr/lib/avrxmega7/crtx128a1.o
                0x00000000                __vector_default
                0x00000000                __vectors
 *(.vectors)
 *(.progmem.gcc*)
 .progmem.gcc_sw_table.__vector_119
                0x000001f4       0x12 src/main.o
                0x00000206                . = ALIGN (0x2)
                0x00000206                __trampolines_start = .
 *(.trampolines)
 .trampolines   0x00000206        0x0 linker stubs
 *(.trampolines*)
                0x00000206                __trampolines_end = .
 *(.progmem*)
                0x00000206                . = ALIGN (0x2)
 *(.jumptables)
 *(.jumptables*)
 *(.lowtext)
 *(.lowtext*)
                0x00000206                __ctors_start = .
 *(.ctors)
                0x00000206                __ctors_end = .
                0x00000206                __dtors_start = .
 *(.dtors)
                0x00000206                __dtors_end = .
 SORT(*)(.ctors)
 SORT(*)(.dtors)
 *(.init0)
 .init0         0x00000206        0x0 c:/program files (x86)/atmel/atmel toolchain/avr8 gcc/native/3.4.1056/avr8-gnu-toolchain/bin/../lib/gcc/avr/4.8.1/../../../../avr/lib/avrxmega7/crtx128a1.o
                0x00000206                __init
 *(.init0)
 *(.init1)
 *(.init1)
 *(.init2)
 .init2         0x00000206       0x18 c:/program files (x86)/atmel/atmel toolchain/avr8 gcc/native/3.4.1056/avr8-gnu-toolchain/bin/../lib/gcc/avr/4.8.1/../../../../avr/lib/avrxmega7/crtx128a1.o
 *(.init2)
 *(.init3)
 *(.init3)
 *(.init4)
 .init4         0x0000021e       0x1c c:/program files (x86)/atmel/atmel toolchain/avr8 gcc/native/3.4.1056/avr8-gnu-toolchain/bin/../lib/gcc/avr/4.8.1/avrxmega7\libgcc.a(_copy_data.o)
                0x0000021e                __do_copy_data
 .init4         0x0000023a       0x10 c:/program files (x86)/atmel/atmel toolchain/avr8 gcc/native/3.4.1056/avr8-gnu-toolchain/bin/../lib/gcc/avr/4.8.1/avrxmega7\libgcc.a(_clear_bss.o)
                0x0000023a                __do_clear_bss
 *(.init4)
 *(.init5)
 *(.init5)
 *(.init6)
 *(.init6)
 *(.init7)
 *(.init7)
 *(.init8)
 *(.init8)
 *(.init9)
 .init9         0x0000024a        0x8 c:/program files (x86)/atmel/atmel toolchain/avr8 gcc/native/3.4.1056/avr8-gnu-toolchain/bin/../lib/gcc/avr/4.8.1/../../../../avr/lib/avrxmega7/crtx128a1.o
 *(.init9)
 *(.text)
 .text          0x00000252        0x2 c:/program files (x86)/atmel/atmel toolchain/avr8 gcc/native/3.4.1056/avr8-gnu-toolchain/bin/../lib/gcc/avr/4.8.1/../../../../avr/lib/avrxmega7/crtx128a1.o
                0x00000252                __vector_38
                0x00000252                __vector_63
                0x00000252                __vector_28
                0x00000252                __vector_67
                0x00000252                __vector_1
                0x00000252                __vector_32
                0x00000252                __vector_75
                0x00000252                __vector_71
                0x00000252                __vector_91
                0x00000252                __vector_34
                0x00000252                __vector_62
                0x00000252                __vector_102
                0x00000252                __vector_24
                0x00000252                __vector_12
                0x00000252                __vector_69
                0x00000252                __vector_90
                0x00000252                __vector_46
                0x00000252                __bad_interrupt
                0x00000252                __vector_72
                0x00000252                __vector_6
                0x00000252                __vector_31
                0x00000252                __vector_92
                0x00000252                __vector_35
                0x00000252                __vector_74
                0x00000252                __vector_39
                0x00000252                __vector_107
                0x00000252                __vector_3
                0x00000252                __vector_105
                0x00000252                __vector_98
                0x00000252                __vector_68
                0x00000252                __vector_30
                0x00000252                __vector_73
                0x00000252                __vector_45
                0x00000252                __vector_25
                0x00000252                __vector_93
                0x00000252                __vector_61
                0x00000252                __vector_11
                0x00000252                __vector_99
                0x00000252                __vector_13
                0x00000252                __vector_7
                0x00000252                __vector_123
                0x00000252                __vector_41
                0x00000252                __vector_101
                0x00000252                __vector_64
                0x00000252                __vector_88
                0x00000252                __vector_27
                0x00000252                __vector_5
                0x00000252                __vector_33
                0x00000252                __vector_76
                0x00000252                __vector_37
                0x00000252                __vector_103
                0x00000252                __vector_89
                0x00000252                __vector_4
                0x00000252                __vector_44
                0x00000252                __vector_106
                0x00000252                __vector_118
                0x00000252                __vector_9
                0x00000252                __vector_66
                0x00000252                __vector_36
                0x00000252                __vector_58
                0x00000252                __vector_70
                0x00000252                __vector_29
                0x00000252                __vector_60
                0x00000252                __vector_121
                0x00000252                __vector_40
                0x00000252                __vector_8
                0x00000252                __vector_26
                0x00000252                __vector_124
                0x00000252                __vector_57
                0x00000252                __vector_10
                0x00000252                __vector_59
                0x00000252                __vector_42
                0x00000252                __vector_87
                0x00000252                __vector_65
                0x00000252                __vector_120
                0x00000254                . = ALIGN (0x2)
 *(.text.*)
 .text.LCDDataLines
                0x00000254       0x7e src/lcd.o
                0x00000254                LCDDataLines
 .text.LCDDirOut
                0x000002d2       0x22 src/lcd.o
                0x000002d2                LCDDirOut
 .text.LCDDirIn
                0x000002f4       0x22 src/lcd.o
                0x000002f4                LCDDirIn
 .text.LCDSendData
                0x00000316       0x5e src/lcd.o
                0x00000316                LCDSendData
 .text.LCDSendCommand
                0x00000374       0x74 src/lcd.o
                0x00000374                LCDSendCommand
 .text.LCDInit  0x000003e8      0x102 src/lcd.o
                0x000003e8                LCDInit
 .text.LCDStringRam
                0x000004ea       0x1e src/lcd.o
                0x000004ea                LCDStringRam
 .text.LCDGotoXY
                0x00000508       0x1c src/lcd.o
                0x00000508                LCDGotoXY
 .text.menu_check_sw
                0x00000524       0x1e src/Menu.o
                0x00000524                menu_check_sw
 .text.Menu_Display
                0x00000542       0x42 src/Menu.o
                0x00000542                Menu_Display
 .text.menu_table
                0x00000584       0x16 src/Menu.o
                0x00000584                menu_table
 .text.Menu_Reset
                0x0000059a       0x4a src/Menu.o
                0x0000059a                Menu_Reset
 .text.menu_check_status
                0x000005e4      0x204 src/Menu.o
                0x000005e4                menu_check_status
 .text.sysclk_enable_module
                0x000007e8       0x16 src/asf/common/services/clock/xmega/sysclk.o
                0x000007e8                sysclk_enable_module
 .text.sysclk_disable_module
                0x000007fe       0x14 src/asf/common/services/clock/xmega/sysclk.o
                0x000007fe                sysclk_disable_module
 .text.adc_enable_clock
                0x00000812       0x42 src/asf/xmega/drivers/adc/adc.o
 .text.adc_disable_clock
                0x00000854       0x3e src/asf/xmega/drivers/adc/adc.o
 .text.adc_enable
                0x00000892       0x2e src/asf/xmega/drivers/adc/adc.o
                0x00000892                adc_enable
 .text.adc_write_configuration
                0x000008c0       0xa2 src/asf/xmega/drivers/adc/adc.o
                0x000008c0                adc_write_configuration
 .text.adcch_write_configuration
                0x00000962       0x60 src/asf/xmega/drivers/adc/adc.o
                0x00000962                adcch_write_configuration
 .text.adcch_read_configuration
                0x000009c2       0x62 src/asf/xmega/drivers/adc/adc.o
                0x000009c2                adcch_read_configuration
 .text.ccp_write_io
                0x00000a24        0xc src/asf/xmega/drivers/cpu/ccp.o
                0x00000a24                ccp_write_io
 .text.nvm_read_byte
                0x00000a30       0x14 src/asf/xmega/drivers/nvm/nvm_asm.o
                0x00000a30                nvm_read_byte
 .text.spi_xmega_set_baud_div
                0x00000a44       0x90 src/asf/xmega/drivers/spi/spi.o
                0x00000a44                spi_xmega_set_baud_div
 .text.__vector_14
                0x00000ad4       0x70 src/asf/xmega/drivers/tc/tc.o
                0x00000ad4                __vector_14
 .text.__vector_15
                0x00000b44       0x70 src/asf/xmega/drivers/tc/tc.o
                0x00000b44                __vector_15
 .text.__vector_16
                0x00000bb4       0x70 src/asf/xmega/drivers/tc/tc.o
                0x00000bb4                __vector_16
 .text.__vector_17
                0x00000c24       0x70 src/asf/xmega/drivers/tc/tc.o
                0x00000c24                __vector_17
 .text.__vector_18
                0x00000c94       0x70 src/asf/xmega/drivers/tc/tc.o
                0x00000c94                __vector_18
 .text.__vector_19
                0x00000d04       0x70 src/asf/xmega/drivers/tc/tc.o
                0x00000d04                __vector_19
 .text.__vector_20
                0x00000d74       0x70 src/asf/xmega/drivers/tc/tc.o
                0x00000d74                __vector_20
 .text.__vector_21
                0x00000de4       0x70 src/asf/xmega/drivers/tc/tc.o
                0x00000de4                __vector_21
 .text.__vector_22
                0x00000e54       0x70 src/asf/xmega/drivers/tc/tc.o
                0x00000e54                __vector_22
 .text.__vector_23
                0x00000ec4       0x70 src/asf/xmega/drivers/tc/tc.o
                0x00000ec4                __vector_23
 .text.__vector_78
                0x00000f34       0x70 src/asf/xmega/drivers/tc/tc.o
                0x00000f34                __vector_78
 .text.__vector_79
                0x00000fa4       0x70 src/asf/xmega/drivers/tc/tc.o
                0x00000fa4                __vector_79
 .text.__vector_80
                0x00001014       0x70 src/asf/xmega/drivers/tc/tc.o
                0x00001014                __vector_80
 .text.__vector_81
                0x00001084       0x70 src/asf/xmega/drivers/tc/tc.o
                0x00001084                __vector_81
 .text.__vector_82
                0x000010f4       0x70 src/asf/xmega/drivers/tc/tc.o
                0x000010f4                __vector_82
 .text.__vector_83
                0x00001164       0x70 src/asf/xmega/drivers/tc/tc.o
                0x00001164                __vector_83
 .text.__vector_84
                0x000011d4       0x70 src/asf/xmega/drivers/tc/tc.o
                0x000011d4                __vector_84
 .text.__vector_85
                0x00001244       0x70 src/asf/xmega/drivers/tc/tc.o
                0x00001244                __vector_85
 .text.__vector_86
                0x000012b4       0x70 src/asf/xmega/drivers/tc/tc.o
                0x000012b4                __vector_86
 .text.__vector_47
                0x00001324       0x70 src/asf/xmega/drivers/tc/tc.o
                0x00001324                __vector_47
 .text.__vector_48
                0x00001394       0x70 src/asf/xmega/drivers/tc/tc.o
                0x00001394                __vector_48
 .text.__vector_49
                0x00001404       0x70 src/asf/xmega/drivers/tc/tc.o
                0x00001404                __vector_49
 .text.__vector_50
                0x00001474       0x70 src/asf/xmega/drivers/tc/tc.o
                0x00001474                __vector_50
 .text.__vector_51
                0x000014e4       0x70 src/asf/xmega/drivers/tc/tc.o
                0x000014e4                __vector_51
 .text.__vector_52
                0x00001554       0x70 src/asf/xmega/drivers/tc/tc.o
                0x00001554                __vector_52
 .text.__vector_53
                0x000015c4       0x70 src/asf/xmega/drivers/tc/tc.o
                0x000015c4                __vector_53
 .text.__vector_54
                0x00001634       0x70 src/asf/xmega/drivers/tc/tc.o
                0x00001634                __vector_54
 .text.__vector_55
                0x000016a4       0x70 src/asf/xmega/drivers/tc/tc.o
                0x000016a4                __vector_55
 .text.__vector_56
                0x00001714       0x70 src/asf/xmega/drivers/tc/tc.o
                0x00001714                __vector_56
 .text.__vector_108
                0x00001784       0x70 src/asf/xmega/drivers/tc/tc.o
                0x00001784                __vector_108
 .text.__vector_109
                0x000017f4       0x70 src/asf/xmega/drivers/tc/tc.o
                0x000017f4                __vector_109
 .text.__vector_110
                0x00001864       0x70 src/asf/xmega/drivers/tc/tc.o
                0x00001864                __vector_110
 .text.__vector_111
                0x000018d4       0x70 src/asf/xmega/drivers/tc/tc.o
                0x000018d4                __vector_111
 .text.__vector_112
                0x00001944       0x70 src/asf/xmega/drivers/tc/tc.o
                0x00001944                __vector_112
 .text.__vector_113
                0x000019b4       0x70 src/asf/xmega/drivers/tc/tc.o
                0x000019b4                __vector_113
 .text.__vector_114
                0x00001a24       0x70 src/asf/xmega/drivers/tc/tc.o
                0x00001a24                __vector_114
 .text.__vector_115
                0x00001a94       0x70 src/asf/xmega/drivers/tc/tc.o
                0x00001a94                __vector_115
 .text.__vector_116
                0x00001b04       0x70 src/asf/xmega/drivers/tc/tc.o
                0x00001b04                __vector_116
 .text.__vector_117
                0x00001b74       0x70 src/asf/xmega/drivers/tc/tc.o
                0x00001b74                __vector_117
 .text.tc_enable
                0x00001be4      0x112 src/asf/xmega/drivers/tc/tc.o
                0x00001be4                tc_enable
 .text.usart_putchar
                0x00001cf6       0x10 src/asf/xmega/drivers/usart/usart.o
                0x00001cf6                usart_putchar
 .text.usart_set_baudrate
                0x00001d06      0x214 src/asf/xmega/drivers/usart/usart.o
                0x00001d06                usart_set_baudrate
 .text.wdt_reset_mcu
                0x00001f1a       0x2c src/asf/xmega/drivers/wdt/wdt.o
                0x00001f1a                wdt_reset_mcu
 .text.En_RC32M
                0x00001f46       0x2a src/initialize.o
                0x00001f46                En_RC32M
 .text.PORT_init
                0x00001f70       0x92 src/initialize.o
                0x00001f70                PORT_init
 .text.TimerC0_init
                0x00002002       0x36 src/initialize.o
                0x00002002                TimerC0_init
 .text.TimerD0_init
                0x00002038       0x34 src/initialize.o
                0x00002038                TimerD0_init
 .text.SPI_Init
                0x0000206c       0x32 src/initialize.o
                0x0000206c                SPI_Init
 .text.USARTE0_init
                0x0000209e       0x44 src/initialize.o
                0x0000209e                USARTE0_init
 .text.USARTF0_init
                0x000020e2       0x4a src/initialize.o
                0x000020e2                USARTF0_init
 .text.USARTF1_init
                0x0000212c       0x4a src/initialize.o
                0x0000212c                USARTF1_init
 .text.ADCA_init
                0x00002176       0x92 src/initialize.o
                0x00002176                ADCA_init
 .text.__vector_43
                0x00002208      0x8da src/main.o
                0x00002208                __vector_43
 .text.__vector_77
                0x00002ae2      0x31a src/main.o
                0x00002ae2                __vector_77
 .text.__vector_104
                0x00002dfc       0x1e src/main.o
                0x00002dfc                __vector_104
 .text.__vector_94
                0x00002e1a       0x54 src/main.o
                0x00002e1a                __vector_94
 .text.__vector_96
                0x00002e6e       0x54 src/main.o
                0x00002e6e                __vector_96
 .text.__vector_2
                0x00002ec2       0x54 src/main.o
                0x00002ec2                __vector_2
 .text.__vector_95
                0x00002f16       0x54 src/main.o
                0x00002f16                __vector_95
 .text.__vector_97
                0x00002f6a       0x1e src/main.o
                0x00002f6a                __vector_97
 .text.__vector_100
                0x00002f88       0xa6 src/main.o
                0x00002f88                __vector_100
 .text.disp_ans
                0x0000302e       0x9a src/main.o
                0x0000302e                disp_ans
 .text.main     0x000030c8     0x1e68 src/main.o
                0x000030c8                main
 .text.__vector_119
                0x00004f30      0x1a4 src/main.o
                0x00004f30                __vector_119
 .text.__vector_122
                0x000050d4      0x11e src/main.o
                0x000050d4                __vector_122
 .text.NRF24L01_L_RF_TX
                0x000051f2       0x18 src/nrf24l01_L.o
                0x000051f2                NRF24L01_L_RF_TX
 .text.SPI_L    0x0000520a       0x14 src/nrf24l01_L.o
                0x0000520a                SPI_L
 .text.NRF24L01_L_ReadReg
                0x0000521e       0x1e src/nrf24l01_L.o
                0x0000521e                NRF24L01_L_ReadReg
 .text.NRF24L01_L_WriteReg
                0x0000523c       0x2c src/nrf24l01_L.o
                0x0000523c                NRF24L01_L_WriteReg
 .text.NRF24L01_L_Set_CH
                0x00005268        0xa src/nrf24l01_L.o
                0x00005268                NRF24L01_L_Set_CH
 .text.NRF24L01_L_Set_ShockBurst
                0x00005272       0x14 src/nrf24l01_L.o
                0x00005272                NRF24L01_L_Set_ShockBurst
 .text.NRF24L01_L_Set_Address_Width
                0x00005286        0x8 src/nrf24l01_L.o
                0x00005286                NRF24L01_L_Set_Address_Width
 .text.NRF24L01_L_Clear_Interrupts
                0x0000528e        0x8 src/nrf24l01_L.o
                0x0000528e                NRF24L01_L_Clear_Interrupts
 .text.NRF24L01_L_ReadRegBuf
                0x00005296       0x50 src/nrf24l01_L.o
                0x00005296                NRF24L01_L_ReadRegBuf
 .text.NRF24L01_L_Read_RX_Buf
                0x000052e6        0xa src/nrf24l01_L.o
                0x000052e6                NRF24L01_L_Read_RX_Buf
 .text.NRF24L01_L_WriteRegBuf
                0x000052f0       0x4e src/nrf24l01_L.o
                0x000052f0                NRF24L01_L_WriteRegBuf
 .text.NRF24L01_L_Set_RX_Pipe
                0x0000533e       0x54 src/nrf24l01_L.o
                0x0000533e                NRF24L01_L_Set_RX_Pipe
 .text.NRF24L01_L_Set_TX_Address
                0x00005392        0xa src/nrf24l01_L.o
                0x00005392                NRF24L01_L_Set_TX_Address
 .text.NRF24L01_L_Init_milad
                0x0000539c       0x76 src/nrf24l01_L.o
                0x0000539c                NRF24L01_L_Init_milad
 .text.NRF24L01_L_Write_TX_Buf
                0x00005412        0xa src/nrf24l01_L.o
                0x00005412                NRF24L01_L_Write_TX_Buf
 .text.NRF24L01_L_Flush_TX
                0x0000541c       0x1c src/nrf24l01_L.o
                0x0000541c                NRF24L01_L_Flush_TX
 .text.NRF24L01_L_Flush_RX
                0x00005438       0x1c src/nrf24l01_L.o
                0x00005438                NRF24L01_L_Flush_RX
 .text.libgcc.div
                0x00005454       0x44 c:/program files (x86)/atmel/atmel toolchain/avr8 gcc/native/3.4.1056/avr8-gnu-toolchain/bin/../lib/gcc/avr/4.8.1/avrxmega7\libgcc.a(_udivmodsi4.o)
                0x00005454                __udivmodsi4
 .text.libgcc   0x00005498        0xc c:/program files (x86)/atmel/atmel toolchain/avr8 gcc/native/3.4.1056/avr8-gnu-toolchain/bin/../lib/gcc/avr/4.8.1/avrxmega7\libgcc.a(_tablejump.o)
                0x00005498                __tablejump2__
                0x0000549c                __tablejump__
 .text.avr-libc.fplib
                0x000054a4        0xa c:/program files (x86)/atmel/atmel toolchain/avr8 gcc/native/3.4.1056/avr8-gnu-toolchain/bin/../lib/gcc/avr/4.8.1/../../../../avr/lib/avrxmega7\libm.a(addsf3.o)
                0x000054a4                __subsf3
                0x000054a6                __addsf3
 .text.avr-libc.fplib
                0x000054ae       0xc0 c:/program files (x86)/atmel/atmel toolchain/avr8 gcc/native/3.4.1056/avr8-gnu-toolchain/bin/../lib/gcc/avr/4.8.1/../../../../avr/lib/avrxmega7\libm.a(addsf3x.o)
                0x000054c8                __addsf3x
 .text.avr-libc.fplib
                0x0000556e        0xa c:/program files (x86)/atmel/atmel toolchain/avr8 gcc/native/3.4.1056/avr8-gnu-toolchain/bin/../lib/gcc/avr/4.8.1/../../../../avr/lib/avrxmega7\libm.a(fixsfsi.o)
                0x0000556e                __fixsfsi
 .text.avr-libc.fplib
                0x00005578       0x58 c:/program files (x86)/atmel/atmel toolchain/avr8 gcc/native/3.4.1056/avr8-gnu-toolchain/bin/../lib/gcc/avr/4.8.1/../../../../avr/lib/avrxmega7\libm.a(fixunssfsi.o)
                0x00005578                __fixunssfsi
 .text.avr-libc.fplib
                0x000055d0       0x7a c:/program files (x86)/atmel/atmel toolchain/avr8 gcc/native/3.4.1056/avr8-gnu-toolchain/bin/../lib/gcc/avr/4.8.1/../../../../avr/lib/avrxmega7\libm.a(floatsisf.o)
                0x000055d0                __floatunsisf
                0x000055d4                __floatsisf
 .text.avr-libc.fplib
                0x0000564a        0xc c:/program files (x86)/atmel/atmel toolchain/avr8 gcc/native/3.4.1056/avr8-gnu-toolchain/bin/../lib/gcc/avr/4.8.1/../../../../avr/lib/avrxmega7\libm.a(fp_inf.o)
                0x0000564a                __fp_inf
 .text.avr-libc.fplib
                0x00005656        0x6 c:/program files (x86)/atmel/atmel toolchain/avr8 gcc/native/3.4.1056/avr8-gnu-toolchain/bin/../lib/gcc/avr/4.8.1/../../../../avr/lib/avrxmega7\libm.a(fp_nan.o)
                0x00005656                __fp_nan
 .text.avr-libc.fplib
                0x0000565c        0xe c:/program files (x86)/atmel/atmel toolchain/avr8 gcc/native/3.4.1056/avr8-gnu-toolchain/bin/../lib/gcc/avr/4.8.1/../../../../avr/lib/avrxmega7\libm.a(fp_pscA.o)
                0x0000565c                __fp_pscA
 .text.avr-libc.fplib
                0x0000566a        0xe c:/program files (x86)/atmel/atmel toolchain/avr8 gcc/native/3.4.1056/avr8-gnu-toolchain/bin/../lib/gcc/avr/4.8.1/../../../../avr/lib/avrxmega7\libm.a(fp_pscB.o)
                0x0000566a                __fp_pscB
 .text.avr-libc.fplib
                0x00005678       0x22 c:/program files (x86)/atmel/atmel toolchain/avr8 gcc/native/3.4.1056/avr8-gnu-toolchain/bin/../lib/gcc/avr/4.8.1/../../../../avr/lib/avrxmega7\libm.a(fp_round.o)
                0x00005678                __fp_round
 .text.avr-libc.fplib
                0x0000569a       0x44 c:/program files (x86)/atmel/atmel toolchain/avr8 gcc/native/3.4.1056/avr8-gnu-toolchain/bin/../lib/gcc/avr/4.8.1/../../../../avr/lib/avrxmega7\libm.a(fp_split3.o)
                0x0000569a                __fp_split3
                0x000056aa                __fp_splitA
 .text.avr-libc.fplib
                0x000056de        0xe c:/program files (x86)/atmel/atmel toolchain/avr8 gcc/native/3.4.1056/avr8-gnu-toolchain/bin/../lib/gcc/avr/4.8.1/../../../../avr/lib/avrxmega7\libm.a(fp_zero.o)
                0x000056de                __fp_zero
                0x000056e0                __fp_szero
 .text.avr-libc.fplib
                0x000056ec        0x4 c:/program files (x86)/atmel/atmel toolchain/avr8 gcc/native/3.4.1056/avr8-gnu-toolchain/bin/../lib/gcc/avr/4.8.1/../../../../avr/lib/avrxmega7\libm.a(mulsf3.o)
                0x000056ec                __mulsf3
 .text.avr-libc.fplib
                0x000056f0       0xc2 c:/program files (x86)/atmel/atmel toolchain/avr8 gcc/native/3.4.1056/avr8-gnu-toolchain/bin/../lib/gcc/avr/4.8.1/../../../../avr/lib/avrxmega7\libm.a(mulsf3x.o)
                0x00005704                __mulsf3x
                0x00005708                __mulsf3_pse
 .text.avr-libc
                0x000057b2       0x50 c:/program files (x86)/atmel/atmel toolchain/avr8 gcc/native/3.4.1056/avr8-gnu-toolchain/bin/../lib/gcc/avr/4.8.1/../../../../avr/lib/avrxmega7\libc.a(sprintf.o)
                0x000057b2                sprintf
 .text.avr-libc
                0x00005802      0x3d0 c:/program files (x86)/atmel/atmel toolchain/avr8 gcc/native/3.4.1056/avr8-gnu-toolchain/bin/../lib/gcc/avr/4.8.1/../../../../avr/lib/avrxmega7\libc.a(vfprintf_std.o)
                0x00005802                vfprintf
 .text.avr-libc
                0x00005bd2       0x16 c:/program files (x86)/atmel/atmel toolchain/avr8 gcc/native/3.4.1056/avr8-gnu-toolchain/bin/../lib/gcc/avr/4.8.1/../../../../avr/lib/avrxmega7\libc.a(strnlen_P.o)
                0x00005bd2                strnlen_P
 .text.avr-libc
                0x00005be8       0x16 c:/program files (x86)/atmel/atmel toolchain/avr8 gcc/native/3.4.1056/avr8-gnu-toolchain/bin/../lib/gcc/avr/4.8.1/../../../../avr/lib/avrxmega7\libc.a(strnlen.o)
                0x00005be8                strnlen
 .text.avr-libc
                0x00005bfe       0x64 c:/program files (x86)/atmel/atmel toolchain/avr8 gcc/native/3.4.1056/avr8-gnu-toolchain/bin/../lib/gcc/avr/4.8.1/../../../../avr/lib/avrxmega7\libc.a(fputc.o)
                0x00005bfe                fputc
 .text.avr-libc
                0x00005c62       0xbc c:/program files (x86)/atmel/atmel toolchain/avr8 gcc/native/3.4.1056/avr8-gnu-toolchain/bin/../lib/gcc/avr/4.8.1/../../../../avr/lib/avrxmega7\libc.a(ultoa_invert.o)
                0x00005c62                __ultoa_invert
                0x00005d1e                . = ALIGN (0x2)
 *(.fini9)
 .fini9         0x00005d1e        0x0 c:/program files (x86)/atmel/atmel toolchain/avr8 gcc/native/3.4.1056/avr8-gnu-toolchain/bin/../lib/gcc/avr/4.8.1/avrxmega7\libgcc.a(_exit.o)
                0x00005d1e                _exit
                0x00005d1e                exit
 *(.fini9)
 *(.fini8)
 *(.fini8)
 *(.fini7)
 *(.fini7)
 *(.fini6)
 *(.fini6)
 *(.fini5)
 *(.fini5)
 *(.fini4)
 *(.fini4)
 *(.fini3)
 *(.fini3)
 *(.fini2)
 *(.fini2)
 *(.fini1)
 *(.fini1)
 *(.fini0)
 .fini0         0x00005d1e        0x4 c:/program files (x86)/atmel/atmel toolchain/avr8 gcc/native/3.4.1056/avr8-gnu-toolchain/bin/../lib/gcc/avr/4.8.1/avrxmega7\libgcc.a(_exit.o)
 *(.fini0)
                0x00005d22                _etext = .

.data           0x00802000       0x52 load address 0x00005d22
                0x00802000                PROVIDE (__data_start, .)
 *(.data)
 .data          0x00802000        0x0 c:/program files (x86)/atmel/atmel toolchain/avr8 gcc/native/3.4.1056/avr8-gnu-toolchain/bin/../lib/gcc/avr/4.8.1/../../../../avr/lib/avrxmega7/crtx128a1.o
 .data          0x00802000        0x0 src/asf/common/boards/user_board/init.o
 .data          0x00802000        0x0 src/lcd.o
 .data          0x00802000        0x0 src/Menu.o
 .data          0x00802000        0x0 src/asf/common/services/clock/xmega/sysclk.o
 .data          0x00802000        0x0 src/asf/common/services/sleepmgr/xmega/sleepmgr.o
 .data          0x00802000        0x0 src/asf/xmega/drivers/adc/adc.o
 .data          0x00802000        0x0 src/asf/xmega/drivers/cpu/ccp.o
 .data          0x00802000        0x0 src/asf/xmega/drivers/ioport/ioport.o
 .data          0x00802000        0x0 src/asf/xmega/drivers/nvm/nvm.o
 .data          0x00802000        0x0 src/asf/xmega/drivers/nvm/nvm_asm.o
 .data          0x00802000        0x0 src/asf/xmega/drivers/spi/spi.o
 .data          0x00802000        0x0 src/asf/xmega/drivers/tc/tc.o
 .data          0x00802000        0x0 src/asf/xmega/drivers/usart/usart.o
 .data          0x00802000        0x0 src/asf/xmega/drivers/wdt/wdt.o
 .data          0x00802000        0x0 src/initialize.o
 .data          0x00802000        0x0 src/main.o
 .data          0x00802000        0x0 src/nrf24l01_L.o
 .data          0x00802000        0x0 c:/program files (x86)/atmel/atmel toolchain/avr8 gcc/native/3.4.1056/avr8-gnu-toolchain/bin/../lib/gcc/avr/4.8.1/avrxmega7\libgcc.a(_udivmodsi4.o)
 .data          0x00802000        0x0 c:/program files (x86)/atmel/atmel toolchain/avr8 gcc/native/3.4.1056/avr8-gnu-toolchain/bin/../lib/gcc/avr/4.8.1/avrxmega7\libgcc.a(_exit.o)
 .data          0x00802000        0x0 c:/program files (x86)/atmel/atmel toolchain/avr8 gcc/native/3.4.1056/avr8-gnu-toolchain/bin/../lib/gcc/avr/4.8.1/avrxmega7\libgcc.a(_tablejump.o)
 .data          0x00802000        0x0 c:/program files (x86)/atmel/atmel toolchain/avr8 gcc/native/3.4.1056/avr8-gnu-toolchain/bin/../lib/gcc/avr/4.8.1/avrxmega7\libgcc.a(_copy_data.o)
 .data          0x00802000        0x0 c:/program files (x86)/atmel/atmel toolchain/avr8 gcc/native/3.4.1056/avr8-gnu-toolchain/bin/../lib/gcc/avr/4.8.1/avrxmega7\libgcc.a(_clear_bss.o)
 .data          0x00802000        0x0 c:/program files (x86)/atmel/atmel toolchain/avr8 gcc/native/3.4.1056/avr8-gnu-toolchain/bin/../lib/gcc/avr/4.8.1/../../../../avr/lib/avrxmega7\libm.a(addsf3.o)
 .data          0x00802000        0x0 c:/program files (x86)/atmel/atmel toolchain/avr8 gcc/native/3.4.1056/avr8-gnu-toolchain/bin/../lib/gcc/avr/4.8.1/../../../../avr/lib/avrxmega7\libm.a(addsf3x.o)
 .data          0x00802000        0x0 c:/program files (x86)/atmel/atmel toolchain/avr8 gcc/native/3.4.1056/avr8-gnu-toolchain/bin/../lib/gcc/avr/4.8.1/../../../../avr/lib/avrxmega7\libm.a(fixsfsi.o)
 .data          0x00802000        0x0 c:/program files (x86)/atmel/atmel toolchain/avr8 gcc/native/3.4.1056/avr8-gnu-toolchain/bin/../lib/gcc/avr/4.8.1/../../../../avr/lib/avrxmega7\libm.a(fixunssfsi.o)
 .data          0x00802000        0x0 c:/program files (x86)/atmel/atmel toolchain/avr8 gcc/native/3.4.1056/avr8-gnu-toolchain/bin/../lib/gcc/avr/4.8.1/../../../../avr/lib/avrxmega7\libm.a(floatsisf.o)
 .data          0x00802000        0x0 c:/program files (x86)/atmel/atmel toolchain/avr8 gcc/native/3.4.1056/avr8-gnu-toolchain/bin/../lib/gcc/avr/4.8.1/../../../../avr/lib/avrxmega7\libm.a(fp_inf.o)
 .data          0x00802000        0x0 c:/program files (x86)/atmel/atmel toolchain/avr8 gcc/native/3.4.1056/avr8-gnu-toolchain/bin/../lib/gcc/avr/4.8.1/../../../../avr/lib/avrxmega7\libm.a(fp_nan.o)
 .data          0x00802000        0x0 c:/program files (x86)/atmel/atmel toolchain/avr8 gcc/native/3.4.1056/avr8-gnu-toolchain/bin/../lib/gcc/avr/4.8.1/../../../../avr/lib/avrxmega7\libm.a(fp_pscA.o)
 .data          0x00802000        0x0 c:/program files (x86)/atmel/atmel toolchain/avr8 gcc/native/3.4.1056/avr8-gnu-toolchain/bin/../lib/gcc/avr/4.8.1/../../../../avr/lib/avrxmega7\libm.a(fp_pscB.o)
 .data          0x00802000        0x0 c:/program files (x86)/atmel/atmel toolchain/avr8 gcc/native/3.4.1056/avr8-gnu-toolchain/bin/../lib/gcc/avr/4.8.1/../../../../avr/lib/avrxmega7\libm.a(fp_round.o)
 .data          0x00802000        0x0 c:/program files (x86)/atmel/atmel toolchain/avr8 gcc/native/3.4.1056/avr8-gnu-toolchain/bin/../lib/gcc/avr/4.8.1/../../../../avr/lib/avrxmega7\libm.a(fp_split3.o)
 .data          0x00802000        0x0 c:/program files (x86)/atmel/atmel toolchain/avr8 gcc/native/3.4.1056/avr8-gnu-toolchain/bin/../lib/gcc/avr/4.8.1/../../../../avr/lib/avrxmega7\libm.a(fp_zero.o)
 .data          0x00802000        0x0 c:/program files (x86)/atmel/atmel toolchain/avr8 gcc/native/3.4.1056/avr8-gnu-toolchain/bin/../lib/gcc/avr/4.8.1/../../../../avr/lib/avrxmega7\libm.a(mulsf3.o)
 .data          0x00802000        0x0 c:/program files (x86)/atmel/atmel toolchain/avr8 gcc/native/3.4.1056/avr8-gnu-toolchain/bin/../lib/gcc/avr/4.8.1/../../../../avr/lib/avrxmega7\libm.a(mulsf3x.o)
 .data          0x00802000        0x0 c:/program files (x86)/atmel/atmel toolchain/avr8 gcc/native/3.4.1056/avr8-gnu-toolchain/bin/../lib/gcc/avr/4.8.1/../../../../avr/lib/avrxmega7\libc.a(memcpy.o)
 .data          0x00802000        0x0 c:/program files (x86)/atmel/atmel toolchain/avr8 gcc/native/3.4.1056/avr8-gnu-toolchain/bin/../lib/gcc/avr/4.8.1/../../../../avr/lib/avrxmega7\libc.a(sprintf.o)
 .data          0x00802000        0x0 c:/program files (x86)/atmel/atmel toolchain/avr8 gcc/native/3.4.1056/avr8-gnu-toolchain/bin/../lib/gcc/avr/4.8.1/../../../../avr/lib/avrxmega7\libc.a(vfprintf_std.o)
 .data          0x00802000        0x0 c:/program files (x86)/atmel/atmel toolchain/avr8 gcc/native/3.4.1056/avr8-gnu-toolchain/bin/../lib/gcc/avr/4.8.1/../../../../avr/lib/avrxmega7\libc.a(strnlen_P.o)
 .data          0x00802000        0x0 c:/program files (x86)/atmel/atmel toolchain/avr8 gcc/native/3.4.1056/avr8-gnu-toolchain/bin/../lib/gcc/avr/4.8.1/../../../../avr/lib/avrxmega7\libc.a(strnlen.o)
 .data          0x00802000        0x0 c:/program files (x86)/atmel/atmel toolchain/avr8 gcc/native/3.4.1056/avr8-gnu-toolchain/bin/../lib/gcc/avr/4.8.1/../../../../avr/lib/avrxmega7\libc.a(fputc.o)
 .data          0x00802000        0x0 c:/program files (x86)/atmel/atmel toolchain/avr8 gcc/native/3.4.1056/avr8-gnu-toolchain/bin/../lib/gcc/avr/4.8.1/../../../../avr/lib/avrxmega7\libc.a(ultoa_invert.o)
 *(.data*)
 .data.menu_index
                0x00802000        0x3 src/Menu.o
                0x00802000                menu_index
 .data.Address  0x00802003        0x5 src/main.o
                0x00802003                Address
 .data.Seg      0x00802008       0x24 src/main.o
                0x00802008                Seg
 .data.Buzzer_Time
                0x0080202c        0x4 src/main.o
                0x0080202c                Buzzer_Time
 .data.LED_White_Time
                0x00802030        0x4 src/main.o
                0x00802030                LED_White_Time
 .data.LED_Green_Time
                0x00802034        0x4 src/main.o
                0x00802034                LED_Green_Time
 .data.LED_Red_Time
                0x00802038        0x4 src/main.o
                0x00802038                LED_Red_Time
 *(.rodata)
 *(.rodata*)
 .rodata.str1.1
                0x0080203c       0x16 src/main.o
 *(.gnu.linkonce.d*)
                0x00802052                . = ALIGN (0x2)
                0x00802052                _edata = .
                0x00802052                PROVIDE (__data_end, .)

.bss            0x00802052      0x408
                0x00802052                PROVIDE (__bss_start, .)
 *(.bss)
 *(.bss*)
 .bss.menu_time
                0x00802052        0x2 src/Menu.o
                0x00802052                menu_time
 .bss.Menu_Cancel_flg
                0x00802054        0x1 src/Menu.o
                0x00802054                Menu_Cancel_flg
 .bss.Menu_Set_flg
                0x00802055        0x1 src/Menu.o
                0x00802055                Menu_Set_flg
 .bss.adcb_enable_count
                0x00802056        0x1 src/asf/xmega/drivers/adc/adc.o
 .bss.adca_enable_count
                0x00802057        0x1 src/asf/xmega/drivers/adc/adc.o
 .bss.tc_tcf1_ccb_callback
                0x00802058        0x2 src/asf/xmega/drivers/tc/tc.o
 .bss.tc_tcf1_cca_callback
                0x0080205a        0x2 src/asf/xmega/drivers/tc/tc.o
 .bss.tc_tcf1_err_callback
                0x0080205c        0x2 src/asf/xmega/drivers/tc/tc.o
 .bss.tc_tcf1_ovf_callback
                0x0080205e        0x2 src/asf/xmega/drivers/tc/tc.o
 .bss.tc_tcf0_ccd_callback
                0x00802060        0x2 src/asf/xmega/drivers/tc/tc.o
 .bss.tc_tcf0_ccc_callback
                0x00802062        0x2 src/asf/xmega/drivers/tc/tc.o
 .bss.tc_tcf0_ccb_callback
                0x00802064        0x2 src/asf/xmega/drivers/tc/tc.o
 .bss.tc_tcf0_cca_callback
                0x00802066        0x2 src/asf/xmega/drivers/tc/tc.o
 .bss.tc_tcf0_err_callback
                0x00802068        0x2 src/asf/xmega/drivers/tc/tc.o
 .bss.tc_tcf0_ovf_callback
                0x0080206a        0x2 src/asf/xmega/drivers/tc/tc.o
 .bss.tc_tce1_ccb_callback
                0x0080206c        0x2 src/asf/xmega/drivers/tc/tc.o
 .bss.tc_tce1_cca_callback
                0x0080206e        0x2 src/asf/xmega/drivers/tc/tc.o
 .bss.tc_tce1_err_callback
                0x00802070        0x2 src/asf/xmega/drivers/tc/tc.o
 .bss.tc_tce1_ovf_callback
                0x00802072        0x2 src/asf/xmega/drivers/tc/tc.o
 .bss.tc_tce0_ccd_callback
                0x00802074        0x2 src/asf/xmega/drivers/tc/tc.o
 .bss.tc_tce0_ccc_callback
                0x00802076        0x2 src/asf/xmega/drivers/tc/tc.o
 .bss.tc_tce0_ccb_callback
                0x00802078        0x2 src/asf/xmega/drivers/tc/tc.o
 .bss.tc_tce0_cca_callback
                0x0080207a        0x2 src/asf/xmega/drivers/tc/tc.o
 .bss.tc_tce0_err_callback
                0x0080207c        0x2 src/asf/xmega/drivers/tc/tc.o
 .bss.tc_tce0_ovf_callback
                0x0080207e        0x2 src/asf/xmega/drivers/tc/tc.o
 .bss.tc_tcd1_ccb_callback
                0x00802080        0x2 src/asf/xmega/drivers/tc/tc.o
 .bss.tc_tcd1_cca_callback
                0x00802082        0x2 src/asf/xmega/drivers/tc/tc.o
 .bss.tc_tcd1_err_callback
                0x00802084        0x2 src/asf/xmega/drivers/tc/tc.o
 .bss.tc_tcd1_ovf_callback
                0x00802086        0x2 src/asf/xmega/drivers/tc/tc.o
 .bss.tc_tcd0_ccd_callback
                0x00802088        0x2 src/asf/xmega/drivers/tc/tc.o
 .bss.tc_tcd0_ccc_callback
                0x0080208a        0x2 src/asf/xmega/drivers/tc/tc.o
 .bss.tc_tcd0_ccb_callback
                0x0080208c        0x2 src/asf/xmega/drivers/tc/tc.o
 .bss.tc_tcd0_cca_callback
                0x0080208e        0x2 src/asf/xmega/drivers/tc/tc.o
 .bss.tc_tcd0_err_callback
                0x00802090        0x2 src/asf/xmega/drivers/tc/tc.o
 .bss.tc_tcc1_ccb_callback
                0x00802092        0x2 src/asf/xmega/drivers/tc/tc.o
 .bss.tc_tcc1_cca_callback
                0x00802094        0x2 src/asf/xmega/drivers/tc/tc.o
 .bss.tc_tcc1_err_callback
                0x00802096        0x2 src/asf/xmega/drivers/tc/tc.o
 .bss.tc_tcc1_ovf_callback
                0x00802098        0x2 src/asf/xmega/drivers/tc/tc.o
 .bss.tc_tcc0_ccd_callback
                0x0080209a        0x2 src/asf/xmega/drivers/tc/tc.o
 .bss.tc_tcc0_ccc_callback
                0x0080209c        0x2 src/asf/xmega/drivers/tc/tc.o
 .bss.tc_tcc0_ccb_callback
                0x0080209e        0x2 src/asf/xmega/drivers/tc/tc.o
 .bss.tc_tcc0_cca_callback
                0x008020a0        0x2 src/asf/xmega/drivers/tc/tc.o
 .bss.tc_tcc0_err_callback
                0x008020a2        0x2 src/asf/xmega/drivers/tc/tc.o
 .bss.tc_tcc0_ovf_callback
                0x008020a4        0x2 src/asf/xmega/drivers/tc/tc.o
 .bss.ask_cnt1  0x008020a6        0x2 src/main.o
                0x008020a6                ask_cnt1
 .bss.ask_cnt0  0x008020a8        0x2 src/main.o
                0x008020a8                ask_cnt0
 .bss.ctrlflg   0x008020aa        0x1 src/main.o
                0x008020aa                ctrlflg
 .bss.time_ms   0x008020ab        0x4 src/main.o
                0x008020ab                time_ms
 .bss.i         0x008020af        0x2 src/main.o
                0x008020af                i
 .bss.speed     0x008020b1        0x2 src/main.o
                0x008020b1                speed
 .bss.adc       0x008020b3        0x2 src/main.o
                0x008020b3                adc
 .bss.cnt       0x008020b5        0x2 src/main.o
                0x008020b5                cnt
 *(COMMON)
 COMMON         0x008020b7        0x1 src/Menu.o
                0x008020b7                disp
 COMMON         0x008020b8        0x6 src/asf/common/services/sleepmgr/xmega/sleepmgr.o
                0x008020b8                sleepmgr_locks
 COMMON         0x008020be      0x39c src/main.o
                0x008020be                buff_d_temp
                0x008020c0                Robot_D
                0x008021d4                buff_p
                0x008021d6                kd
                0x008021da                kck_time
                0x008021de                PCK_H
                0x008021e1                reply2
                0x008021e2                Robot_S_D_tmp2
                0x008021e7                tx3b
                0x008021e8                Robot_Send_PCK
                0x008021f3                LED_Red_Speed
                0x008021f5                Circular_Buffer
                0x00802224                tx1b
                0x00802225                buff
                0x00802227                tx2b
                0x00802228                tx4b
                0x00802229                rx
                0x00802238                rx1
                0x0080223b                Buzzer_Speed
                0x0080223d                buff_u
                0x0080223f                Robot_D_tmp
                0x00802353                Buf_Rx_L
                0x00802373                PCK_Speed
                0x00802375                buff_d
                0x00802377                timectrl
                0x00802378                rx2
                0x0080237b                buff_reply
                0x0080237d                buff2
                0x0080237e                Robot_S_D
                0x00802383                M0
                0x0080239a                driver_Data0
                0x0080239c                tx1a
                0x0080239d                Buf_Tx_L
                0x008023bd                buff_p_temp
                0x008023bf                M3
                0x008023d6                driverTGL
                0x008023d8                ki
                0x008023dc                buff_i
                0x008023de                tx2a
                0x008023df                tx4a
                0x008023e0                rx4
                0x008023e3                PCK_S_H
                0x008023e6                reply2_tmp
                0x008023e7                buff_i_temp
                0x008023e9                LED_Green_Speed
                0x008023eb                buff_u_temp
                0x008023ed                str
                0x00802415                flg_off
                0x00802417                LED_White_Speed
                0x00802419                tx3a
                0x0080241a                M1
                0x00802431                buff_reply_tmp1
                0x00802433                Robot_S_D_tmp
                0x00802438                M2
                0x0080244f                rx3
                0x00802452                kp
                0x00802456                driver_Data1
                0x00802458                buff_reply_tmp0
                0x0080245a                PROVIDE (__bss_end, .)
                0x00005d22                __data_load_start = LOADADDR (.data)
                0x00005d74                __data_load_end = (__data_load_start + SIZEOF (.data))

.noinit         0x0080245a        0x0
                0x0080245a                PROVIDE (__noinit_start, .)
 *(.noinit*)
                0x0080245a                PROVIDE (__noinit_end, .)
                0x0080245a                _end = .
                0x0080245a                PROVIDE (__heap_start, .)

.eeprom         0x00810000        0x0
 *(.eeprom*)
                0x00810000                __eeprom_end = .

.fuse
 *(.fuse)
 *(.lfuse)
 *(.hfuse)
 *(.efuse)

.lock
 *(.lock*)

.signature
 *(.signature*)

.user_signatures
 *(.user_signatures*)

.stab
 *(.stab)

.stabstr
 *(.stabstr)

.stab.excl
 *(.stab.excl)

.stab.exclstr
 *(.stab.exclstr)

.stab.index
 *(.stab.index)

.stab.indexstr
 *(.stab.indexstr)

.comment        0x00000000       0x5c
 *(.comment)
 .comment       0x00000000       0x30 src/asf/common/boards/user_board/init.o
                                 0x31 (size before relaxing)
 .comment       0x00000000       0x31 src/lcd.o
 .comment       0x00000000       0x31 src/Menu.o
 .comment       0x00000000       0x31 src/asf/common/services/clock/xmega/sysclk.o
 .comment       0x00000000       0x31 src/asf/common/services/sleepmgr/xmega/sleepmgr.o
 .comment       0x00000000       0x31 src/asf/xmega/drivers/adc/adc.o
 .comment       0x00000000       0x31 src/asf/xmega/drivers/ioport/ioport.o
 .comment       0x00000000       0x31 src/asf/xmega/drivers/nvm/nvm.o
 .comment       0x00000000       0x31 src/asf/xmega/drivers/spi/spi.o
 .comment       0x00000000       0x31 src/asf/xmega/drivers/tc/tc.o
 .comment       0x00000000       0x31 src/asf/xmega/drivers/usart/usart.o
 .comment       0x00000000       0x31 src/asf/xmega/drivers/wdt/wdt.o
 .comment       0x00000000       0x31 src/initialize.o
 .comment       0x00000000       0x31 src/main.o
 .comment       0x00000000       0x31 src/nrf24l01_L.o
 .comment       0x00000000       0x31 c:/program files (x86)/atmel/atmel toolchain/avr8 gcc/native/3.4.1056/avr8-gnu-toolchain/bin/../lib/gcc/avr/4.8.1/../../../../avr/lib/avrxmega7\libc.a(sprintf.o)
 .comment       0x00000030       0x2c c:/program files (x86)/atmel/atmel toolchain/avr8 gcc/native/3.4.1056/avr8-gnu-toolchain/bin/../lib/gcc/avr/4.8.1/../../../../avr/lib/avrxmega7\libc.a(vfprintf_std.o)
                                 0x2d (size before relaxing)
 .comment       0x00000000       0x31 c:/program files (x86)/atmel/atmel toolchain/avr8 gcc/native/3.4.1056/avr8-gnu-toolchain/bin/../lib/gcc/avr/4.8.1/../../../../avr/lib/avrxmega7\libc.a(fputc.o)

.note.gnu.build-id
 *(.note.gnu.build-id)

.debug
 *(.debug)

.line
 *(.line)

.debug_srcinfo
 *(.debug_srcinfo)

.debug_sfnames
 *(.debug_sfnames)

.debug_aranges  0x00000000      0x7d0
 *(.debug_aranges)
 .debug_aranges
                0x00000000       0x20 src/asf/common/boards/user_board/init.o
 .debug_aranges
                0x00000020       0xc8 src/lcd.o
 .debug_aranges
                0x000000e8       0xe0 src/Menu.o
 .debug_aranges
                0x000001c8       0x30 src/asf/common/services/clock/xmega/sysclk.o
 .debug_aranges
                0x000001f8       0x18 src/asf/common/services/sleepmgr/xmega/sleepmgr.o
 .debug_aranges
                0x00000210       0x60 src/asf/xmega/drivers/adc/adc.o
 .debug_aranges
                0x00000270       0x20 src/asf/xmega/drivers/cpu/ccp.o
 .debug_aranges
                0x00000290       0x20 src/asf/xmega/drivers/ioport/ioport.o
 .debug_aranges
                0x000002b0       0xc0 src/asf/xmega/drivers/nvm/nvm.o
 .debug_aranges
                0x00000370       0x28 src/asf/xmega/drivers/nvm/nvm_asm.o
 .debug_aranges
                0x00000398       0x20 src/asf/xmega/drivers/spi/spi.o
 .debug_aranges
                0x000003b8      0x190 src/asf/xmega/drivers/tc/tc.o
 .debug_aranges
                0x00000548       0x58 src/asf/xmega/drivers/usart/usart.o
 .debug_aranges
                0x000005a0       0x50 src/asf/xmega/drivers/wdt/wdt.o
 .debug_aranges
                0x000005f0       0x68 src/initialize.o
 .debug_aranges
                0x00000658       0x98 src/main.o
 .debug_aranges
                0x000006f0       0xe0 src/nrf24l01_L.o

.debug_pubnames
 *(.debug_pubnames)

.debug_info     0x00000000     0xc494
 *(.debug_info .gnu.linkonce.wi.*)
 .debug_info    0x00000000       0x9f src/asf/common/boards/user_board/init.o
 .debug_info    0x0000009f      0xd05 src/lcd.o
 .debug_info    0x00000da4      0x6c5 src/Menu.o
 .debug_info    0x00001469      0x3bb src/asf/common/services/clock/xmega/sysclk.o
 .debug_info    0x00001824      0x134 src/asf/common/services/sleepmgr/xmega/sleepmgr.o
 .debug_info    0x00001958     0x111d src/asf/xmega/drivers/adc/adc.o
 .debug_info    0x00002a75       0x77 src/asf/xmega/drivers/cpu/ccp.o
 .debug_info    0x00002aec      0x112 src/asf/xmega/drivers/ioport/ioport.o
 .debug_info    0x00002bfe     0x138c src/asf/xmega/drivers/nvm/nvm.o
 .debug_info    0x00003f8a       0x77 src/asf/xmega/drivers/nvm/nvm_asm.o
 .debug_info    0x00004001      0x1c7 src/asf/xmega/drivers/spi/spi.o
 .debug_info    0x000041c8     0x1acb src/asf/xmega/drivers/tc/tc.o
 .debug_info    0x00005c93      0xf96 src/asf/xmega/drivers/usart/usart.o
 .debug_info    0x00006c29      0x4ef src/asf/xmega/drivers/wdt/wdt.o
 .debug_info    0x00007118     0x2637 src/initialize.o
 .debug_info    0x0000974f     0x1d7b src/main.o
 .debug_info    0x0000b4ca      0xfca src/nrf24l01_L.o

.debug_abbrev   0x00000000     0x2104
 *(.debug_abbrev)
 .debug_abbrev  0x00000000       0x47 src/asf/common/boards/user_board/init.o
 .debug_abbrev  0x00000047      0x1d8 src/lcd.o
 .debug_abbrev  0x0000021f      0x1de src/Menu.o
 .debug_abbrev  0x000003fd      0x169 src/asf/common/services/clock/xmega/sysclk.o
 .debug_abbrev  0x00000566       0x87 src/asf/common/services/sleepmgr/xmega/sleepmgr.o
 .debug_abbrev  0x000005ed      0x34f src/asf/xmega/drivers/adc/adc.o
 .debug_abbrev  0x0000093c       0x14 src/asf/xmega/drivers/cpu/ccp.o
 .debug_abbrev  0x00000950       0x7b src/asf/xmega/drivers/ioport/ioport.o
 .debug_abbrev  0x000009cb      0x3f1 src/asf/xmega/drivers/nvm/nvm.o
 .debug_abbrev  0x00000dbc       0x12 src/asf/xmega/drivers/nvm/nvm_asm.o
 .debug_abbrev  0x00000dce       0xf6 src/asf/xmega/drivers/spi/spi.o
 .debug_abbrev  0x00000ec4      0x2ae src/asf/xmega/drivers/tc/tc.o
 .debug_abbrev  0x00001172      0x356 src/asf/xmega/drivers/usart/usart.o
 .debug_abbrev  0x000014c8      0x15d src/asf/xmega/drivers/wdt/wdt.o
 .debug_abbrev  0x00001625      0x384 src/initialize.o
 .debug_abbrev  0x000019a9      0x47b src/main.o
 .debug_abbrev  0x00001e24      0x2e0 src/nrf24l01_L.o

.debug_line     0x00000000     0x85df
 *(.debug_line .debug_line.* .debug_line_end)
 .debug_line    0x00000000      0x3f2 src/asf/common/boards/user_board/init.o
 .debug_line    0x000003f2      0xcb1 src/lcd.o
 .debug_line    0x000010a3      0x9c8 src/Menu.o
 .debug_line    0x00001a6b      0x50e src/asf/common/services/clock/xmega/sysclk.o
 .debug_line    0x00001f79      0x430 src/asf/common/services/sleepmgr/xmega/sleepmgr.o
 .debug_line    0x000023a9      0x965 src/asf/xmega/drivers/adc/adc.o
 .debug_line    0x00002d0e       0x6e src/asf/xmega/drivers/cpu/ccp.o
 .debug_line    0x00002d7c      0x3f0 src/asf/xmega/drivers/ioport/ioport.o
 .debug_line    0x0000316c      0xbc6 src/asf/xmega/drivers/nvm/nvm.o
 .debug_line    0x00003d32      0x11f src/asf/xmega/drivers/nvm/nvm_asm.o
 .debug_line    0x00003e51      0x451 src/asf/xmega/drivers/spi/spi.o
 .debug_line    0x000042a2      0xf27 src/asf/xmega/drivers/tc/tc.o
 .debug_line    0x000051c9      0x8e6 src/asf/xmega/drivers/usart/usart.o
 .debug_line    0x00005aaf      0x547 src/asf/xmega/drivers/wdt/wdt.o
 .debug_line    0x00005ff6      0xa2e src/initialize.o
 .debug_line    0x00006a24      0xff6 src/main.o
 .debug_line    0x00007a1a      0xbc5 src/nrf24l01_L.o

.debug_frame    0x00000000     0x20ec
 *(.debug_frame)
 .debug_frame   0x00000000       0x24 src/asf/common/boards/user_board/init.o
 .debug_frame   0x00000024      0x1f4 src/lcd.o
 .debug_frame   0x00000218      0x200 src/Menu.o
 .debug_frame   0x00000418       0x44 src/asf/common/services/clock/xmega/sysclk.o
 .debug_frame   0x0000045c      0x144 src/asf/xmega/drivers/adc/adc.o
 .debug_frame   0x000005a0       0x30 src/asf/xmega/drivers/ioport/ioport.o
 .debug_frame   0x000005d0      0x33c src/asf/xmega/drivers/nvm/nvm.o
 .debug_frame   0x0000090c       0x4c src/asf/xmega/drivers/spi/spi.o
 .debug_frame   0x00000958      0xe0c src/asf/xmega/drivers/tc/tc.o
 .debug_frame   0x00001764      0x158 src/asf/xmega/drivers/usart/usart.o
 .debug_frame   0x000018bc       0x84 src/asf/xmega/drivers/wdt/wdt.o
 .debug_frame   0x00001940      0x140 src/initialize.o
 .debug_frame   0x00001a80      0x390 src/main.o
 .debug_frame   0x00001e10      0x2dc src/nrf24l01_L.o

.debug_str      0x00000000    0x265e2
 *(.debug_str)
 .debug_str     0x00000000    0x1ec06 src/asf/common/boards/user_board/init.o
                              0x1f1c1 (size before relaxing)
 .debug_str     0x0001ec06     0x31c3 src/lcd.o
                              0x22375 (size before relaxing)
 .debug_str     0x00021dc9      0x5e4 src/Menu.o
                              0x2228f (size before relaxing)
 .debug_str     0x000223ad      0x18c src/asf/common/services/clock/xmega/sysclk.o
                              0x1fcbf (size before relaxing)
 .debug_str     0x00022539       0xb3 src/asf/common/services/sleepmgr/xmega/sleepmgr.o
                              0x1f282 (size before relaxing)
 .debug_str     0x000225ec      0x7dd src/asf/xmega/drivers/adc/adc.o
                              0x20bfd (size before relaxing)
 .debug_str     0x00022dc9       0x68 src/asf/xmega/drivers/ioport/ioport.o
                              0x1f34a (size before relaxing)
 .debug_str     0x00022e31      0x6ef src/asf/xmega/drivers/nvm/nvm.o
                              0x1f8e6 (size before relaxing)
 .debug_str     0x00023520       0xd9 src/asf/xmega/drivers/spi/spi.o
                              0x1f40c (size before relaxing)
 .debug_str     0x000235f9      0x915 src/asf/xmega/drivers/tc/tc.o
                              0x20a00 (size before relaxing)
 .debug_str     0x00023f0e      0x55d src/asf/xmega/drivers/usart/usart.o
                              0x208b7 (size before relaxing)
 .debug_str     0x0002446b      0x4cf src/asf/xmega/drivers/wdt/wdt.o
                              0x1f301 (size before relaxing)
 .debug_str     0x0002493a      0xba5 src/initialize.o
                              0x235f2 (size before relaxing)
 .debug_str     0x000254df      0xf16 src/main.o
                              0x23a1f (size before relaxing)
 .debug_str     0x000263f5      0x1ed src/nrf24l01_L.o
                              0x2294d (size before relaxing)

.debug_loc      0x00000000     0x6e3b
 *(.debug_loc)
 .debug_loc     0x00000000      0x7a7 src/lcd.o
 .debug_loc     0x000007a7      0x16d src/Menu.o
 .debug_loc     0x00000914      0x167 src/asf/common/services/clock/xmega/sysclk.o
 .debug_loc     0x00000a7b      0x8cd src/asf/xmega/drivers/adc/adc.o
 .debug_loc     0x00001348       0x66 src/asf/xmega/drivers/ioport/ioport.o
 .debug_loc     0x000013ae     0x113c src/asf/xmega/drivers/nvm/nvm.o
 .debug_loc     0x000024ea      0x105 src/asf/xmega/drivers/spi/spi.o
 .debug_loc     0x000025ef     0x213f src/asf/xmega/drivers/tc/tc.o
 .debug_loc     0x0000472e      0xd10 src/asf/xmega/drivers/usart/usart.o
 .debug_loc     0x0000543e      0x161 src/asf/xmega/drivers/wdt/wdt.o
 .debug_loc     0x0000559f      0x2da src/initialize.o
 .debug_loc     0x00005879      0x978 src/main.o
 .debug_loc     0x000061f1      0xc4a src/nrf24l01_L.o

.debug_macinfo
 *(.debug_macinfo)

.debug_weaknames
 *(.debug_weaknames)

.debug_funcnames
 *(.debug_funcnames)

.debug_typenames
 *(.debug_typenames)

.debug_varnames
 *(.debug_varnames)

.debug_pubtypes
 *(.debug_pubtypes)

.debug_ranges   0x00000000      0x6c8
 *(.debug_ranges)
 .debug_ranges  0x00000000       0x10 src/asf/common/boards/user_board/init.o
 .debug_ranges  0x00000010       0xb8 src/lcd.o
 .debug_ranges  0x000000c8       0xd0 src/Menu.o
 .debug_ranges  0x00000198       0x20 src/asf/common/services/clock/xmega/sysclk.o
 .debug_ranges  0x000001b8       0x50 src/asf/xmega/drivers/adc/adc.o
 .debug_ranges  0x00000208       0x10 src/asf/xmega/drivers/ioport/ioport.o
 .debug_ranges  0x00000218       0xb0 src/asf/xmega/drivers/nvm/nvm.o
 .debug_ranges  0x000002c8       0x20 src/asf/xmega/drivers/nvm/nvm_asm.o
 .debug_ranges  0x000002e8       0x10 src/asf/xmega/drivers/spi/spi.o
 .debug_ranges  0x000002f8      0x180 src/asf/xmega/drivers/tc/tc.o
 .debug_ranges  0x00000478       0x48 src/asf/xmega/drivers/usart/usart.o
 .debug_ranges  0x000004c0       0x40 src/asf/xmega/drivers/wdt/wdt.o
 .debug_ranges  0x00000500       0x58 src/initialize.o
 .debug_ranges  0x00000558       0xa0 src/main.o
 .debug_ranges  0x000005f8       0xd0 src/nrf24l01_L.o

.debug_macro    0x00000000     0xad90
 *(.debug_macro)
 .debug_macro   0x00000000      0x18c src/asf/common/boards/user_board/init.o
 .debug_macro   0x0000018c      0xa60 src/asf/common/boards/user_board/init.o
 .debug_macro   0x00000bec       0x10 src/asf/common/boards/user_board/init.o
 .debug_macro   0x00000bfc      0x1ad src/asf/common/boards/user_board/init.o
 .debug_macro   0x00000da9      0x293 src/asf/common/boards/user_board/init.o
 .debug_macro   0x0000103c       0x9e src/asf/common/boards/user_board/init.o
 .debug_macro   0x000010da     0x5272 src/asf/common/boards/user_board/init.o
 .debug_macro   0x0000634c       0x9a src/asf/common/boards/user_board/init.o
 .debug_macro   0x000063e6       0xf1 src/asf/common/boards/user_board/init.o
 .debug_macro   0x000064d7       0x34 src/asf/common/boards/user_board/init.o
 .debug_macro   0x0000650b       0x10 src/asf/common/boards/user_board/init.o
 .debug_macro   0x0000651b       0x18 src/asf/common/boards/user_board/init.o
 .debug_macro   0x00006533       0x5e src/asf/common/boards/user_board/init.o
 .debug_macro   0x00006591       0x10 src/asf/common/boards/user_board/init.o
 .debug_macro   0x000065a1       0x22 src/asf/common/boards/user_board/init.o
 .debug_macro   0x000065c3      0x166 src/asf/common/boards/user_board/init.o
 .debug_macro   0x00006729       0x1c src/asf/common/boards/user_board/init.o
 .debug_macro   0x00006745       0x35 src/asf/common/boards/user_board/init.o
 .debug_macro   0x0000677a       0x66 src/asf/common/boards/user_board/init.o
 .debug_macro   0x000067e0       0x8a src/asf/common/boards/user_board/init.o
 .debug_macro   0x0000686a       0x17 src/asf/common/boards/user_board/init.o
 .debug_macro   0x00006881      0x250 src/asf/common/boards/user_board/init.o
 .debug_macro   0x00006ad1       0x76 src/asf/common/boards/user_board/init.o
 .debug_macro   0x00006b47       0x16 src/asf/common/boards/user_board/init.o
 .debug_macro   0x00006b5d      0x6de src/asf/common/boards/user_board/init.o
 .debug_macro   0x0000723b       0x10 src/asf/common/boards/user_board/init.o
 .debug_macro   0x0000724b      0x175 src/asf/common/boards/user_board/init.o
 .debug_macro   0x000073c0       0x40 src/asf/common/boards/user_board/init.o
 .debug_macro   0x00007400       0x90 src/asf/common/boards/user_board/init.o
 .debug_macro   0x00007490       0x69 src/asf/common/boards/user_board/init.o
 .debug_macro   0x000074f9       0x31 src/asf/common/boards/user_board/init.o
 .debug_macro   0x0000752a      0x142 src/asf/common/boards/user_board/init.o
 .debug_macro   0x0000766c      0x2ce src/lcd.o
 .debug_macro   0x0000793a       0x20 src/lcd.o
 .debug_macro   0x0000795a       0x5e src/lcd.o
 .debug_macro   0x000079b8       0x10 src/lcd.o
 .debug_macro   0x000079c8       0x22 src/lcd.o
 .debug_macro   0x000079ea      0x148 src/lcd.o
 .debug_macro   0x00007b32       0x64 src/lcd.o
 .debug_macro   0x00007b96       0x2f src/lcd.o
 .debug_macro   0x00007bc5       0xe6 src/lcd.o
 .debug_macro   0x00007cab       0x8f src/lcd.o
 .debug_macro   0x00007d3a       0x34 src/lcd.o
 .debug_macro   0x00007d6e      0x194 src/lcd.o
 .debug_macro   0x00007f02       0x18 src/lcd.o
 .debug_macro   0x00007f1a       0x10 src/lcd.o
 .debug_macro   0x00007f2a       0x3a src/lcd.o
 .debug_macro   0x00007f64      0x36c src/lcd.o
 .debug_macro   0x000082d0       0x58 src/lcd.o
 .debug_macro   0x00008328      0x167 src/lcd.o
 .debug_macro   0x0000848f      0x2a7 src/Menu.o
 .debug_macro   0x00008736       0x4c src/Menu.o
 .debug_macro   0x00008782      0x1ce src/asf/common/services/clock/xmega/sysclk.o
 .debug_macro   0x00008950      0x19e src/asf/common/services/sleepmgr/xmega/sleepmgr.o
 .debug_macro   0x00008aee      0x22c src/asf/xmega/drivers/adc/adc.o
 .debug_macro   0x00008d1a      0x177 src/asf/xmega/drivers/ioport/ioport.o
 .debug_macro   0x00008e91      0x18e src/asf/xmega/drivers/ioport/ioport.o
 .debug_macro   0x0000901f      0x193 src/asf/xmega/drivers/nvm/nvm.o
 .debug_macro   0x000091b2       0x26 src/asf/xmega/drivers/nvm/nvm.o
 .debug_macro   0x000091d8       0x16 src/asf/xmega/drivers/nvm/nvm.o
 .debug_macro   0x000091ee      0x185 src/asf/xmega/drivers/spi/spi.o
 .debug_macro   0x00009373      0x221 src/asf/xmega/drivers/tc/tc.o
 .debug_macro   0x00009594      0x299 src/asf/xmega/drivers/tc/tc.o
 .debug_macro   0x0000982d       0x12 src/asf/xmega/drivers/tc/tc.o
 .debug_macro   0x0000983f      0x1f4 src/asf/xmega/drivers/usart/usart.o
 .debug_macro   0x00009a33       0x34 src/asf/xmega/drivers/usart/usart.o
 .debug_macro   0x00009a67      0x17b src/asf/xmega/drivers/wdt/wdt.o
 .debug_macro   0x00009be2      0x2d3 src/initialize.o
 .debug_macro   0x00009eb5      0x366 src/initialize.o
 .debug_macro   0x0000a21b      0x32d src/main.o
 .debug_macro   0x0000a548      0x1d1 src/main.o
 .debug_macro   0x0000a719       0x58 src/main.o
 .debug_macro   0x0000a771       0x10 src/main.o
 .debug_macro   0x0000a781       0xeb src/main.o
 .debug_macro   0x0000a86c       0x34 src/main.o
 .debug_macro   0x0000a8a0       0x52 src/main.o
 .debug_macro   0x0000a8f2      0x2c9 src/nrf24l01_L.o
 .debug_macro   0x0000abbb       0x10 src/nrf24l01_L.o
 .debug_macro   0x0000abcb      0x1c5 src/nrf24l01_L.o
OUTPUT(base1.elf elf32-avr)
LOAD linker stubs
