Archive member included because of file (symbol)

c:/program files (x86)/atmel/atmel toolchain/avr8 gcc/native/3.4.1056/avr8-gnu-toolchain/bin/../lib/gcc/avr/4.8.1/avrxmega7\libgcc.a(_udivmodsi4.o)
                              src/Menu.o (__udivmodsi4)
c:/program files (x86)/atmel/atmel toolchain/avr8 gcc/native/3.4.1056/avr8-gnu-toolchain/bin/../lib/gcc/avr/4.8.1/avrxmega7\libgcc.a(_exit.o)
                              c:/program files (x86)/atmel/atmel toolchain/avr8 gcc/native/3.4.1056/avr8-gnu-toolchain/bin/../lib/gcc/avr/4.8.1/../../../../avr/lib/avrxmega7/crtx128a1.o (exit)
c:/program files (x86)/atmel/atmel toolchain/avr8 gcc/native/3.4.1056/avr8-gnu-toolchain/bin/../lib/gcc/avr/4.8.1/avrxmega7\libgcc.a(_copy_data.o)
                              src/Menu.o (__do_copy_data)
c:/program files (x86)/atmel/atmel toolchain/avr8 gcc/native/3.4.1056/avr8-gnu-toolchain/bin/../lib/gcc/avr/4.8.1/avrxmega7\libgcc.a(_clear_bss.o)
                              src/Menu.o (__do_clear_bss)
c:/program files (x86)/atmel/atmel toolchain/avr8 gcc/native/3.4.1056/avr8-gnu-toolchain/bin/../lib/gcc/avr/4.8.1/../../../../avr/lib/avrxmega7\libm.a(addsf3.o)
                              src/main.o (__addsf3)
c:/program files (x86)/atmel/atmel toolchain/avr8 gcc/native/3.4.1056/avr8-gnu-toolchain/bin/../lib/gcc/avr/4.8.1/../../../../avr/lib/avrxmega7\libm.a(addsf3x.o)
                              c:/program files (x86)/atmel/atmel toolchain/avr8 gcc/native/3.4.1056/avr8-gnu-toolchain/bin/../lib/gcc/avr/4.8.1/../../../../avr/lib/avrxmega7\libm.a(addsf3.o) (__addsf3x)
c:/program files (x86)/atmel/atmel toolchain/avr8 gcc/native/3.4.1056/avr8-gnu-toolchain/bin/../lib/gcc/avr/4.8.1/../../../../avr/lib/avrxmega7\libm.a(cmpsf2.o)
                              src/main.o (__ltsf2)
c:/program files (x86)/atmel/atmel toolchain/avr8 gcc/native/3.4.1056/avr8-gnu-toolchain/bin/../lib/gcc/avr/4.8.1/../../../../avr/lib/avrxmega7\libm.a(divsf3.o)
                              src/main.o (__divsf3)
c:/program files (x86)/atmel/atmel toolchain/avr8 gcc/native/3.4.1056/avr8-gnu-toolchain/bin/../lib/gcc/avr/4.8.1/../../../../avr/lib/avrxmega7\libm.a(divsf3x.o)
                              c:/program files (x86)/atmel/atmel toolchain/avr8 gcc/native/3.4.1056/avr8-gnu-toolchain/bin/../lib/gcc/avr/4.8.1/../../../../avr/lib/avrxmega7\libm.a(divsf3.o) (__divsf3x)
c:/program files (x86)/atmel/atmel toolchain/avr8 gcc/native/3.4.1056/avr8-gnu-toolchain/bin/../lib/gcc/avr/4.8.1/../../../../avr/lib/avrxmega7\libm.a(fixsfsi.o)
                              src/main.o (__fixsfsi)
c:/program files (x86)/atmel/atmel toolchain/avr8 gcc/native/3.4.1056/avr8-gnu-toolchain/bin/../lib/gcc/avr/4.8.1/../../../../avr/lib/avrxmega7\libm.a(fixunssfsi.o)
                              c:/program files (x86)/atmel/atmel toolchain/avr8 gcc/native/3.4.1056/avr8-gnu-toolchain/bin/../lib/gcc/avr/4.8.1/../../../../avr/lib/avrxmega7\libm.a(fixsfsi.o) (__fixunssfsi)
c:/program files (x86)/atmel/atmel toolchain/avr8 gcc/native/3.4.1056/avr8-gnu-toolchain/bin/../lib/gcc/avr/4.8.1/../../../../avr/lib/avrxmega7\libm.a(floatsisf.o)
                              src/main.o (__floatunsisf)
c:/program files (x86)/atmel/atmel toolchain/avr8 gcc/native/3.4.1056/avr8-gnu-toolchain/bin/../lib/gcc/avr/4.8.1/../../../../avr/lib/avrxmega7\libm.a(fp_cmp.o)
                              c:/program files (x86)/atmel/atmel toolchain/avr8 gcc/native/3.4.1056/avr8-gnu-toolchain/bin/../lib/gcc/avr/4.8.1/../../../../avr/lib/avrxmega7\libm.a(cmpsf2.o) (__fp_cmp)
c:/program files (x86)/atmel/atmel toolchain/avr8 gcc/native/3.4.1056/avr8-gnu-toolchain/bin/../lib/gcc/avr/4.8.1/../../../../avr/lib/avrxmega7\libm.a(fp_inf.o)
                              c:/program files (x86)/atmel/atmel toolchain/avr8 gcc/native/3.4.1056/avr8-gnu-toolchain/bin/../lib/gcc/avr/4.8.1/../../../../avr/lib/avrxmega7\libm.a(addsf3x.o) (__fp_inf)
c:/program files (x86)/atmel/atmel toolchain/avr8 gcc/native/3.4.1056/avr8-gnu-toolchain/bin/../lib/gcc/avr/4.8.1/../../../../avr/lib/avrxmega7\libm.a(fp_nan.o)
                              c:/program files (x86)/atmel/atmel toolchain/avr8 gcc/native/3.4.1056/avr8-gnu-toolchain/bin/../lib/gcc/avr/4.8.1/../../../../avr/lib/avrxmega7\libm.a(addsf3x.o) (__fp_nan)
c:/program files (x86)/atmel/atmel toolchain/avr8 gcc/native/3.4.1056/avr8-gnu-toolchain/bin/../lib/gcc/avr/4.8.1/../../../../avr/lib/avrxmega7\libm.a(fp_pscA.o)
                              c:/program files (x86)/atmel/atmel toolchain/avr8 gcc/native/3.4.1056/avr8-gnu-toolchain/bin/../lib/gcc/avr/4.8.1/../../../../avr/lib/avrxmega7\libm.a(addsf3x.o) (__fp_pscA)
c:/program files (x86)/atmel/atmel toolchain/avr8 gcc/native/3.4.1056/avr8-gnu-toolchain/bin/../lib/gcc/avr/4.8.1/../../../../avr/lib/avrxmega7\libm.a(fp_pscB.o)
                              c:/program files (x86)/atmel/atmel toolchain/avr8 gcc/native/3.4.1056/avr8-gnu-toolchain/bin/../lib/gcc/avr/4.8.1/../../../../avr/lib/avrxmega7\libm.a(addsf3x.o) (__fp_pscB)
[...]
Memory Configuration

Name             Origin             Length             Attributes
text             0x00000000         0x00100000         xr
data             0x00802000         0x0000ffa0         rw !x
eeprom           0x00810000         0x00010000         rw !x
fuse             0x00820000         0x00000400         rw !x
lock             0x00830000         0x00000400         rw !x
signature        0x00840000         0x00000400         rw !x
user_signatures  0x00850000         0x00000400         rw !x
*default*        0x00000000         0xffffffff

Linker script and memory map

LOAD c:/program files (x86)/atmel/atmel toolchain/avr8 gcc/native/3.4.1056/avr8-gnu-toolchain/bin/../lib/gcc/avr/4.8.1/../../../../avr/lib/avrxmega7/crtx128a1.o
LOAD src/asf/common/boards/user_board/init.o
LOAD src/lcd.o
LOAD src/Menu.o
LOAD src/asf/common/services/clock/xmega/sysclk.o
LOAD src/asf/common/services/sleepmgr/xmega/sleepmgr.o
LOAD src/asf/xmega/drivers/adc/adc.o
LOAD src/asf/xmega/drivers/cpu/ccp.o
LOAD src/asf/xmega/drivers/ioport/ioport.o
LOAD src/asf/xmega/drivers/nvm/nvm.o
LOAD src/asf/xmega/drivers/nvm/nvm_asm.o
LOAD src/asf/xmega/drivers/spi/spi.o
LOAD src/asf/xmega/drivers/tc/tc.o
LOAD src/asf/xmega/drivers/usart/usart.o
LOAD src/asf/xmega/drivers/wdt/wdt.o
LOAD src/initialize.o
LOAD src/main.o
LOAD src/nrf24l01_L.o
START GROUP
END GROUP
START GROUP
LOAD c:/program files (x86)/atmel/atmel toolchain/avr8 gcc/native/3.4.1056/avr8-gnu-toolchain/bin/../lib/gcc/avr/4.8.1/avrxmega7\libgcc.a
LOAD c:/program files (x86)/atmel/atmel toolchain/avr8 gcc/native/3.4.1056/avr8-gnu-toolchain/bin/../lib/gcc/avr/4.8.1/../../../../avr/lib/avrxmega7\libm.a
LOAD c:/program files (x86)/atmel/atmel toolchain/avr8 gcc/native/3.4.1056/avr8-gnu-toolchain/bin/../lib/gcc/avr/4.8.1/../../../../avr/lib/avrxmega7\libc.a
END GROUP

.hash
 *(.hash)

.dynsym
 *(.dynsym)

.dynstr
 *(.dynstr)

.gnu.version
 *(.gnu.version)

.gnu.version_d
 *(.gnu.version_d)

.gnu.version_r
 *(.gnu.version_r)

.rel.init
 *(.rel.init)

.rela.init
 *(.rela.init)

.rel.text
 *(.rel.text)
 *(.rel.text.*)
 *(.rel.gnu.linkonce.t*)

.rela.text
 *(.rela.text)
 *(.rela.text.*)
 *(.rela.gnu.linkonce.t*)

.rel.fini
 *(.rel.fini)

.rela.fini
 *(.rela.fini)

.rel.rodata
 *(.rel.rodata)
 *(.rel.rodata.*)
 *(.rel.gnu.linkonce.r*)

.rela.rodata
 *(.rela.rodata)
 *(.rela.rodata.*)
 *(.rela.gnu.linkonce.r*)

.rel.data
 *(.rel.data)
 *(.rel.data.*)
 *(.rel.gnu.linkonce.d*)

.rela.data
 *(.rela.data)
 *(.rela.data.*)
 *(.rela.gnu.linkonce.d*)

.rel.ctors
 *(.rel.ctors)

.rela.ctors
 *(.rela.ctors)

.rel.dtors
 *(.rel.dtors)

.rela.dtors
 *(.rela.dtors)

.rel.got
 *(.rel.got)

.rela.got
 *(.rela.got)

.rel.bss
 *(.rel.bss)

.rela.bss
 *(.rela.bss)

.rel.plt
 *(.rel.plt)

.rela.plt
 *(.rela.plt)

.text           0x00000000     0x54ac
 *(.vectors)
 .vectors       0x00000000      0x1f4 c:/program files (x86)/atmel/atmel toolchain/avr8 gcc/native/3.4.1056/avr8-gnu-toolchain/bin/../lib/gcc/avr/4.8.1/../../../../avr/lib/avrxmega7/crtx128a1.o
                0x00000000                __vector_default
                0x00000000                __vectors
 *(.vectors)
 *(.progmem.gcc*)
                0x000001f4                . = ALIGN (0x2)
                0x000001f4                __trampolines_start = .
 *(.trampolines)
 .trampolines   0x000001f4        0x0 linker stubs
 *(.trampolines*)
                0x000001f4                __trampolines_end = .
 *(.progmem*)
                0x000001f4                . = ALIGN (0x2)
 *(.jumptables)
 *(.jumptables*)
 *(.lowtext)
 *(.lowtext*)
                0x000001f4                __ctors_start = .
 *(.ctors)
                0x000001f4                __ctors_end = .
                0x000001f4                __dtors_start = .
 *(.dtors)
                0x000001f4                __dtors_end = .
 SORT(*)(.ctors)
 SORT(*)(.dtors)
 *(.init0)
 .init0         0x000001f4        0x0 c:/program files (x86)/atmel/atmel toolchain/avr8 gcc/native/3.4.1056/avr8-gnu-toolchain/bin/../lib/gcc/avr/4.8.1/../../../../avr/lib/avrxmega7/crtx128a1.o
                0x000001f4                __init
 *(.init0)
 *(.init1)
 *(.init1)
 *(.init2)
 .init2         0x000001f4       0x18 c:/program files (x86)/atmel/atmel toolchain/avr8 gcc/native/3.4.1056/avr8-gnu-toolchain/bin/../lib/gcc/avr/4.8.1/../../../../avr/lib/avrxmega7/crtx128a1.o
 *(.init2)
 *(.init3)
 *(.init3)
 *(.init4)
 .init4         0x0000020c       0x1c c:/program files (x86)/atmel/atmel toolchain/avr8 gcc/native/3.4.1056/avr8-gnu-toolchain/bin/../lib/gcc/avr/4.8.1/avrxmega7\libgcc.a(_copy_data.o)
                0x0000020c                __do_copy_data
 .init4         0x00000228       0x10 c:/program files (x86)/atmel/atmel toolchain/avr8 gcc/native/3.4.1056/avr8-gnu-toolchain/bin/../lib/gcc/avr/4.8.1/avrxmega7\libgcc.a(_clear_bss.o)
                0x00000228                __do_clear_bss
 *(.init4)
 *(.init5)
 *(.init5)
 *(.init6)
 *(.init6)
 *(.init7)
 *(.init7)
 *(.init8)
 *(.init8)
 *(.init9)
 .init9         0x00000238        0x8 c:/program files (x86)/atmel/atmel toolchain/avr8 gcc/native/3.4.1056/avr8-gnu-toolchain/bin/../lib/gcc/avr/4.8.1/../../../../avr/lib/avrxmega7/crtx128a1.o
 *(.init9)
 *(.text)
 .text          0x00000240        0x2 c:/program files (x86)/atmel/atmel toolchain/avr8 gcc/native/3.4.1056/avr8-gnu-toolchain/bin/../lib/gcc/avr/4.8.1/../../../../avr/lib/avrxmega7/crtx128a1.o
                0x00000240                __vector_38
                0x00000240                __vector_63
                0x00000240                __vector_28
                0x00000240                __vector_67
                0x00000240                __vector_1
                0x00000240                __vector_32
                0x00000240                __vector_75
                0x00000240                __vector_71
                0x00000240                __vector_91
                0x00000240                __vector_34
                0x00000240                __vector_62
                0x00000240                __vector_102
                0x00000240                __vector_24
                0x00000240                __vector_12
                0x00000240                __vector_69
                0x00000240                __vector_90
                0x00000240                __vector_46
                0x00000240                __bad_interrupt
                0x00000240                __vector_72
                0x00000240                __vector_6
                0x00000240                __vector_31
                0x00000240                __vector_92
                0x00000240                __vector_35
                0x00000240                __vector_74
                0x00000240                __vector_39
                0x00000240                __vector_107
                0x00000240                __vector_3
                0x00000240                __vector_105
                0x00000240                __vector_98
                0x00000240                __vector_68
                0x00000240                __vector_30
                0x00000240                __vector_73
                0x00000240                __vector_45
                0x00000240                __vector_25
                0x00000240                __vector_93
                0x00000240                __vector_61
                0x00000240                __vector_11
                0x00000240                __vector_99
                0x00000240                __vector_13
                0x00000240                __vector_7
                0x00000240                __vector_123
                0x00000240                __vector_41
                0x00000240                __vector_101
                0x00000240                __vector_64
                0x00000240                __vector_88
                0x00000240                __vector_27
                0x00000240                __vector_5
                0x00000240                __vector_33
                0x00000240                __vector_76
                0x00000240                __vector_37
                0x00000240                __vector_103
                0x00000240                __vector_89
                0x00000240                __vector_4
                0x00000240                __vector_44
                0x00000240                __vector_106
                0x00000240                __vector_118
                0x00000240                __vector_9
                0x00000240                __vector_66
                0x00000240                __vector_36
                0x00000240                __vector_58
                0x00000240                __vector_70
                0x00000240                __vector_29
                0x00000240                __vector_60
                0x00000240                __vector_121
                0x00000240                __vector_40
                0x00000240                __vector_8
                0x00000240                __vector_26
                0x00000240                __vector_124
                0x00000240                __vector_57
                0x00000240                __vector_10
                0x00000240                __vector_59
                0x00000240                __vector_42
                0x00000240                __vector_87
                0x00000240                __vector_65
                0x00000240                __vector_120
                0x00000242                . = ALIGN (0x2)
 *(.text.*)
 .text.LCDDataLines
                0x00000242       0x7e src/lcd.o
                0x00000242                LCDDataLines
 .text.LCDDirOut
                0x000002c0       0x22 src/lcd.o
                0x000002c0                LCDDirOut
 .text.LCDDirIn
                0x000002e2       0x22 src/lcd.o
                0x000002e2                LCDDirIn
 .text.LCDSendData
                0x00000304       0x5e src/lcd.o
                0x00000304                LCDSendData
 .text.LCDSendCommand
                0x00000362       0x74 src/lcd.o
                0x00000362                LCDSendCommand
 .text.LCDInit  0x000003d6      0x102 src/lcd.o
                0x000003d6                LCDInit
 .text.LCDStringRam
                0x000004d8       0x1e src/lcd.o
                0x000004d8                LCDStringRam
 .text.LCDGotoXY
                0x000004f6       0x1c src/lcd.o
                0x000004f6                LCDGotoXY
 .text.menu_check_sw
                0x00000512       0x1e src/Menu.o
                0x00000512                menu_check_sw
 .text.Menu_Display
                0x00000530       0x42 src/Menu.o
                0x00000530                Menu_Display
 .text.menu_table
                0x00000572       0x16 src/Menu.o
                0x00000572                menu_table
 .text.Menu_Reset
                0x00000588       0x4a src/Menu.o
                0x00000588                Menu_Reset
 .text.menu_check_status
                0x000005d2      0x204 src/Menu.o
                0x000005d2                menu_check_status
 .text.sysclk_enable_module
                0x000007d6       0x16 src/asf/common/services/clock/xmega/sysclk.o
                0x000007d6                sysclk_enable_module
 .text.sysclk_disable_module
                0x000007ec       0x14 src/asf/common/services/clock/xmega/sysclk.o
                0x000007ec                sysclk_disable_module
 .text.adc_enable_clock
                0x00000800       0x42 src/asf/xmega/drivers/adc/adc.o
 .text.adc_disable_clock
                0x00000842       0x3e src/asf/xmega/drivers/adc/adc.o
 .text.adc_enable
                0x00000880       0x2e src/asf/xmega/drivers/adc/adc.o
                0x00000880                adc_enable
 .text.adc_write_configuration
                0x000008ae       0xa2 src/asf/xmega/drivers/adc/adc.o
                0x000008ae                adc_write_configuration
 .text.adcch_write_configuration
                0x00000950       0x60 src/asf/xmega/drivers/adc/adc.o
                0x00000950                adcch_write_configuration
 .text.adcch_read_configuration
                0x000009b0       0x62 src/asf/xmega/drivers/adc/adc.o
                0x000009b0                adcch_read_configuration
 .text.ccp_write_io
                0x00000a12        0xc src/asf/xmega/drivers/cpu/ccp.o
                0x00000a12                ccp_write_io
 .text.nvm_read_byte
                0x00000a1e       0x14 src/asf/xmega/drivers/nvm/nvm_asm.o
                0x00000a1e                nvm_read_byte
 .text.spi_xmega_set_baud_div
                0x00000a32       0x90 src/asf/xmega/drivers/spi/spi.o
                0x00000a32                spi_xmega_set_baud_div
 .text.__vector_14
                0x00000ac2       0x70 src/asf/xmega/drivers/tc/tc.o
                0x00000ac2                __vector_14
 .text.__vector_15
                0x00000b32       0x70 src/asf/xmega/drivers/tc/tc.o
                0x00000b32                __vector_15
 .text.__vector_16
                0x00000ba2       0x70 src/asf/xmega/drivers/tc/tc.o
                0x00000ba2                __vector_16
 .text.__vector_17
                0x00000c12       0x70 src/asf/xmega/drivers/tc/tc.o
                0x00000c12                __vector_17
 .text.__vector_18
                0x00000c82       0x70 src/asf/xmega/drivers/tc/tc.o
                0x00000c82                __vector_18
 .text.__vector_19
                0x00000cf2       0x70 src/asf/xmega/drivers/tc/tc.o
                0x00000cf2                __vector_19
 .text.__vector_20
                0x00000d62       0x70 src/asf/xmega/drivers/tc/tc.o
                0x00000d62                __vector_20
 .text.__vector_21
                0x00000dd2       0x70 src/asf/xmega/drivers/tc/tc.o
                0x00000dd2                __vector_21
 .text.__vector_22
                0x00000e42       0x70 src/asf/xmega/drivers/tc/tc.o
                0x00000e42                __vector_22
 .text.__vector_23
                0x00000eb2       0x70 src/asf/xmega/drivers/tc/tc.o
                0x00000eb2                __vector_23
 .text.__vector_78
                0x00000f22       0x70 src/asf/xmega/drivers/tc/tc.o
                0x00000f22                __vector_78
 .text.__vector_79
                0x00000f92       0x70 src/asf/xmega/drivers/tc/tc.o
                0x00000f92                __vector_79
 .text.__vector_80
                0x00001002       0x70 src/asf/xmega/drivers/tc/tc.o
                0x00001002                __vector_80
 .text.__vector_81
                0x00001072       0x70 src/asf/xmega/drivers/tc/tc.o
                0x00001072                __vector_81
 .text.__vector_82
                0x000010e2       0x70 src/asf/xmega/drivers/tc/tc.o
                0x000010e2                __vector_82
 .text.__vector_83
                0x00001152       0x70 src/asf/xmega/drivers/tc/tc.o
                0x00001152                __vector_83
 .text.__vector_84
                0x000011c2       0x70 src/asf/xmega/drivers/tc/tc.o
                0x000011c2                __vector_84
 .text.__vector_85
                0x00001232       0x70 src/asf/xmega/drivers/tc/tc.o
                0x00001232                __vector_85
 .text.__vector_86
                0x000012a2       0x70 src/asf/xmega/drivers/tc/tc.o
                0x000012a2                __vector_86
 .text.__vector_47
                0x00001312       0x70 src/asf/xmega/drivers/tc/tc.o
                0x00001312                __vector_47
 .text.__vector_48
                0x00001382       0x70 src/asf/xmega/drivers/tc/tc.o
                0x00001382                __vector_48
 .text.__vector_49
                0x000013f2       0x70 src/asf/xmega/drivers/tc/tc.o
                0x000013f2                __vector_49
 .text.__vector_50
                0x00001462       0x70 src/asf/xmega/drivers/tc/tc.o
                0x00001462                __vector_50
 .text.__vector_51
                0x000014d2       0x70 src/asf/xmega/drivers/tc/tc.o
                0x000014d2                __vector_51
 .text.__vector_52
                0x00001542       0x70 src/asf/xmega/drivers/tc/tc.o
                0x00001542                __vector_52
 .text.__vector_53
                0x000015b2       0x70 src/asf/xmega/drivers/tc/tc.o
                0x000015b2                __vector_53
 .text.__vector_54
                0x00001622       0x70 src/asf/xmega/drivers/tc/tc.o
                0x00001622                __vector_54
 .text.__vector_55
                0x00001692       0x70 src/asf/xmega/drivers/tc/tc.o
                0x00001692                __vector_55
 .text.__vector_56
                0x00001702       0x70 src/asf/xmega/drivers/tc/tc.o
                0x00001702                __vector_56
 .text.__vector_108
                0x00001772       0x70 src/asf/xmega/drivers/tc/tc.o
                0x00001772                __vector_108
 .text.__vector_109
                0x000017e2       0x70 src/asf/xmega/drivers/tc/tc.o
                0x000017e2                __vector_109
 .text.__vector_110
                0x00001852       0x70 src/asf/xmega/drivers/tc/tc.o
                0x00001852                __vector_110
 .text.__vector_111
                0x000018c2       0x70 src/asf/xmega/drivers/tc/tc.o
                0x000018c2                __vector_111
 .text.__vector_112
                0x00001932       0x70 src/asf/xmega/drivers/tc/tc.o
                0x00001932                __vector_112
 .text.__vector_113
                0x000019a2       0x70 src/asf/xmega/drivers/tc/tc.o
                0x000019a2                __vector_113
 .text.__vector_114
                0x00001a12       0x70 src/asf/xmega/drivers/tc/tc.o
                0x00001a12                __vector_114
 .text.__vector_115
                0x00001a82       0x70 src/asf/xmega/drivers/tc/tc.o
                0x00001a82                __vector_115
 .text.__vector_116
                0x00001af2       0x70 src/asf/xmega/drivers/tc/tc.o
                0x00001af2                __vector_116
 .text.__vector_117
                0x00001b62       0x70 src/asf/xmega/drivers/tc/tc.o
                0x00001b62                __vector_117
 .text.tc_enable
                0x00001bd2      0x112 src/asf/xmega/drivers/tc/tc.o
                0x00001bd2                tc_enable
 .text.usart_putchar
                0x00001ce4       0x10 src/asf/xmega/drivers/usart/usart.o
                0x00001ce4                usart_putchar
 .text.usart_set_baudrate
                0x00001cf4      0x214 src/asf/xmega/drivers/usart/usart.o
                0x00001cf4                usart_set_baudrate
 .text.wdt_reset_mcu
                0x00001f08       0x2c src/asf/xmega/drivers/wdt/wdt.o
                0x00001f08                wdt_reset_mcu
 .text.En_RC32M
                0x00001f34       0x2a src/initialize.o
                0x00001f34                En_RC32M
 .text.PORT_init
                0x00001f5e       0x92 src/initialize.o
                0x00001f5e                PORT_init
 .text.TimerC0_init
                0x00001ff0       0x36 src/initialize.o
                0x00001ff0                TimerC0_init
 .text.TimerD0_init
                0x00002026       0x34 src/initialize.o
                0x00002026                TimerD0_init
 .text.SPI_Init
                0x0000205a       0x32 src/initialize.o
                0x0000205a                SPI_Init
 .text.USARTF0_init
                0x0000208c       0x4a src/initialize.o
                0x0000208c                USARTF0_init
 .text.USARTF1_init
                0x000020d6       0x4a src/initialize.o
                0x000020d6                USARTF1_init
 .text.ADCA_init
                0x00002120       0x92 src/initialize.o
                0x00002120                ADCA_init
 .text.__vector_43
                0x000021b2      0x8da src/main.o
                0x000021b2                __vector_43
 .text.__vector_77
                0x00002a8c      0x2f8 src/main.o
                0x00002a8c                __vector_77
 .text.__vector_104
                0x00002d84       0x1e src/main.o
                0x00002d84                __vector_104
 .text.__vector_94
                0x00002da2       0x54 src/main.o
                0x00002da2                __vector_94
 .text.__vector_96
                0x00002df6       0x54 src/main.o
                0x00002df6                __vector_96
 .text.__vector_2
                0x00002e4a       0x54 src/main.o
                0x00002e4a                __vector_2
 .text.__vector_95
                0x00002e9e       0x54 src/main.o
                0x00002e9e                __vector_95
 .text.__vector_97
                0x00002ef2       0x1e src/main.o
                0x00002ef2                __vector_97
 .text.__vector_100
                0x00002f10       0xa6 src/main.o
                0x00002f10                __vector_100
 .text.send_ask
                0x00002fb6       0x4c src/main.o
                0x00002fb6                send_ask
 .text.main     0x00003002     0x167a src/main.o
                0x00003002                main
 .text.__vector_119
                0x0000467c       0xf2 src/main.o
                0x0000467c                __vector_119
 .text.__vector_122
                0x0000476e       0xf2 src/main.o
                0x0000476e                __vector_122
 .text.NRF24L01_L_RF_TX
                0x00004860       0x18 src/nrf24l01_L.o
                0x00004860                NRF24L01_L_RF_TX
 .text.SPI_L    0x00004878       0x14 src/nrf24l01_L.o
                0x00004878                SPI_L
 .text.NRF24L01_L_ReadReg
                0x0000488c       0x1e src/nrf24l01_L.o
                0x0000488c                NRF24L01_L_ReadReg
 .text.NRF24L01_L_WriteReg
                0x000048aa       0x2c src/nrf24l01_L.o
                0x000048aa                NRF24L01_L_WriteReg
 .text.NRF24L01_L_Set_CH
                0x000048d6        0xa src/nrf24l01_L.o
                0x000048d6                NRF24L01_L_Set_CH
 .text.NRF24L01_L_Set_ShockBurst
                0x000048e0       0x14 src/nrf24l01_L.o
                0x000048e0                NRF24L01_L_Set_ShockBurst
 .text.NRF24L01_L_Set_Address_Width
                0x000048f4        0x8 src/nrf24l01_L.o
                0x000048f4                NRF24L01_L_Set_Address_Width
 .text.NRF24L01_L_Clear_Interrupts
                0x000048fc        0x8 src/nrf24l01_L.o
                0x000048fc                NRF24L01_L_Clear_Interrupts
 .text.NRF24L01_L_ReadRegBuf
                0x00004904       0x50 src/nrf24l01_L.o
                0x00004904                NRF24L01_L_ReadRegBuf
 .text.NRF24L01_L_Read_RX_Buf
                0x00004954        0xa src/nrf24l01_L.o
                0x00004954                NRF24L01_L_Read_RX_Buf
 .text.NRF24L01_L_WriteRegBuf
                0x0000495e       0x4e src/nrf24l01_L.o
                0x0000495e                NRF24L01_L_WriteRegBuf
 .text.NRF24L01_L_Set_RX_Pipe
                0x000049ac       0x54 src/nrf24l01_L.o
                0x000049ac                NRF24L01_L_Set_RX_Pipe
 .text.NRF24L01_L_Set_TX_Address
                0x00004a00        0xa src/nrf24l01_L.o
                0x00004a00                NRF24L01_L_Set_TX_Address
 .text.NRF24L01_L_Init_milad
                0x00004a0a       0x76 src/nrf24l01_L.o
                0x00004a0a                NRF24L01_L_Init_milad
 .text.NRF24L01_L_Write_TX_Buf
                0x00004a80        0xa src/nrf24l01_L.o
                0x00004a80                NRF24L01_L_Write_TX_Buf
 .text.NRF24L01_L_Flush_TX
                0x00004a8a       0x1c src/nrf24l01_L.o
                0x00004a8a                NRF24L01_L_Flush_TX
 .text.NRF24L01_L_Flush_RX
                0x00004aa6       0x1c src/nrf24l01_L.o
                0x00004aa6                NRF24L01_L_Flush_RX
 .text.libgcc.div
                0x00004ac2       0x44 c:/program files (x86)/atmel/atmel toolchain/avr8 gcc/native/3.4.1056/avr8-gnu-toolchain/bin/../lib/gcc/avr/4.8.1/avrxmega7\libgcc.a(_udivmodsi4.o)
                0x00004ac2                __udivmodsi4
 .text.avr-libc.fplib
                0x00004b06        0xa c:/program files (x86)/atmel/atmel toolchain/avr8 gcc/native/3.4.1056/avr8-gnu-toolchain/bin/../lib/gcc/avr/4.8.1/../../../../avr/lib/avrxmega7\libm.a(addsf3.o)
                0x00004b06                __subsf3
                0x00004b08                __addsf3
 .text.avr-libc.fplib
                0x00004b10       0xc0 c:/program files (x86)/atmel/atmel toolchain/avr8 gcc/native/3.4.1056/avr8-gnu-toolchain/bin/../lib/gcc/avr/4.8.1/../../../../avr/lib/avrxmega7\libm.a(addsf3x.o)
                0x00004b2a                __addsf3x
 .text.avr-libc.fplib
                0x00004bd0        0x8 c:/program files (x86)/atmel/atmel toolchain/avr8 gcc/native/3.4.1056/avr8-gnu-toolchain/bin/../lib/gcc/avr/4.8.1/../../../../avr/lib/avrxmega7\libm.a(cmpsf2.o)
                0x00004bd0                __nesf2
                0x00004bd0                __eqsf2
                0x00004bd0                __cmpsf2
                0x00004bd0                __ltsf2
                0x00004bd0                __lesf2
 .text.avr-libc.fplib
                0x00004bd8        0x4 c:/program files (x86)/atmel/atmel toolchain/avr8 gcc/native/3.4.1056/avr8-gnu-toolchain/bin/../lib/gcc/avr/4.8.1/../../../../avr/lib/avrxmega7\libm.a(divsf3.o)
                0x00004bd8                __divsf3
 .text.avr-libc.fplib
                0x00004bdc       0xcc c:/program files (x86)/atmel/atmel toolchain/avr8 gcc/native/3.4.1056/avr8-gnu-toolchain/bin/../lib/gcc/avr/4.8.1/../../../../avr/lib/avrxmega7\libm.a(divsf3x.o)
                0x00004bf2                __divsf3x
                0x00004bf6                __divsf3_pse
 .text.avr-libc.fplib
                0x00004ca8        0xa c:/program files (x86)/atmel/atmel toolchain/avr8 gcc/native/3.4.1056/avr8-gnu-toolchain/bin/../lib/gcc/avr/4.8.1/../../../../avr/lib/avrxmega7\libm.a(fixsfsi.o)
                0x00004ca8                __fixsfsi
 .text.avr-libc.fplib
                0x00004cb2       0x58 c:/program files (x86)/atmel/atmel toolchain/avr8 gcc/native/3.4.1056/avr8-gnu-toolchain/bin/../lib/gcc/avr/4.8.1/../../../../avr/lib/avrxmega7\libm.a(fixunssfsi.o)
                0x00004cb2                __fixunssfsi
 .text.avr-libc.fplib
                0x00004d0a       0x7a c:/program files (x86)/atmel/atmel toolchain/avr8 gcc/native/3.4.1056/avr8-gnu-toolchain/bin/../lib/gcc/avr/4.8.1/../../../../avr/lib/avrxmega7\libm.a(floatsisf.o)
                0x00004d0a                __floatunsisf
                0x00004d0e                __floatsisf
 .text.avr-libc.fplib
                0x00004d84       0x48 c:/program files (x86)/atmel/atmel toolchain/avr8 gcc/native/3.4.1056/avr8-gnu-toolchain/bin/../lib/gcc/avr/4.8.1/../../../../avr/lib/avrxmega7\libm.a(fp_cmp.o)
                0x00004d84                __fp_cmp
 .text.avr-libc.fplib
                0x00004dcc        0xc c:/program files (x86)/atmel/atmel toolchain/avr8 gcc/native/3.4.1056/avr8-gnu-toolchain/bin/../lib/gcc/avr/4.8.1/../../../../avr/lib/avrxmega7\libm.a(fp_inf.o)
                0x00004dcc                __fp_inf
 .text.avr-libc.fplib
                0x00004dd8        0x6 c:/program files (x86)/atmel/atmel toolchain/avr8 gcc/native/3.4.1056/avr8-gnu-toolchain/bin/../lib/gcc/avr/4.8.1/../../../../avr/lib/avrxmega7\libm.a(fp_nan.o)
                0x00004dd8                __fp_nan
 .text.avr-libc.fplib
                0x00004dde        0xe c:/program files (x86)/atmel/atmel toolchain/avr8 gcc/native/3.4.1056/avr8-gnu-toolchain/bin/../lib/gcc/avr/4.8.1/../../../../avr/lib/avrxmega7\libm.a(fp_pscA.o)
                0x00004dde                __fp_pscA
 .text.avr-libc.fplib
                0x00004dec        0xe c:/program files (x86)/atmel/atmel toolchain/avr8 gcc/native/3.4.1056/avr8-gnu-toolchain/bin/../lib/gcc/avr/4.8.1/../../../../avr/lib/avrxmega7\libm.a(fp_pscB.o)
                0x00004dec                __fp_pscB
 .text.avr-libc.fplib
                0x00004dfa       0x22 c:/program files (x86)/atmel/atmel toolchain/avr8 gcc/native/3.4.1056/avr8-gnu-toolchain/bin/../lib/gcc/avr/4.8.1/../../../../avr/lib/avrxmega7\libm.a(fp_round.o)
                0x00004dfa                __fp_round
 .text.avr-libc.fplib
                0x00004e1c       0x44 c:/program files (x86)/atmel/atmel toolchain/avr8 gcc/native/3.4.1056/avr8-gnu-toolchain/bin/../lib/gcc/avr/4.8.1/../../../../avr/lib/avrxmega7\libm.a(fp_split3.o)
                0x00004e1c                __fp_split3
                0x00004e2c                __fp_splitA
 .text.avr-libc.fplib
                0x00004e60        0xe c:/program files (x86)/atmel/atmel toolchain/avr8 gcc/native/3.4.1056/avr8-gnu-toolchain/bin/../lib/gcc/avr/4.8.1/../../../../avr/lib/avrxmega7\libm.a(fp_zero.o)
                0x00004e60                __fp_zero
                0x00004e62                __fp_szero
 .text.avr-libc.fplib
                0x00004e6e        0x8 c:/program files (x86)/atmel/atmel toolchain/avr8 gcc/native/3.4.1056/avr8-gnu-toolchain/bin/../lib/gcc/avr/4.8.1/../../../../avr/lib/avrxmega7\libm.a(gesf2.o)
                0x00004e6e                __gesf2
                0x00004e6e                __gtsf2
 .text.avr-libc.fplib
                0x00004e76        0x4 c:/program files (x86)/atmel/atmel toolchain/avr8 gcc/native/3.4.1056/avr8-gnu-toolchain/bin/../lib/gcc/avr/4.8.1/../../../../avr/lib/avrxmega7\libm.a(mulsf3.o)
                0x00004e76                __mulsf3
 .text.avr-libc.fplib
                0x00004e7a       0xc2 c:/program files (x86)/atmel/atmel toolchain/avr8 gcc/native/3.4.1056/avr8-gnu-toolchain/bin/../lib/gcc/avr/4.8.1/../../../../avr/lib/avrxmega7\libm.a(mulsf3x.o)
                0x00004e8e                __mulsf3x
                0x00004e92                __mulsf3_pse
 .text.avr-libc
                0x00004f3c       0x50 c:/program files (x86)/atmel/atmel toolchain/avr8 gcc/native/3.4.1056/avr8-gnu-toolchain/bin/../lib/gcc/avr/4.8.1/../../../../avr/lib/avrxmega7\libc.a(sprintf.o)
                0x00004f3c                sprintf
 .text.avr-libc
                0x00004f8c      0x3d0 c:/program files (x86)/atmel/atmel toolchain/avr8 gcc/native/3.4.1056/avr8-gnu-toolchain/bin/../lib/gcc/avr/4.8.1/../../../../avr/lib/avrxmega7\libc.a(vfprintf_std.o)
                0x00004f8c                vfprintf
 .text.avr-libc
                0x0000535c       0x16 c:/program files (x86)/atmel/atmel toolchain/avr8 gcc/native/3.4.1056/avr8-gnu-toolchain/bin/../lib/gcc/avr/4.8.1/../../../../avr/lib/avrxmega7\libc.a(strnlen_P.o)
                0x0000535c                strnlen_P
 .text.avr-libc
                0x00005372       0x16 c:/program files (x86)/atmel/atmel toolchain/avr8 gcc/native/3.4.1056/avr8-gnu-toolchain/bin/../lib/gcc/avr/4.8.1/../../../../avr/lib/avrxmega7\libc.a(strnlen.o)
                0x00005372                strnlen
 .text.avr-libc
                0x00005388       0x64 c:/program files (x86)/atmel/atmel toolchain/avr8 gcc/native/3.4.1056/avr8-gnu-toolchain/bin/../lib/gcc/avr/4.8.1/../../../../avr/lib/avrxmega7\libc.a(fputc.o)
                0x00005388                fputc
 .text.avr-libc
                0x000053ec       0xbc c:/program files (x86)/atmel/atmel toolchain/avr8 gcc/native/3.4.1056/avr8-gnu-toolchain/bin/../lib/gcc/avr/4.8.1/../../../../avr/lib/avrxmega7\libc.a(ultoa_invert.o)
                0x000053ec                __ultoa_invert
                0x000054a8                . = ALIGN (0x2)
 *(.fini9)
 .fini9         0x000054a8        0x0 c:/program files (x86)/atmel/atmel toolchain/avr8 gcc/native/3.4.1056/avr8-gnu-toolchain/bin/../lib/gcc/avr/4.8.1/avrxmega7\libgcc.a(_exit.o)
                0x000054a8                _exit
                0x000054a8                exit
 *(.fini9)
 *(.fini8)
 *(.fini8)
 *(.fini7)
 *(.fini7)
 *(.fini6)
 *(.fini6)
 *(.fini5)
 *(.fini5)
 *(.fini4)
 *(.fini4)
 *(.fini3)
 *(.fini3)
 *(.fini2)
 *(.fini2)
 *(.fini1)
 *(.fini1)
 *(.fini0)
 .fini0         0x000054a8        0x4 c:/program files (x86)/atmel/atmel toolchain/avr8 gcc/native/3.4.1056/avr8-gnu-toolchain/bin/../lib/gcc/avr/4.8.1/avrxmega7\libgcc.a(_exit.o)
 *(.fini0)
                0x000054ac                _etext = .

.data           0x00802000       0x48 load address 0x000054ac
                0x00802000                PROVIDE (__data_start, .)
 *(.data)
 .data          0x00802000        0x0 c:/program files (x86)/atmel/atmel toolchain/avr8 gcc/native/3.4.1056/avr8-gnu-toolchain/bin/../lib/gcc/avr/4.8.1/../../../../avr/lib/avrxmega7/crtx128a1.o
 .data          0x00802000        0x0 src/asf/common/boards/user_board/init.o
 .data          0x00802000        0x0 src/lcd.o
 .data          0x00802000        0x0 src/Menu.o
 .data          0x00802000        0x0 src/asf/common/services/clock/xmega/sysclk.o
 .data          0x00802000        0x0 src/asf/common/services/sleepmgr/xmega/sleepmgr.o
 .data          0x00802000        0x0 src/asf/xmega/drivers/adc/adc.o
 .data          0x00802000        0x0 src/asf/xmega/drivers/cpu/ccp.o
 .data          0x00802000        0x0 src/asf/xmega/drivers/ioport/ioport.o
 .data          0x00802000        0x0 src/asf/xmega/drivers/nvm/nvm.o
 .data          0x00802000        0x0 src/asf/xmega/drivers/nvm/nvm_asm.o
 .data          0x00802000        0x0 src/asf/xmega/drivers/spi/spi.o
 .data          0x00802000        0x0 src/asf/xmega/drivers/tc/tc.o
 .data          0x00802000        0x0 src/asf/xmega/drivers/usart/usart.o
 .data          0x00802000        0x0 src/asf/xmega/drivers/wdt/wdt.o
 .data          0x00802000        0x0 src/initialize.o
 .data          0x00802000        0x0 src/main.o
 .data          0x00802000        0x0 src/nrf24l01_L.o
 .data          0x00802000        0x0 c:/program files (x86)/atmel/atmel toolchain/avr8 gcc/native/3.4.1056/avr8-gnu-toolchain/bin/../lib/gcc/avr/4.8.1/avrxmega7\libgcc.a(_udivmodsi4.o)
 .data          0x00802000        0x0 c:/program files (x86)/atmel/atmel toolchain/avr8 gcc/native/3.4.1056/avr8-gnu-toolchain/bin/../lib/gcc/avr/4.8.1/avrxmega7\libgcc.a(_exit.o)
 .data          0x00802000        0x0 c:/program files (x86)/atmel/atmel toolchain/avr8 gcc/native/3.4.1056/avr8-gnu-toolchain/bin/../lib/gcc/avr/4.8.1/avrxmega7\libgcc.a(_copy_data.o)
 .data          0x00802000        0x0 c:/program files (x86)/atmel/atmel toolchain/avr8 gcc/native/3.4.1056/avr8-gnu-toolchain/bin/../lib/gcc/avr/4.8.1/avrxmega7\libgcc.a(_clear_bss.o)
 .data          0x00802000        0x0 c:/program files (x86)/atmel/atmel toolchain/avr8 gcc/native/3.4.1056/avr8-gnu-toolchain/bin/../lib/gcc/avr/4.8.1/../../../../avr/lib/avrxmega7\libm.a(addsf3.o)
 .data          0x00802000        0x0 c:/program files (x86)/atmel/atmel toolchain/avr8 gcc/native/3.4.1056/avr8-gnu-toolchain/bin/../lib/gcc/avr/4.8.1/../../../../avr/lib/avrxmega7\libm.a(addsf3x.o)
 .data          0x00802000        0x0 c:/program files (x86)/atmel/atmel toolchain/avr8 gcc/native/3.4.1056/avr8-gnu-toolchain/bin/../lib/gcc/avr/4.8.1/../../../../avr/lib/avrxmega7\libm.a(cmpsf2.o)
 .data          0x00802000        0x0 c:/program files (x86)/atmel/atmel toolchain/avr8 gcc/native/3.4.1056/avr8-gnu-toolchain/bin/../lib/gcc/avr/4.8.1/../../../../avr/lib/avrxmega7\libm.a(divsf3.o)
 .data          0x00802000        0x0 c:/program files (x86)/atmel/atmel toolchain/avr8 gcc/native/3.4.1056/avr8-gnu-toolchain/bin/../lib/gcc/avr/4.8.1/../../../../avr/lib/avrxmega7\libm.a(divsf3x.o)
 .data          0x00802000        0x0 c:/program files (x86)/atmel/atmel toolchain/avr8 gcc/native/3.4.1056/avr8-gnu-toolchain/bin/../lib/gcc/avr/4.8.1/../../../../avr/lib/avrxmega7\libm.a(fixsfsi.o)
 .data          0x00802000        0x0 c:/program files (x86)/atmel/atmel toolchain/avr8 gcc/native/3.4.1056/avr8-gnu-toolchain/bin/../lib/gcc/avr/4.8.1/../../../../avr/lib/avrxmega7\libm.a(fixunssfsi.o)
 .data          0x00802000        0x0 c:/program files (x86)/atmel/atmel toolchain/avr8 gcc/native/3.4.1056/avr8-gnu-toolchain/bin/../lib/gcc/avr/4.8.1/../../../../avr/lib/avrxmega7\libm.a(floatsisf.o)
 .data          0x00802000        0x0 c:/program files (x86)/atmel/atmel toolchain/avr8 gcc/native/3.4.1056/avr8-gnu-toolchain/bin/../lib/gcc/avr/4.8.1/../../../../avr/lib/avrxmega7\libm.a(fp_cmp.o)
 .data          0x00802000        0x0 c:/program files (x86)/atmel/atmel toolchain/avr8 gcc/native/3.4.1056/avr8-gnu-toolchain/bin/../lib/gcc/avr/4.8.1/../../../../avr/lib/avrxmega7\libm.a(fp_inf.o)
 .data          0x00802000        0x0 c:/program files (x86)/atmel/atmel toolchain/avr8 gcc/native/3.4.1056/avr8-gnu-toolchain/bin/../lib/gcc/avr/4.8.1/../../../../avr/lib/avrxmega7\libm.a(fp_nan.o)
 .data          0x00802000        0x0 c:/program files (x86)/atmel/atmel toolchain/avr8 gcc/native/3.4.1056/avr8-gnu-toolchain/bin/../lib/gcc/avr/4.8.1/../../../../avr/lib/avrxmega7\libm.a(fp_pscA.o)
 .data          0x00802000        0x0 c:/program files (x86)/atmel/atmel toolchain/avr8 gcc/native/3.4.1056/avr8-gnu-toolchain/bin/../lib/gcc/avr/4.8.1/../../../../avr/lib/avrxmega7\libm.a(fp_pscB.o)
 .data          0x00802000        0x0 c:/program files (x86)/atmel/atmel toolchain/avr8 gcc/native/3.4.1056/avr8-gnu-toolchain/bin/../lib/gcc/avr/4.8.1/../../../../avr/lib/avrxmega7\libm.a(fp_round.o)
 .data          0x00802000        0x0 c:/program files (x86)/atmel/atmel toolchain/avr8 gcc/native/3.4.1056/avr8-gnu-toolchain/bin/../lib/gcc/avr/4.8.1/../../../../avr/lib/avrxmega7\libm.a(fp_split3.o)
 .data          0x00802000        0x0 c:/program files (x86)/atmel/atmel toolchain/avr8 gcc/native/3.4.1056/avr8-gnu-toolchain/bin/../lib/gcc/avr/4.8.1/../../../../avr/lib/avrxmega7\libm.a(fp_zero.o)
 .data          0x00802000        0x0 c:/program files (x86)/atmel/atmel toolchain/avr8 gcc/native/3.4.1056/avr8-gnu-toolchain/bin/../lib/gcc/avr/4.8.1/../../../../avr/lib/avrxmega7\libm.a(gesf2.o)
 .data          0x00802000        0x0 c:/program files (x86)/atmel/atmel toolchain/avr8 gcc/native/3.4.1056/avr8-gnu-toolchain/bin/../lib/gcc/avr/4.8.1/../../../../avr/lib/avrxmega7\libm.a(mulsf3.o)
 .data          0x00802000        0x0 c:/program files (x86)/atmel/atmel toolchain/avr8 gcc/native/3.4.1056/avr8-gnu-toolchain/bin/../lib/gcc/avr/4.8.1/../../../../avr/lib/avrxmega7\libm.a(mulsf3x.o)
 .data          0x00802000        0x0 c:/program files (x86)/atmel/atmel toolchain/avr8 gcc/native/3.4.1056/avr8-gnu-toolchain/bin/../lib/gcc/avr/4.8.1/../../../../avr/lib/avrxmega7\libc.a(memcpy.o)
 .data          0x00802000        0x0 c:/program files (x86)/atmel/atmel toolchain/avr8 gcc/native/3.4.1056/avr8-gnu-toolchain/bin/../lib/gcc/avr/4.8.1/../../../../avr/lib/avrxmega7\libc.a(sprintf.o)
 .data          0x00802000        0x0 c:/program files (x86)/atmel/atmel toolchain/avr8 gcc/native/3.4.1056/avr8-gnu-toolchain/bin/../lib/gcc/avr/4.8.1/../../../../avr/lib/avrxmega7\libc.a(vfprintf_std.o)
 .data          0x00802000        0x0 c:/program files (x86)/atmel/atmel toolchain/avr8 gcc/native/3.4.1056/avr8-gnu-toolchain/bin/../lib/gcc/avr/4.8.1/../../../../avr/lib/avrxmega7\libc.a(strnlen_P.o)
 .data          0x00802000        0x0 c:/program files (x86)/atmel/atmel toolchain/avr8 gcc/native/3.4.1056/avr8-gnu-toolchain/bin/../lib/gcc/avr/4.8.1/../../../../avr/lib/avrxmega7\libc.a(strnlen.o)
 .data          0x00802000        0x0 c:/program files (x86)/atmel/atmel toolchain/avr8 gcc/native/3.4.1056/avr8-gnu-toolchain/bin/../lib/gcc/avr/4.8.1/../../../../avr/lib/avrxmega7\libc.a(fputc.o)
 .data          0x00802000        0x0 c:/program files (x86)/atmel/atmel toolchain/avr8 gcc/native/3.4.1056/avr8-gnu-toolchain/bin/../lib/gcc/avr/4.8.1/../../../../avr/lib/avrxmega7\libc.a(ultoa_invert.o)
 *(.data*)
 .data.menu_index
                0x00802000        0x3 src/Menu.o
                0x00802000                menu_index
 .data.Address  0x00802003        0x5 src/main.o
                0x00802003                Address
 .data.Seg      0x00802008       0x24 src/main.o
                0x00802008                Seg
 .data.Buzzer_Time
                0x0080202c        0x4 src/main.o
                0x0080202c                Buzzer_Time
 .data.LED_White_Time
                0x00802030        0x4 src/main.o
                0x00802030                LED_White_Time
 .data.LED_Green_Time
                0x00802034        0x4 src/main.o
                0x00802034                LED_Green_Time
 .data.LED_Red_Time
                0x00802038        0x4 src/main.o
                0x00802038                LED_Red_Time
 *(.rodata)
 *(.rodata*)
 .rodata.str1.1
                0x0080203c        0xc src/main.o
 *(.gnu.linkonce.d*)
                0x00802048                . = ALIGN (0x2)
                0x00802048                _edata = .
                0x00802048                PROVIDE (__data_end, .)

.bss            0x00802048      0x3de
                0x00802048                PROVIDE (__bss_start, .)
 *(.bss)
 *(.bss*)
 .bss.menu_time
                0x00802048        0x2 src/Menu.o
                0x00802048                menu_time
 .bss.Menu_Cancel_flg
                0x0080204a        0x1 src/Menu.o
                0x0080204a                Menu_Cancel_flg
 .bss.Menu_Set_flg
                0x0080204b        0x1 src/Menu.o
                0x0080204b                Menu_Set_flg
 .bss.adcb_enable_count
                0x0080204c        0x1 src/asf/xmega/drivers/adc/adc.o
 .bss.adca_enable_count
                0x0080204d        0x1 src/asf/xmega/drivers/adc/adc.o
 .bss.tc_tcf1_ccb_callback
                0x0080204e        0x2 src/asf/xmega/drivers/tc/tc.o
 .bss.tc_tcf1_cca_callback
                0x00802050        0x2 src/asf/xmega/drivers/tc/tc.o
 .bss.tc_tcf1_err_callback
                0x00802052        0x2 src/asf/xmega/drivers/tc/tc.o
 .bss.tc_tcf1_ovf_callback
                0x00802054        0x2 src/asf/xmega/drivers/tc/tc.o
 .bss.tc_tcf0_ccd_callback
                0x00802056        0x2 src/asf/xmega/drivers/tc/tc.o
 .bss.tc_tcf0_ccc_callback
                0x00802058        0x2 src/asf/xmega/drivers/tc/tc.o
 .bss.tc_tcf0_ccb_callback
                0x0080205a        0x2 src/asf/xmega/drivers/tc/tc.o
 .bss.tc_tcf0_cca_callback
                0x0080205c        0x2 src/asf/xmega/drivers/tc/tc.o
 .bss.tc_tcf0_err_callback
                0x0080205e        0x2 src/asf/xmega/drivers/tc/tc.o
 .bss.tc_tcf0_ovf_callback
                0x00802060        0x2 src/asf/xmega/drivers/tc/tc.o
 .bss.tc_tce1_ccb_callback
                0x00802062        0x2 src/asf/xmega/drivers/tc/tc.o
 .bss.tc_tce1_cca_callback
                0x00802064        0x2 src/asf/xmega/drivers/tc/tc.o
 .bss.tc_tce1_err_callback
                0x00802066        0x2 src/asf/xmega/drivers/tc/tc.o
 .bss.tc_tce1_ovf_callback
                0x00802068        0x2 src/asf/xmega/drivers/tc/tc.o
 .bss.tc_tce0_ccd_callback
                0x0080206a        0x2 src/asf/xmega/drivers/tc/tc.o
 .bss.tc_tce0_ccc_callback
                0x0080206c        0x2 src/asf/xmega/drivers/tc/tc.o
 .bss.tc_tce0_ccb_callback
                0x0080206e        0x2 src/asf/xmega/drivers/tc/tc.o
 .bss.tc_tce0_cca_callback
                0x00802070        0x2 src/asf/xmega/drivers/tc/tc.o
 .bss.tc_tce0_err_callback
                0x00802072        0x2 src/asf/xmega/drivers/tc/tc.o
 .bss.tc_tce0_ovf_callback
                0x00802074        0x2 src/asf/xmega/drivers/tc/tc.o
 .bss.tc_tcd1_ccb_callback
                0x00802076        0x2 src/asf/xmega/drivers/tc/tc.o
 .bss.tc_tcd1_cca_callback
                0x00802078        0x2 src/asf/xmega/drivers/tc/tc.o
 .bss.tc_tcd1_err_callback
                0x0080207a        0x2 src/asf/xmega/drivers/tc/tc.o
 .bss.tc_tcd1_ovf_callback
                0x0080207c        0x2 src/asf/xmega/drivers/tc/tc.o
 .bss.tc_tcd0_ccd_callback
                0x0080207e        0x2 src/asf/xmega/drivers/tc/tc.o
 .bss.tc_tcd0_ccc_callback
                0x00802080        0x2 src/asf/xmega/drivers/tc/tc.o
 .bss.tc_tcd0_ccb_callback
                0x00802082        0x2 src/asf/xmega/drivers/tc/tc.o
 .bss.tc_tcd0_cca_callback
                0x00802084        0x2 src/asf/xmega/drivers/tc/tc.o
 .bss.tc_tcd0_err_callback
                0x00802086        0x2 src/asf/xmega/drivers/tc/tc.o
 .bss.tc_tcc1_ccb_callback
                0x00802088        0x2 src/asf/xmega/drivers/tc/tc.o
 .bss.tc_tcc1_cca_callback
                0x0080208a        0x2 src/asf/xmega/drivers/tc/tc.o
 .bss.tc_tcc1_err_callback
                0x0080208c        0x2 src/asf/xmega/drivers/tc/tc.o
 .bss.tc_tcc1_ovf_callback
                0x0080208e        0x2 src/asf/xmega/drivers/tc/tc.o
 .bss.tc_tcc0_ccd_callback
                0x00802090        0x2 src/asf/xmega/drivers/tc/tc.o
 .bss.tc_tcc0_ccc_callback
                0x00802092        0x2 src/asf/xmega/drivers/tc/tc.o
 .bss.tc_tcc0_ccb_callback
                0x00802094        0x2 src/asf/xmega/drivers/tc/tc.o
 .bss.tc_tcc0_cca_callback
                0x00802096        0x2 src/asf/xmega/drivers/tc/tc.o
 .bss.tc_tcc0_err_callback
                0x00802098        0x2 src/asf/xmega/drivers/tc/tc.o
 .bss.tc_tcc0_ovf_callback
                0x0080209a        0x2 src/asf/xmega/drivers/tc/tc.o
 .bss.ask_cnt   0x0080209c        0x2 src/main.o
                0x0080209c                ask_cnt
 .bss.ctrlflg   0x0080209e        0x1 src/main.o
                0x0080209e                ctrlflg
 .bss.time_ms   0x0080209f        0x4 src/main.o
                0x0080209f                time_ms
 .bss.i         0x008020a3        0x2 src/main.o
                0x008020a3                i
 .bss.speed     0x008020a5        0x2 src/main.o
                0x008020a5                speed
 .bss.adc       0x008020a7        0x2 src/main.o
                0x008020a7                adc
 .bss.cnt       0x008020a9        0x2 src/main.o
                0x008020a9                cnt
 *(COMMON)
 COMMON         0x008020ab        0x1 src/Menu.o
                0x008020ab                disp
 COMMON         0x008020ac        0x6 src/asf/common/services/sleepmgr/xmega/sleepmgr.o
                0x008020ac                sleepmgr_locks
 COMMON         0x008020b2      0x374 src/main.o
                0x008020b2                buff_d_temp
                0x008020b4                Robot_D
                0x008021c8                buff_p
                0x008021ca                kd
                0x008021ce                kck_time
                0x008021d2                PCK_H
                0x008021d5                reply2
                0x008021d6                Robot_S_D_tmp2
                0x008021db                tx3b
                0x008021dc                Robot_Send_PCK
                0x008021e7                LED_Red_Speed
                0x008021e9                Circular_Buffer
                0x00802218                tx1b
                0x00802219                buff
                0x0080221b                tx2b
                0x0080221c                tx4b
                0x0080221d                rx
                0x0080222c                rx1
                0x0080222f                Buzzer_Speed
                0x00802231                buff_u
                0x00802233                Robot_D_tmp
                0x00802347                Buf_Rx_L
                0x00802367                PCK_Speed
                0x00802369                buff_d
                0x0080236b                timectrl
                0x0080236c                rx2
                0x0080236f                buff_reply
                0x00802371                buff2
                0x00802372                Robot_S_D
                0x00802377                M0
                0x00802386                tx1a
                0x00802387                Buf_Tx_L
                0x008023a7                buff_p_temp
                0x008023a9                M3
                0x008023b8                buff_reply_tmp
                0x008023ba                ki
                0x008023be                buff_i
                0x008023c0                tx2a
                0x008023c1                tx4a
                0x008023c2                rx4
                0x008023c5                PCK_S_H
                0x008023c8                reply2_tmp
                0x008023c9                buff_i_temp
                0x008023cb                LED_Green_Speed
                0x008023cd                buff_u_temp
                0x008023cf                str
                0x008023f7                flg_off
                0x008023f9                LED_White_Speed
                0x008023fb                tx3a
                0x008023fc                M1
                0x0080240b                Robot_S_D_tmp
                0x00802410                M2
                0x0080241f                rx3
                0x00802422                kp
                0x00802426                PROVIDE (__bss_end, .)
                0x000054ac                __data_load_start = LOADADDR (.data)
                0x000054f4                __data_load_end = (__data_load_start + SIZEOF (.data))

.noinit         0x00802426        0x0
                0x00802426                PROVIDE (__noinit_start, .)
 *(.noinit*)
                0x00802426                PROVIDE (__noinit_end, .)
                0x00802426                _end = .
                0x00802426                PROVIDE (__heap_start, .)

.eeprom         0x00810000        0x0
 *(.eeprom*)
                0x00810000                __eeprom_end = .

.fuse
 *(.fuse)
 *(.lfuse)
 *(.hfuse)
 *(.efuse)

.lock
 *(.lock*)

.signature
 *(.signature*)

.user_signatures
 *(.user_signatures*)

.stab
 *(.stab)

.stabstr
 *(.stabstr)

.stab.excl
 *(.stab.excl)

.stab.exclstr
 *(.stab.exclstr)

.stab.index
 *(.stab.index)

.stab.indexstr
 *(.stab.indexstr)

.comment        0x00000000       0x5c
 *(.comment)
 .comment       0x00000000       0x30 src/asf/common/boards/user_board/init.o
                                 0x31 (size before relaxing)
 .comment       0x00000000       0x31 src/lcd.o
 .comment       0x00000000       0x31 src/Menu.o
 .comment       0x00000000       0x31 src/asf/common/services/clock/xmega/sysclk.o
 .comment       0x00000000       0x31 src/asf/common/services/sleepmgr/xmega/sleepmgr.o
 .comment       0x00000000       0x31 src/asf/xmega/drivers/adc/adc.o
 .comment       0x00000000       0x31 src/asf/xmega/drivers/ioport/ioport.o
 .comment       0x00000000       0x31 src/asf/xmega/drivers/nvm/nvm.o
 .comment       0x00000000       0x31 src/asf/xmega/drivers/spi/spi.o
 .comment       0x00000000       0x31 src/asf/xmega/drivers/tc/tc.o
 .comment       0x00000000       0x31 src/asf/xmega/drivers/usart/usart.o
 .comment       0x00000000       0x31 src/asf/xmega/drivers/wdt/wdt.o
 .comment       0x00000000       0x31 src/initialize.o
 .comment       0x00000000       0x31 src/main.o
 .comment       0x00000000       0x31 src/nrf24l01_L.o
 .comment       0x00000000       0x31 c:/program files (x86)/atmel/atmel toolchain/avr8 gcc/native/3.4.1056/avr8-gnu-toolchain/bin/../lib/gcc/avr/4.8.1/../../../../avr/lib/avrxmega7\libc.a(sprintf.o)
 .comment       0x00000030       0x2c c:/program files (x86)/atmel/atmel toolchain/avr8 gcc/native/3.4.1056/avr8-gnu-toolchain/bin/../lib/gcc/avr/4.8.1/../../../../avr/lib/avrxmega7\libc.a(vfprintf_std.o)
                                 0x2d (size before relaxing)
 .comment       0x00000000       0x31 c:/program files (x86)/atmel/atmel toolchain/avr8 gcc/native/3.4.1056/avr8-gnu-toolchain/bin/../lib/gcc/avr/4.8.1/../../../../avr/lib/avrxmega7\libc.a(fputc.o)

.note.gnu.build-id
 *(.note.gnu.build-id)

.debug
 *(.debug)

.line
 *(.line)

.debug_srcinfo
 *(.debug_srcinfo)

.debug_sfnames
 *(.debug_sfnames)

.debug_aranges  0x00000000      0x7c8
 *(.debug_aranges)
 .debug_aranges
                0x00000000       0x20 src/asf/common/boards/user_board/init.o
 .debug_aranges
                0x00000020       0xc8 src/lcd.o
 .debug_aranges
                0x000000e8       0xe0 src/Menu.o
 .debug_aranges
                0x000001c8       0x30 src/asf/common/services/clock/xmega/sysclk.o
 .debug_aranges
                0x000001f8       0x18 src/asf/common/services/sleepmgr/xmega/sleepmgr.o
 .debug_aranges
                0x00000210       0x60 src/asf/xmega/drivers/adc/adc.o
 .debug_aranges
                0x00000270       0x20 src/asf/xmega/drivers/cpu/ccp.o
 .debug_aranges
                0x00000290       0x20 src/asf/xmega/drivers/ioport/ioport.o
 .debug_aranges
                0x000002b0       0xc0 src/asf/xmega/drivers/nvm/nvm.o
 .debug_aranges
                0x00000370       0x28 src/asf/xmega/drivers/nvm/nvm_asm.o
 .debug_aranges
                0x00000398       0x20 src/asf/xmega/drivers/spi/spi.o
 .debug_aranges
                0x000003b8      0x190 src/asf/xmega/drivers/tc/tc.o
 .debug_aranges
                0x00000548       0x58 src/asf/xmega/drivers/usart/usart.o
 .debug_aranges
                0x000005a0       0x50 src/asf/xmega/drivers/wdt/wdt.o
 .debug_aranges
                0x000005f0       0x60 src/initialize.o
 .debug_aranges
                0x00000650       0x98 src/main.o
 .debug_aranges
                0x000006e8       0xe0 src/nrf24l01_L.o

.debug_pubnames
 *(.debug_pubnames)

.debug_info     0x00000000     0xc3ef
 *(.debug_info .gnu.linkonce.wi.*)
 .debug_info    0x00000000       0x9f src/asf/common/boards/user_board/init.o
 .debug_info    0x0000009f      0xd05 src/lcd.o
 .debug_info    0x00000da4      0x6c5 src/Menu.o
 .debug_info    0x00001469      0x3bb src/asf/common/services/clock/xmega/sysclk.o
 .debug_info    0x00001824      0x134 src/asf/common/services/sleepmgr/xmega/sleepmgr.o
 .debug_info    0x00001958     0x111d src/asf/xmega/drivers/adc/adc.o
 .debug_info    0x00002a75       0x87 src/asf/xmega/drivers/cpu/ccp.o
 .debug_info    0x00002afc      0x112 src/asf/xmega/drivers/ioport/ioport.o
 .debug_info    0x00002c0e     0x138c src/asf/xmega/drivers/nvm/nvm.o
 .debug_info    0x00003f9a       0x87 src/asf/xmega/drivers/nvm/nvm_asm.o
 .debug_info    0x00004021      0x1c7 src/asf/xmega/drivers/spi/spi.o
 .debug_info    0x000041e8     0x1acb src/asf/xmega/drivers/tc/tc.o
 .debug_info    0x00005cb3      0xf96 src/asf/xmega/drivers/usart/usart.o
 .debug_info    0x00006c49      0x4ef src/asf/xmega/drivers/wdt/wdt.o
 .debug_info    0x00007138     0x255a src/initialize.o
 .debug_info    0x00009692     0x1d93 src/main.o
 .debug_info    0x0000b425      0xfca src/nrf24l01_L.o

.debug_abbrev   0x00000000     0x20fa
 *(.debug_abbrev)
 .debug_abbrev  0x00000000       0x47 src/asf/common/boards/user_board/init.o
 .debug_abbrev  0x00000047      0x1d8 src/lcd.o
 .debug_abbrev  0x0000021f      0x1de src/Menu.o
 .debug_abbrev  0x000003fd      0x169 src/asf/common/services/clock/xmega/sysclk.o
 .debug_abbrev  0x00000566       0x87 src/asf/common/services/sleepmgr/xmega/sleepmgr.o
 .debug_abbrev  0x000005ed      0x34f src/asf/xmega/drivers/adc/adc.o
 .debug_abbrev  0x0000093c       0x14 src/asf/xmega/drivers/cpu/ccp.o
 .debug_abbrev  0x00000950       0x7b src/asf/xmega/drivers/ioport/ioport.o
 .debug_abbrev  0x000009cb      0x3f1 src/asf/xmega/drivers/nvm/nvm.o
 .debug_abbrev  0x00000dbc       0x12 src/asf/xmega/drivers/nvm/nvm_asm.o
 .debug_abbrev  0x00000dce       0xf6 src/asf/xmega/drivers/spi/spi.o
 .debug_abbrev  0x00000ec4      0x2ae src/asf/xmega/drivers/tc/tc.o
 .debug_abbrev  0x00001172      0x356 src/asf/xmega/drivers/usart/usart.o
 .debug_abbrev  0x000014c8      0x15d src/asf/xmega/drivers/wdt/wdt.o
 .debug_abbrev  0x00001625      0x384 src/initialize.o
 .debug_abbrev  0x000019a9      0x471 src/main.o
 .debug_abbrev  0x00001e1a      0x2e0 src/nrf24l01_L.o

.debug_line     0x00000000     0x868d
 *(.debug_line .debug_line.* .debug_line_end)
 .debug_line    0x00000000      0x3f2 src/asf/common/boards/user_board/init.o
 .debug_line    0x000003f2      0xcb1 src/lcd.o
 .debug_line    0x000010a3      0x9c8 src/Menu.o
 .debug_line    0x00001a6b      0x50e src/asf/common/services/clock/xmega/sysclk.o
 .debug_line    0x00001f79      0x430 src/asf/common/services/sleepmgr/xmega/sleepmgr.o
 .debug_line    0x000023a9      0x965 src/asf/xmega/drivers/adc/adc.o
 .debug_line    0x00002d0e       0x6e src/asf/xmega/drivers/cpu/ccp.o
 .debug_line    0x00002d7c      0x3f0 src/asf/xmega/drivers/ioport/ioport.o
 .debug_line    0x0000316c      0xbc6 src/asf/xmega/drivers/nvm/nvm.o
 .debug_line    0x00003d32      0x11f src/asf/xmega/drivers/nvm/nvm_asm.o
 .debug_line    0x00003e51      0x451 src/asf/xmega/drivers/spi/spi.o
 .debug_line    0x000042a2      0xf27 src/asf/xmega/drivers/tc/tc.o
 .debug_line    0x000051c9      0x8e6 src/asf/xmega/drivers/usart/usart.o
 .debug_line    0x00005aaf      0x547 src/asf/xmega/drivers/wdt/wdt.o
 .debug_line    0x00005ff6      0x9ee src/initialize.o
 .debug_line    0x000069e4     0x10e4 src/main.o
 .debug_line    0x00007ac8      0xbc5 src/nrf24l01_L.o

.debug_frame    0x00000000     0x20a0
 *(.debug_frame)
 .debug_frame   0x00000000       0x24 src/asf/common/boards/user_board/init.o
 .debug_frame   0x00000024      0x1f4 src/lcd.o
 .debug_frame   0x00000218      0x200 src/Menu.o
 .debug_frame   0x00000418       0x44 src/asf/common/services/clock/xmega/sysclk.o
 .debug_frame   0x0000045c      0x144 src/asf/xmega/drivers/adc/adc.o
 .debug_frame   0x000005a0       0x30 src/asf/xmega/drivers/ioport/ioport.o
 .debug_frame   0x000005d0      0x33c src/asf/xmega/drivers/nvm/nvm.o
 .debug_frame   0x0000090c       0x4c src/asf/xmega/drivers/spi/spi.o
 .debug_frame   0x00000958      0xe0c src/asf/xmega/drivers/tc/tc.o
 .debug_frame   0x00001764      0x158 src/asf/xmega/drivers/usart/usart.o
 .debug_frame   0x000018bc       0x84 src/asf/xmega/drivers/wdt/wdt.o
 .debug_frame   0x00001940      0x11c src/initialize.o
 .debug_frame   0x00001a5c      0x368 src/main.o
 .debug_frame   0x00001dc4      0x2dc src/nrf24l01_L.o

.debug_str      0x00000000    0x26593
 *(.debug_str)
 .debug_str     0x00000000    0x1ec16 src/asf/common/boards/user_board/init.o
                              0x1f1d1 (size before relaxing)
 .debug_str     0x0001ec16     0x31c3 src/lcd.o
                              0x22375 (size before relaxing)
 .debug_str     0x00021dd9      0x5e4 src/Menu.o
                              0x2228f (size before relaxing)
 .debug_str     0x000223bd      0x18c src/asf/common/services/clock/xmega/sysclk.o
                              0x1fccf (size before relaxing)
 .debug_str     0x00022549       0xb3 src/asf/common/services/sleepmgr/xmega/sleepmgr.o
                              0x1f292 (size before relaxing)
 .debug_str     0x000225fc      0x7dd src/asf/xmega/drivers/adc/adc.o
                              0x20c0d (size before relaxing)
 .debug_str     0x00022dd9       0x68 src/asf/xmega/drivers/ioport/ioport.o
                              0x1f35a (size before relaxing)
 .debug_str     0x00022e41      0x6ef src/asf/xmega/drivers/nvm/nvm.o
                              0x1f8f6 (size before relaxing)
 .debug_str     0x00023530       0xd9 src/asf/xmega/drivers/spi/spi.o
                              0x1f41c (size before relaxing)
 .debug_str     0x00023609      0x915 src/asf/xmega/drivers/tc/tc.o
                              0x20a10 (size before relaxing)
 .debug_str     0x00023f1e      0x55d src/asf/xmega/drivers/usart/usart.o
                              0x208c7 (size before relaxing)
 .debug_str     0x0002447b      0x4cf src/asf/xmega/drivers/wdt/wdt.o
                              0x1f311 (size before relaxing)
 .debug_str     0x0002494a      0xb6d src/initialize.o
                              0x235ba (size before relaxing)
 .debug_str     0x000254b7      0xeef src/main.o
                              0x239e2 (size before relaxing)
 .debug_str     0x000263a6      0x1ed src/nrf24l01_L.o
                              0x2294d (size before relaxing)

.debug_loc      0x00000000     0x72e6
 *(.debug_loc)
 .debug_loc     0x00000000      0x7a7 src/lcd.o
 .debug_loc     0x000007a7      0x16d src/Menu.o
 .debug_loc     0x00000914      0x167 src/asf/common/services/clock/xmega/sysclk.o
 .debug_loc     0x00000a7b      0x8cd src/asf/xmega/drivers/adc/adc.o
 .debug_loc     0x00001348       0x66 src/asf/xmega/drivers/ioport/ioport.o
 .debug_loc     0x000013ae     0x113c src/asf/xmega/drivers/nvm/nvm.o
 .debug_loc     0x000024ea      0x105 src/asf/xmega/drivers/spi/spi.o
 .debug_loc     0x000025ef     0x213f src/asf/xmega/drivers/tc/tc.o
 .debug_loc     0x0000472e      0xd10 src/asf/xmega/drivers/usart/usart.o
 .debug_loc     0x0000543e      0x161 src/asf/xmega/drivers/wdt/wdt.o
 .debug_loc     0x0000559f      0x291 src/initialize.o
 .debug_loc     0x00005830      0xe6c src/main.o
 .debug_loc     0x0000669c      0xc4a src/nrf24l01_L.o

.debug_macinfo
 *(.debug_macinfo)

.debug_weaknames
 *(.debug_weaknames)

.debug_funcnames
 *(.debug_funcnames)

.debug_typenames
 *(.debug_typenames)

.debug_varnames
 *(.debug_varnames)

.debug_pubtypes
 *(.debug_pubtypes)

.debug_ranges   0x00000000      0x6a8
 *(.debug_ranges)
 .debug_ranges  0x00000000       0x10 src/asf/common/boards/user_board/init.o
 .debug_ranges  0x00000010       0xb8 src/lcd.o
 .debug_ranges  0x000000c8       0xd0 src/Menu.o
 .debug_ranges  0x00000198       0x20 src/asf/common/services/clock/xmega/sysclk.o
 .debug_ranges  0x000001b8       0x50 src/asf/xmega/drivers/adc/adc.o
 .debug_ranges  0x00000208       0x10 src/asf/xmega/drivers/ioport/ioport.o
 .debug_ranges  0x00000218       0xb0 src/asf/xmega/drivers/nvm/nvm.o
 .debug_ranges  0x000002c8       0x20 src/asf/xmega/drivers/nvm/nvm_asm.o
 .debug_ranges  0x000002e8       0x10 src/asf/xmega/drivers/spi/spi.o
 .debug_ranges  0x000002f8      0x180 src/asf/xmega/drivers/tc/tc.o
 .debug_ranges  0x00000478       0x48 src/asf/xmega/drivers/usart/usart.o
 .debug_ranges  0x000004c0       0x40 src/asf/xmega/drivers/wdt/wdt.o
 .debug_ranges  0x00000500       0x50 src/initialize.o
 .debug_ranges  0x00000550       0x88 src/main.o
 .debug_ranges  0x000005d8       0xd0 src/nrf24l01_L.o

.debug_macro    0x00000000     0xad84
 *(.debug_macro)
 .debug_macro   0x00000000      0x18c src/asf/common/boards/user_board/init.o
 .debug_macro   0x0000018c      0xa60 src/asf/common/boards/user_board/init.o
 .debug_macro   0x00000bec       0x10 src/asf/common/boards/user_board/init.o
 .debug_macro   0x00000bfc      0x1ad src/asf/common/boards/user_board/init.o
 .debug_macro   0x00000da9      0x293 src/asf/common/boards/user_board/init.o
 .debug_macro   0x0000103c       0x9e src/asf/common/boards/user_board/init.o
 .debug_macro   0x000010da     0x5272 src/asf/common/boards/user_board/init.o
 .debug_macro   0x0000634c       0x9a src/asf/common/boards/user_board/init.o
 .debug_macro   0x000063e6       0xf1 src/asf/common/boards/user_board/init.o
 .debug_macro   0x000064d7       0x34 src/asf/common/boards/user_board/init.o
 .debug_macro   0x0000650b       0x10 src/asf/common/boards/user_board/init.o
 .debug_macro   0x0000651b       0x18 src/asf/common/boards/user_board/init.o
 .debug_macro   0x00006533       0x5e src/asf/common/boards/user_board/init.o
 .debug_macro   0x00006591       0x10 src/asf/common/boards/user_board/init.o
 .debug_macro   0x000065a1       0x22 src/asf/common/boards/user_board/init.o
 .debug_macro   0x000065c3      0x166 src/asf/common/boards/user_board/init.o
 .debug_macro   0x00006729       0x1c src/asf/common/boards/user_board/init.o
 .debug_macro   0x00006745       0x35 src/asf/common/boards/user_board/init.o
 .debug_macro   0x0000677a       0x66 src/asf/common/boards/user_board/init.o
 .debug_macro   0x000067e0       0x8a src/asf/common/boards/user_board/init.o
 .debug_macro   0x0000686a       0x17 src/asf/common/boards/user_board/init.o
 .debug_macro   0x00006881      0x250 src/asf/common/boards/user_board/init.o
 .debug_macro   0x00006ad1       0x76 src/asf/common/boards/user_board/init.o
 .debug_macro   0x00006b47       0x16 src/asf/common/boards/user_board/init.o
 .debug_macro   0x00006b5d      0x6de src/asf/common/boards/user_board/init.o
 .debug_macro   0x0000723b       0x10 src/asf/common/boards/user_board/init.o
 .debug_macro   0x0000724b      0x175 src/asf/common/boards/user_board/init.o
 .debug_macro   0x000073c0       0x40 src/asf/common/boards/user_board/init.o
 .debug_macro   0x00007400       0x90 src/asf/common/boards/user_board/init.o
 .debug_macro   0x00007490       0x69 src/asf/common/boards/user_board/init.o
 .debug_macro   0x000074f9       0x31 src/asf/common/boards/user_board/init.o
 .debug_macro   0x0000752a      0x142 src/asf/common/boards/user_board/init.o
 .debug_macro   0x0000766c      0x2ce src/lcd.o
 .debug_macro   0x0000793a       0x20 src/lcd.o
 .debug_macro   0x0000795a       0x5e src/lcd.o
 .debug_macro   0x000079b8       0x10 src/lcd.o
 .debug_macro   0x000079c8       0x22 src/lcd.o
 .debug_macro   0x000079ea      0x148 src/lcd.o
 .debug_macro   0x00007b32       0x64 src/lcd.o
 .debug_macro   0x00007b96       0x2f src/lcd.o
 .debug_macro   0x00007bc5       0xe6 src/lcd.o
 .debug_macro   0x00007cab       0x8f src/lcd.o
 .debug_macro   0x00007d3a       0x34 src/lcd.o
 .debug_macro   0x00007d6e      0x194 src/lcd.o
 .debug_macro   0x00007f02       0x18 src/lcd.o
 .debug_macro   0x00007f1a       0x10 src/lcd.o
 .debug_macro   0x00007f2a       0x3a src/lcd.o
 .debug_macro   0x00007f64      0x36c src/lcd.o
 .debug_macro   0x000082d0       0x58 src/lcd.o
 .debug_macro   0x00008328      0x167 src/lcd.o
 .debug_macro   0x0000848f      0x2a7 src/Menu.o
 .debug_macro   0x00008736       0x4c src/Menu.o
 .debug_macro   0x00008782      0x1ce src/asf/common/services/clock/xmega/sysclk.o
 .debug_macro   0x00008950      0x19e src/asf/common/services/sleepmgr/xmega/sleepmgr.o
 .debug_macro   0x00008aee      0x22c src/asf/xmega/drivers/adc/adc.o
 .debug_macro   0x00008d1a      0x177 src/asf/xmega/drivers/ioport/ioport.o
 .debug_macro   0x00008e91      0x18e src/asf/xmega/drivers/ioport/ioport.o
 .debug_macro   0x0000901f      0x193 src/asf/xmega/drivers/nvm/nvm.o
 .debug_macro   0x000091b2       0x26 src/asf/xmega/drivers/nvm/nvm.o
 .debug_macro   0x000091d8       0x16 src/asf/xmega/drivers/nvm/nvm.o
 .debug_macro   0x000091ee      0x185 src/asf/xmega/drivers/spi/spi.o
 .debug_macro   0x00009373      0x221 src/asf/xmega/drivers/tc/tc.o
 .debug_macro   0x00009594      0x299 src/asf/xmega/drivers/tc/tc.o
 .debug_macro   0x0000982d       0x12 src/asf/xmega/drivers/tc/tc.o
 .debug_macro   0x0000983f      0x1f4 src/asf/xmega/drivers/usart/usart.o
 .debug_macro   0x00009a33       0x34 src/asf/xmega/drivers/usart/usart.o
 .debug_macro   0x00009a67      0x17b src/asf/xmega/drivers/wdt/wdt.o
 .debug_macro   0x00009be2      0x2c7 src/initialize.o
 .debug_macro   0x00009ea9      0x366 src/initialize.o
 .debug_macro   0x0000a20f      0x32d src/main.o
 .debug_macro   0x0000a53c      0x1d1 src/main.o
 .debug_macro   0x0000a70d       0x58 src/main.o
 .debug_macro   0x0000a765       0x10 src/main.o
 .debug_macro   0x0000a775       0xeb src/main.o
 .debug_macro   0x0000a860       0x34 src/main.o
 .debug_macro   0x0000a894       0x52 src/main.o
 .debug_macro   0x0000a8e6      0x2c9 src/nrf24l01_L.o
 .debug_macro   0x0000abaf       0x10 src/nrf24l01_L.o
 .debug_macro   0x0000abbf      0x1c5 src/nrf24l01_L.o
OUTPUT(base1.elf elf32-avr)
LOAD linker stubs
